AR addsb_11_0_ba8da5a9ceeb6963 addsb_11_0_ba8da5a9ceeb6963_a C:/Users/Adithya/Desktop/Nand2tetriswork/Nand_2_Tetris_V12_Fun_31_3_2016/VGA_Keyboard_Computer_V4/keyboard_dino_computer_v12.vhd sub00/vhpl01 1459571969
AR relational_65e1e2b39e behavior C:/Users/Adithya/Desktop/Nand2tetriswork/Nand_2_Tetris_V12_Fun_31_3_2016/VGA_Keyboard_Computer_V4/keyboard_dino_computer_v12.vhd sub01/vhpl183 1459572151
EN cmlt_11_2_a41d4032b042da44 NULL C:/Users/Adithya/Desktop/Nand2tetriswork/Nand_2_Tetris_V12_Fun_31_3_2016/VGA_Keyboard_Computer_V4/keyboard_dino_computer_v12.vhd sub00/vhpl10 1459571978
EN constant_469094441c NULL C:/Users/Adithya/Desktop/Nand2tetriswork/Nand_2_Tetris_V12_Fun_31_3_2016/VGA_Keyboard_Computer_V4/keyboard_dino_computer_v12.vhd sub01/vhpl138 1459572106
AR cmlt_11_2_f2e902bf2e24e565 cmlt_11_2_f2e902bf2e24e565_a C:/Users/Adithya/Desktop/Nand2tetriswork/Nand_2_Tetris_V12_Fun_31_3_2016/VGA_Keyboard_Computer_V4/keyboard_dino_computer_v12.vhd sub00/vhpl15 1459571983
AR constant_202f0899af behavior C:/Users/Adithya/Desktop/Nand2tetriswork/Nand_2_Tetris_V12_Fun_31_3_2016/VGA_Keyboard_Computer_V4/keyboard_dino_computer_v12.vhd sub01/vhpl193 1459572161
EN constant_145086465d NULL C:/Users/Adithya/Desktop/Nand2tetriswork/Nand_2_Tetris_V12_Fun_31_3_2016/VGA_Keyboard_Computer_V4/keyboard_dino_computer_v12.vhd sub01/vhpl120 1459572088
EN nand1_entity_8527edca66 NULL C:/Users/Adithya/Desktop/Nand2tetriswork/Nand_2_Tetris_V12_Fun_31_3_2016/VGA_Keyboard_Computer_V4/keyboard_dino_computer_v12.vhd sub02/vhpl214 1459572182
AR srl17e structural C:/Users/Adithya/Desktop/Nand2tetriswork/Nand_2_Tetris_V12_Fun_31_3_2016/VGA_Keyboard_Computer_V4/keyboard_dino_computer_v12.vhd sub00/vhpl23 1459571991
EN x16_adder_entity_8faba9948c NULL C:/Users/Adithya/Desktop/Nand2tetriswork/Nand_2_Tetris_V12_Fun_31_3_2016/VGA_Keyboard_Computer_V4/keyboard_dino_computer_v12.vhd sub02/vhpl252 1459572220
EN constant_202f0899af NULL C:/Users/Adithya/Desktop/Nand2tetriswork/Nand_2_Tetris_V12_Fun_31_3_2016/VGA_Keyboard_Computer_V4/keyboard_dino_computer_v12.vhd sub01/vhpl192 1459572160
EN x16_and_entity_7d8d1ce640 NULL C:/Users/Adithya/Desktop/Nand2tetriswork/Nand_2_Tetris_V12_Fun_31_3_2016/VGA_Keyboard_Computer_V4/keyboard_dino_computer_v12.vhd sub02/vhpl218 1459572186
AR logical_80f90b97d0 behavior C:/Users/Adithya/Desktop/Nand2tetriswork/Nand_2_Tetris_V12_Fun_31_3_2016/VGA_Keyboard_Computer_V4/keyboard_dino_computer_v12.vhd sub00/vhpl77 1459572045
EN relational_16235eb2bf NULL C:/Users/Adithya/Desktop/Nand2tetriswork/Nand_2_Tetris_V12_Fun_31_3_2016/VGA_Keyboard_Computer_V4/keyboard_dino_computer_v12.vhd sub00/vhpl96 1459572064
EN bmg_72_9feca0d304d5757b NULL C:/Users/Adithya/Desktop/Nand2tetriswork/Nand_2_Tetris_V12_Fun_31_3_2016/VGA_Keyboard_Computer_V4/keyboard_dino_computer_v12.vhd sub00/vhpl06 1459571974
AR synth_reg_reg behav C:/Users/Adithya/Desktop/Nand2tetriswork/Nand_2_Tetris_V12_Fun_31_3_2016/VGA_Keyboard_Computer_V4/keyboard_dino_computer_v12.vhd sub00/vhpl27 1459571995
EN relational_4d3cfceaf4 NULL C:/Users/Adithya/Desktop/Nand2tetriswork/Nand_2_Tetris_V12_Fun_31_3_2016/VGA_Keyboard_Computer_V4/keyboard_dino_computer_v12.vhd sub01/vhpl108 1459572076
EN constant_acc9e2a12f NULL C:/Users/Adithya/Desktop/Nand2tetriswork/Nand_2_Tetris_V12_Fun_31_3_2016/VGA_Keyboard_Computer_V4/keyboard_dino_computer_v12.vhd sub01/vhpl190 1459572158
EN addsb_11_0_dc180f3097483231 NULL C:/Users/Adithya/Desktop/Nand2tetriswork/Nand_2_Tetris_V12_Fun_31_3_2016/VGA_Keyboard_Computer_V4/keyboard_dino_computer_v12.vhd sub00/vhpl02 1459571970
AR counter_8ec3f4ab23 behavior C:/Users/Adithya/Desktop/Nand2tetriswork/Nand_2_Tetris_V12_Fun_31_3_2016/VGA_Keyboard_Computer_V4/keyboard_dino_computer_v12.vhd sub00/vhpl37 1459572005
EN logical_dfe2dded7f NULL C:/Users/Adithya/Desktop/Nand2tetriswork/Nand_2_Tetris_V12_Fun_31_3_2016/VGA_Keyboard_Computer_V4/keyboard_dino_computer_v12.vhd sub00/vhpl86 1459572054
AR mux_897e616d40 behavior C:/Users/Adithya/Desktop/Nand2tetriswork/Nand_2_Tetris_V12_Fun_31_3_2016/VGA_Keyboard_Computer_V4/keyboard_dino_computer_v12.vhd sub01/vhpl115 1459572083
AR constant_19562ab42f behavior C:/Users/Adithya/Desktop/Nand2tetriswork/Nand_2_Tetris_V12_Fun_31_3_2016/VGA_Keyboard_Computer_V4/keyboard_dino_computer_v12.vhd sub01/vhpl113 1459572081
AR constant_1d6ad1c713 behavior C:/Users/Adithya/Desktop/Nand2tetriswork/Nand_2_Tetris_V12_Fun_31_3_2016/VGA_Keyboard_Computer_V4/keyboard_dino_computer_v12.vhd sub01/vhpl145 1459572113
AR relational_54048c8b02 behavior C:/Users/Adithya/Desktop/Nand2tetriswork/Nand_2_Tetris_V12_Fun_31_3_2016/VGA_Keyboard_Computer_V4/keyboard_dino_computer_v12.vhd sub00/vhpl95 1459572063
AR counter_fe1dd878cf behavior C:/Users/Adithya/Desktop/Nand2tetriswork/Nand_2_Tetris_V12_Fun_31_3_2016/VGA_Keyboard_Computer_V4/keyboard_dino_computer_v12.vhd sub01/vhpl103 1459572071
AR keyboard_driver_entity_219ad70251 structural C:/Users/Adithya/Desktop/Nand2tetriswork/Nand_2_Tetris_V12_Fun_31_3_2016/VGA_Keyboard_Computer_V4/keyboard_dino_computer_v12.vhd sub03/vhpl313 1459572281
AR in_feeder10_entity_ab0b42bce4 structural C:/Users/Adithya/Desktop/Nand2tetriswork/Nand_2_Tetris_V12_Fun_31_3_2016/VGA_Keyboard_Computer_V4/keyboard_dino_computer_v12.vhd sub02/vhpl263 1459572231
EN xlcmult_keyboard_dino_computer_v12 NULL C:/Users/Adithya/Desktop/Nand2tetriswork/Nand_2_Tetris_V12_Fun_31_3_2016/VGA_Keyboard_Computer_V4/keyboard_dino_computer_v12.vhd sub01/vhpl152 1459572120
AR mux_cde5f13da6 behavior C:/Users/Adithya/Desktop/Nand2tetriswork/Nand_2_Tetris_V12_Fun_31_3_2016/VGA_Keyboard_Computer_V4/keyboard_dino_computer_v12.vhd sub00/vhpl41 1459572009
EN concat_a0fa71d0d3 NULL C:/Users/Adithya/Desktop/Nand2tetriswork/Nand_2_Tetris_V12_Fun_31_3_2016/VGA_Keyboard_Computer_V4/keyboard_dino_computer_v12.vhd sub01/vhpl100 1459572068
AR xladdsub_keyboard_dino_computer_v12 behavior C:/Users/Adithya/Desktop/Nand2tetriswork/Nand_2_Tetris_V12_Fun_31_3_2016/VGA_Keyboard_Computer_V4/keyboard_dino_computer_v12.vhd sub00/vhpl61 1459572029
EN constant_3b201e2f77 NULL C:/Users/Adithya/Desktop/Nand2tetriswork/Nand_2_Tetris_V12_Fun_31_3_2016/VGA_Keyboard_Computer_V4/keyboard_dino_computer_v12.vhd sub01/vhpl194 1459572162
EN convert_func_call NULL C:/Users/Adithya/Desktop/Nand2tetriswork/Nand_2_Tetris_V12_Fun_31_3_2016/VGA_Keyboard_Computer_V4/keyboard_dino_computer_v12.vhd sub00/vhpl32 1459572000
AR relational_023fa67b0f behavior C:/Users/Adithya/Desktop/Nand2tetriswork/Nand_2_Tetris_V12_Fun_31_3_2016/VGA_Keyboard_Computer_V4/keyboard_dino_computer_v12.vhd sub01/vhpl185 1459572153
EN \digital_filter__ps2_c_entity_fec93e82de\ NULL C:/Users/Adithya/Desktop/Nand2tetriswork/Nand_2_Tetris_V12_Fun_31_3_2016/VGA_Keyboard_Computer_V4/keyboard_dino_computer_v12.vhd sub03/vhpl310 1459572278
AR mux_c146d55ebf behavior C:/Users/Adithya/Desktop/Nand2tetriswork/Nand_2_Tetris_V12_Fun_31_3_2016/VGA_Keyboard_Computer_V4/keyboard_dino_computer_v12.vhd sub01/vhpl173 1459572141
AR relational_c7182f92c9 behavior C:/Users/Adithya/Desktop/Nand2tetriswork/Nand_2_Tetris_V12_Fun_31_3_2016/VGA_Keyboard_Computer_V4/keyboard_dino_computer_v12.vhd sub01/vhpl147 1459572115
EN clk_80_ns_entity_35b48227f5 NULL C:/Users/Adithya/Desktop/Nand2tetriswork/Nand_2_Tetris_V12_Fun_31_3_2016/VGA_Keyboard_Computer_V4/keyboard_dino_computer_v12.vhd sub02/vhpl208 1459572176
EN relational_469cc61240 NULL C:/Users/Adithya/Desktop/Nand2tetriswork/Nand_2_Tetris_V12_Fun_31_3_2016/VGA_Keyboard_Computer_V4/keyboard_dino_computer_v12.vhd sub01/vhpl180 1459572148
EN subsystem1_entity_a1cba87a2f NULL C:/Users/Adithya/Desktop/Nand2tetriswork/Nand_2_Tetris_V12_Fun_31_3_2016/VGA_Keyboard_Computer_V4/keyboard_dino_computer_v12.vhd sub02/vhpl278 1459572246
EN relational_2147430058 NULL C:/Users/Adithya/Desktop/Nand2tetriswork/Nand_2_Tetris_V12_Fun_31_3_2016/VGA_Keyboard_Computer_V4/keyboard_dino_computer_v12.vhd sub01/vhpl176 1459572144
AR logical_aacf6e1b0e behavior C:/Users/Adithya/Desktop/Nand2tetriswork/Nand_2_Tetris_V12_Fun_31_3_2016/VGA_Keyboard_Computer_V4/keyboard_dino_computer_v12.vhd sub00/vhpl93 1459572061
AR x1_1_2_demux_entity_a9aa2ad98c structural C:/Users/Adithya/Desktop/Nand2tetriswork/Nand_2_Tetris_V12_Fun_31_3_2016/VGA_Keyboard_Computer_V4/keyboard_dino_computer_v12.vhd sub02/vhpl275 1459572243
AR cntr_11_0_a80ae8f33755e346 cntr_11_0_a80ae8f33755e346_a C:/Users/Adithya/Desktop/Nand2tetriswork/Nand_2_Tetris_V12_Fun_31_3_2016/VGA_Keyboard_Computer_V4/keyboard_dino_computer_v12.vhd sub03/vhpl331 1459571985
AR computer_entity_423aa40c4b structural C:/Users/Adithya/Desktop/Nand2tetriswork/Nand_2_Tetris_V12_Fun_31_3_2016/VGA_Keyboard_Computer_V4/keyboard_dino_computer_v12.vhd sub02/vhpl297 1459572265
EN x16_not_entity_d993077086 NULL C:/Users/Adithya/Desktop/Nand2tetriswork/Nand_2_Tetris_V12_Fun_31_3_2016/VGA_Keyboard_Computer_V4/keyboard_dino_computer_v12.vhd sub02/vhpl224 1459572192
AR synth_reg structural C:/Users/Adithya/Desktop/Nand2tetriswork/Nand_2_Tetris_V12_Fun_31_3_2016/VGA_Keyboard_Computer_V4/keyboard_dino_computer_v12.vhd sub00/vhpl25 1459571993
EN subsystem_entity_fbfb18b3d7 NULL C:/Users/Adithya/Desktop/Nand2tetriswork/Nand_2_Tetris_V12_Fun_31_3_2016/VGA_Keyboard_Computer_V4/keyboard_dino_computer_v12.vhd sub02/vhpl276 1459572244
AR relational_16235eb2bf behavior C:/Users/Adithya/Desktop/Nand2tetriswork/Nand_2_Tetris_V12_Fun_31_3_2016/VGA_Keyboard_Computer_V4/keyboard_dino_computer_v12.vhd sub00/vhpl97 1459572065
AR constant_a629aefb53 behavior C:/Users/Adithya/Desktop/Nand2tetriswork/Nand_2_Tetris_V12_Fun_31_3_2016/VGA_Keyboard_Computer_V4/keyboard_dino_computer_v12.vhd sub01/vhpl123 1459572091
AR constant_3af61a22d9 behavior C:/Users/Adithya/Desktop/Nand2tetriswork/Nand_2_Tetris_V12_Fun_31_3_2016/VGA_Keyboard_Computer_V4/keyboard_dino_computer_v12.vhd sub01/vhpl129 1459572097
AR x16_2_1_mux_entity_558af82336 structural C:/Users/Adithya/Desktop/Nand2tetriswork/Nand_2_Tetris_V12_Fun_31_3_2016/VGA_Keyboard_Computer_V4/keyboard_dino_computer_v12.vhd sub02/vhpl285 1459572253
AR constant_498bc68c14 behavior C:/Users/Adithya/Desktop/Nand2tetriswork/Nand_2_Tetris_V12_Fun_31_3_2016/VGA_Keyboard_Computer_V4/keyboard_dino_computer_v12.vhd sub00/vhpl63 1459572031
EN constant_91ef1678ca NULL C:/Users/Adithya/Desktop/Nand2tetriswork/Nand_2_Tetris_V12_Fun_31_3_2016/VGA_Keyboard_Computer_V4/keyboard_dino_computer_v12.vhd sub00/vhpl98 1459572066
AR x16_and1_entity_678c19c187 structural C:/Users/Adithya/Desktop/Nand2tetriswork/Nand_2_Tetris_V12_Fun_31_3_2016/VGA_Keyboard_Computer_V4/keyboard_dino_computer_v12.vhd sub02/vhpl221 1459572189
EN x8_register_entity_c6b1802f67 NULL C:/Users/Adithya/Desktop/Nand2tetriswork/Nand_2_Tetris_V12_Fun_31_3_2016/VGA_Keyboard_Computer_V4/keyboard_dino_computer_v12.vhd sub02/vhpl232 1459572200
AR concat_a0fa71d0d3 behavior C:/Users/Adithya/Desktop/Nand2tetriswork/Nand_2_Tetris_V12_Fun_31_3_2016/VGA_Keyboard_Computer_V4/keyboard_dino_computer_v12.vhd sub01/vhpl101 1459572069
AR constant_566137e191 behavior C:/Users/Adithya/Desktop/Nand2tetriswork/Nand_2_Tetris_V12_Fun_31_3_2016/VGA_Keyboard_Computer_V4/keyboard_dino_computer_v12.vhd sub00/vhpl91 1459572059
AR convert_func_call behavior C:/Users/Adithya/Desktop/Nand2tetriswork/Nand_2_Tetris_V12_Fun_31_3_2016/VGA_Keyboard_Computer_V4/keyboard_dino_computer_v12.vhd sub00/vhpl33 1459572001
AR constant_c9d627f634 behavior C:/Users/Adithya/Desktop/Nand2tetriswork/Nand_2_Tetris_V12_Fun_31_3_2016/VGA_Keyboard_Computer_V4/keyboard_dino_computer_v12.vhd sub01/vhpl161 1459572129
EN relational_96bdb515d9 NULL C:/Users/Adithya/Desktop/Nand2tetriswork/Nand_2_Tetris_V12_Fun_31_3_2016/VGA_Keyboard_Computer_V4/keyboard_dino_computer_v12.vhd sub00/vhpl80 1459572048
EN constant_3af61a22d9 NULL C:/Users/Adithya/Desktop/Nand2tetriswork/Nand_2_Tetris_V12_Fun_31_3_2016/VGA_Keyboard_Computer_V4/keyboard_dino_computer_v12.vhd sub01/vhpl128 1459572096
EN mux_cde5f13da6 NULL C:/Users/Adithya/Desktop/Nand2tetriswork/Nand_2_Tetris_V12_Fun_31_3_2016/VGA_Keyboard_Computer_V4/keyboard_dino_computer_v12.vhd sub00/vhpl40 1459572008
AR constant_c3074fb6dc behavior C:/Users/Adithya/Desktop/Nand2tetriswork/Nand_2_Tetris_V12_Fun_31_3_2016/VGA_Keyboard_Computer_V4/keyboard_dino_computer_v12.vhd sub01/vhpl127 1459572095
EN constant_5ca7b209b4 NULL C:/Users/Adithya/Desktop/Nand2tetriswork/Nand_2_Tetris_V12_Fun_31_3_2016/VGA_Keyboard_Computer_V4/keyboard_dino_computer_v12.vhd sub01/vhpl196 1459572164
EN constant_36270b4c8f NULL C:/Users/Adithya/Desktop/Nand2tetriswork/Nand_2_Tetris_V12_Fun_31_3_2016/VGA_Keyboard_Computer_V4/keyboard_dino_computer_v12.vhd sub01/vhpl158 1459572126
AR constant_c0ce4ae10c behavior C:/Users/Adithya/Desktop/Nand2tetriswork/Nand_2_Tetris_V12_Fun_31_3_2016/VGA_Keyboard_Computer_V4/keyboard_dino_computer_v12.vhd sub01/vhpl107 1459572075
EN x16_and1_entity_464f128a6a NULL C:/Users/Adithya/Desktop/Nand2tetriswork/Nand_2_Tetris_V12_Fun_31_3_2016/VGA_Keyboard_Computer_V4/keyboard_dino_computer_v12.vhd sub02/vhpl238 1459572206
EN concat_32afb77cd2 NULL C:/Users/Adithya/Desktop/Nand2tetriswork/Nand_2_Tetris_V12_Fun_31_3_2016/VGA_Keyboard_Computer_V4/keyboard_dino_computer_v12.vhd sub01/vhpl110 1459572078
AR constant_f488b54643 behavior C:/Users/Adithya/Desktop/Nand2tetriswork/Nand_2_Tetris_V12_Fun_31_3_2016/VGA_Keyboard_Computer_V4/keyboard_dino_computer_v12.vhd sub01/vhpl163 1459572131
AR full_adder_entity_2dcec756db structural C:/Users/Adithya/Desktop/Nand2tetriswork/Nand_2_Tetris_V12_Fun_31_3_2016/VGA_Keyboard_Computer_V4/keyboard_dino_computer_v12.vhd sub02/vhpl247 1459572215
EN default_clock_driver_keyboard_dino_computer_v12 NULL C:/Users/Adithya/Desktop/Nand2tetriswork/Nand_2_Tetris_V12_Fun_31_3_2016/VGA_Keyboard_Computer_V4/keyboard_dino_computer_v12_cw.vhd sub03/vhpl326 1459572294
AR x16_not_entity_ea96ce0060 structural C:/Users/Adithya/Desktop/Nand2tetriswork/Nand_2_Tetris_V12_Fun_31_3_2016/VGA_Keyboard_Computer_V4/keyboard_dino_computer_v12.vhd sub02/vhpl255 1459572223
EN concat_09e13b86e0 NULL C:/Users/Adithya/Desktop/Nand2tetriswork/Nand_2_Tetris_V12_Fun_31_3_2016/VGA_Keyboard_Computer_V4/keyboard_dino_computer_v12.vhd sub01/vhpl154 1459572122
EN constant_fac28d1ec7 NULL C:/Users/Adithya/Desktop/Nand2tetriswork/Nand_2_Tetris_V12_Fun_31_3_2016/VGA_Keyboard_Computer_V4/keyboard_dino_computer_v12.vhd sub01/vhpl130 1459572098
EN xor_entity_e86b1d8e23 NULL C:/Users/Adithya/Desktop/Nand2tetriswork/Nand_2_Tetris_V12_Fun_31_3_2016/VGA_Keyboard_Computer_V4/keyboard_dino_computer_v12.vhd sub02/vhpl244 1459572212
AR load_decoder_entity_5a96e0288f structural C:/Users/Adithya/Desktop/Nand2tetriswork/Nand_2_Tetris_V12_Fun_31_3_2016/VGA_Keyboard_Computer_V4/keyboard_dino_computer_v12.vhd sub02/vhpl283 1459572251
AR relational_5590718669 behavior C:/Users/Adithya/Desktop/Nand2tetriswork/Nand_2_Tetris_V12_Fun_31_3_2016/VGA_Keyboard_Computer_V4/keyboard_dino_computer_v12.vhd sub01/vhpl151 1459572119
EN xldpram_dist_keyboard_dino_computer_v12 NULL C:/Users/Adithya/Desktop/Nand2tetriswork/Nand_2_Tetris_V12_Fun_31_3_2016/VGA_Keyboard_Computer_V4/keyboard_dino_computer_v12.vhd sub00/vhpl72 1459572040
AR relational_6dfa374756 behavior C:/Users/Adithya/Desktop/Nand2tetriswork/Nand_2_Tetris_V12_Fun_31_3_2016/VGA_Keyboard_Computer_V4/keyboard_dino_computer_v12.vhd sub01/vhpl179 1459572147
EN load_decoder_entity_5a96e0288f NULL C:/Users/Adithya/Desktop/Nand2tetriswork/Nand_2_Tetris_V12_Fun_31_3_2016/VGA_Keyboard_Computer_V4/keyboard_dino_computer_v12.vhd sub02/vhpl282 1459572250
AR subsystem_entity_fbfb18b3d7 structural C:/Users/Adithya/Desktop/Nand2tetriswork/Nand_2_Tetris_V12_Fun_31_3_2016/VGA_Keyboard_Computer_V4/keyboard_dino_computer_v12.vhd sub02/vhpl277 1459572245
AR or_8_way_entity_bcf741cbd1 structural C:/Users/Adithya/Desktop/Nand2tetriswork/Nand_2_Tetris_V12_Fun_31_3_2016/VGA_Keyboard_Computer_V4/keyboard_dino_computer_v12.vhd sub02/vhpl257 1459572225
EN incrementer_entity_1bbcc7e63c NULL C:/Users/Adithya/Desktop/Nand2tetriswork/Nand_2_Tetris_V12_Fun_31_3_2016/VGA_Keyboard_Computer_V4/keyboard_dino_computer_v12.vhd sub02/vhpl290 1459572258
AR bmg_72_9feca0d304d5757b bmg_72_9feca0d304d5757b_a C:/Users/Adithya/Desktop/Nand2tetriswork/Nand_2_Tetris_V12_Fun_31_3_2016/VGA_Keyboard_Computer_V4/keyboard_dino_computer_v12.vhd sub00/vhpl07 1459571975
EN x1_1_2_demux2_entity_3ab8e156cd NULL C:/Users/Adithya/Desktop/Nand2tetriswork/Nand_2_Tetris_V12_Fun_31_3_2016/VGA_Keyboard_Computer_V4/keyboard_dino_computer_v12.vhd sub02/vhpl272 1459572240
AR constant_4b543782ed behavior C:/Users/Adithya/Desktop/Nand2tetriswork/Nand_2_Tetris_V12_Fun_31_3_2016/VGA_Keyboard_Computer_V4/keyboard_dino_computer_v12.vhd sub01/vhpl189 1459572157
EN mux_f9c0f11a18 NULL C:/Users/Adithya/Desktop/Nand2tetriswork/Nand_2_Tetris_V12_Fun_31_3_2016/VGA_Keyboard_Computer_V4/keyboard_dino_computer_v12.vhd sub01/vhpl174 1459572142
EN constant_c0ce4ae10c NULL C:/Users/Adithya/Desktop/Nand2tetriswork/Nand_2_Tetris_V12_Fun_31_3_2016/VGA_Keyboard_Computer_V4/keyboard_dino_computer_v12.vhd sub01/vhpl106 1459572074
AR dmg_72_486d14eecadccd6c dmg_72_486d14eecadccd6c_a C:/Users/Adithya/Desktop/Nand2tetriswork/Nand_2_Tetris_V12_Fun_31_3_2016/VGA_Keyboard_Computer_V4/keyboard_dino_computer_v12.vhd sub00/vhpl19 1459571987
AR cmlt_11_2_a41d4032b042da44 cmlt_11_2_a41d4032b042da44_a C:/Users/Adithya/Desktop/Nand2tetriswork/Nand_2_Tetris_V12_Fun_31_3_2016/VGA_Keyboard_Computer_V4/keyboard_dino_computer_v12.vhd sub00/vhpl11 1459571979
EN constant_e8ddc079e9 NULL C:/Users/Adithya/Desktop/Nand2tetriswork/Nand_2_Tetris_V12_Fun_31_3_2016/VGA_Keyboard_Computer_V4/keyboard_dino_computer_v12.vhd sub01/vhpl134 1459572102
EN synth_reg NULL C:/Users/Adithya/Desktop/Nand2tetriswork/Nand_2_Tetris_V12_Fun_31_3_2016/VGA_Keyboard_Computer_V4/keyboard_dino_computer_v12.vhd sub00/vhpl24 1459571992
AR x16_and_entity_7d8d1ce640 structural C:/Users/Adithya/Desktop/Nand2tetriswork/Nand_2_Tetris_V12_Fun_31_3_2016/VGA_Keyboard_Computer_V4/keyboard_dino_computer_v12.vhd sub02/vhpl219 1459572187
AR x16_4_1_mux_entity_c8fcfba311 structural C:/Users/Adithya/Desktop/Nand2tetriswork/Nand_2_Tetris_V12_Fun_31_3_2016/VGA_Keyboard_Computer_V4/keyboard_dino_computer_v12.vhd sub02/vhpl287 1459572255
AR \serial_parallel__11_bit_entity_06b1e3f5f6\ structural C:/Users/Adithya/Desktop/Nand2tetriswork/Nand_2_Tetris_V12_Fun_31_3_2016/VGA_Keyboard_Computer_V4/keyboard_dino_computer_v12.vhd sub03/vhpl307 1459572275
AR nand1_entity_8527edca66 structural C:/Users/Adithya/Desktop/Nand2tetriswork/Nand_2_Tetris_V12_Fun_31_3_2016/VGA_Keyboard_Computer_V4/keyboard_dino_computer_v12.vhd sub02/vhpl215 1459572183
AR neg_edge_detector_entity_dd90f67520 structural C:/Users/Adithya/Desktop/Nand2tetriswork/Nand_2_Tetris_V12_Fun_31_3_2016/VGA_Keyboard_Computer_V4/keyboard_dino_computer_v12.vhd sub02/vhpl299 1459572267
EN x1_1_2_demux_entity_a9aa2ad98c NULL C:/Users/Adithya/Desktop/Nand2tetriswork/Nand_2_Tetris_V12_Fun_31_3_2016/VGA_Keyboard_Computer_V4/keyboard_dino_computer_v12.vhd sub02/vhpl274 1459572242
EN logical_954ee29728 NULL C:/Users/Adithya/Desktop/Nand2tetriswork/Nand_2_Tetris_V12_Fun_31_3_2016/VGA_Keyboard_Computer_V4/keyboard_dino_computer_v12.vhd sub01/vhpl170 1459572138
AR x16_not_entity_d993077086 structural C:/Users/Adithya/Desktop/Nand2tetriswork/Nand_2_Tetris_V12_Fun_31_3_2016/VGA_Keyboard_Computer_V4/keyboard_dino_computer_v12.vhd sub02/vhpl225 1459572193
EN xldelay NULL C:/Users/Adithya/Desktop/Nand2tetriswork/Nand_2_Tetris_V12_Fun_31_3_2016/VGA_Keyboard_Computer_V4/keyboard_dino_computer_v12.vhd sub00/vhpl52 1459572020
AR logical_954ee29728 behavior C:/Users/Adithya/Desktop/Nand2tetriswork/Nand_2_Tetris_V12_Fun_31_3_2016/VGA_Keyboard_Computer_V4/keyboard_dino_computer_v12.vhd sub01/vhpl171 1459572139
AR counter_e54d511037 behavior C:/Users/Adithya/Desktop/Nand2tetriswork/Nand_2_Tetris_V12_Fun_31_3_2016/VGA_Keyboard_Computer_V4/keyboard_dino_computer_v12.vhd sub02/vhpl201 1459572169
EN cntr_11_0_a80ae8f33755e346 NULL C:/Users/Adithya/Desktop/Nand2tetriswork/Nand_2_Tetris_V12_Fun_31_3_2016/VGA_Keyboard_Computer_V4/keyboard_dino_computer_v12.vhd sub03/vhpl330 1459571984
EN full_adder_entity_2dcec756db NULL C:/Users/Adithya/Desktop/Nand2tetriswork/Nand_2_Tetris_V12_Fun_31_3_2016/VGA_Keyboard_Computer_V4/keyboard_dino_computer_v12.vhd sub02/vhpl246 1459572214
AR xlcounter_free_keyboard_dino_computer_v12 behavior C:/Users/Adithya/Desktop/Nand2tetriswork/Nand_2_Tetris_V12_Fun_31_3_2016/VGA_Keyboard_Computer_V4/keyboard_dino_computer_v12.vhd sub02/vhpl205 1459572173
AR constant_263f209841 behavior C:/Users/Adithya/Desktop/Nand2tetriswork/Nand_2_Tetris_V12_Fun_31_3_2016/VGA_Keyboard_Computer_V4/keyboard_dino_computer_v12.vhd sub01/vhpl143 1459572111
EN relational_7a7af7b80d NULL C:/Users/Adithya/Desktop/Nand2tetriswork/Nand_2_Tetris_V12_Fun_31_3_2016/VGA_Keyboard_Computer_V4/keyboard_dino_computer_v12.vhd sub00/vhpl82 1459572050
EN x3_and_entity_1dfa6afb1a NULL C:/Users/Adithya/Desktop/Nand2tetriswork/Nand_2_Tetris_V12_Fun_31_3_2016/VGA_Keyboard_Computer_V4/keyboard_dino_computer_v12.vhd sub02/vhpl264 1459572232
EN counter_8ec3f4ab23 NULL C:/Users/Adithya/Desktop/Nand2tetriswork/Nand_2_Tetris_V12_Fun_31_3_2016/VGA_Keyboard_Computer_V4/keyboard_dino_computer_v12.vhd sub00/vhpl36 1459572004
EN logical_bde51e424d NULL C:/Users/Adithya/Desktop/Nand2tetriswork/Nand_2_Tetris_V12_Fun_31_3_2016/VGA_Keyboard_Computer_V4/keyboard_dino_computer_v12.vhd sub00/vhpl42 1459572010
AR x3_and_entity_1dfa6afb1a structural C:/Users/Adithya/Desktop/Nand2tetriswork/Nand_2_Tetris_V12_Fun_31_3_2016/VGA_Keyboard_Computer_V4/keyboard_dino_computer_v12.vhd sub02/vhpl265 1459572233
AR constant_9f5572ba51 behavior C:/Users/Adithya/Desktop/Nand2tetriswork/Nand_2_Tetris_V12_Fun_31_3_2016/VGA_Keyboard_Computer_V4/keyboard_dino_computer_v12.vhd sub00/vhpl65 1459572033
AR xlconvert behavior C:/Users/Adithya/Desktop/Nand2tetriswork/Nand_2_Tetris_V12_Fun_31_3_2016/VGA_Keyboard_Computer_V4/keyboard_dino_computer_v12.vhd sub00/vhpl35 1459572003
EN synth_reg_w_init NULL C:/Users/Adithya/Desktop/Nand2tetriswork/Nand_2_Tetris_V12_Fun_31_3_2016/VGA_Keyboard_Computer_V4/keyboard_dino_computer_v12.vhd sub00/vhpl30 1459571998
AR constant_6293007044 behavior C:/Users/Adithya/Desktop/Nand2tetriswork/Nand_2_Tetris_V12_Fun_31_3_2016/VGA_Keyboard_Computer_V4/keyboard_dino_computer_v12.vhd sub00/vhpl51 1459572019
AR alu1_entity_24dcba9862 structural C:/Users/Adithya/Desktop/Nand2tetriswork/Nand_2_Tetris_V12_Fun_31_3_2016/VGA_Keyboard_Computer_V4/keyboard_dino_computer_v12.vhd sub02/vhpl259 1459572227
AR constant_acc9e2a12f behavior C:/Users/Adithya/Desktop/Nand2tetriswork/Nand_2_Tetris_V12_Fun_31_3_2016/VGA_Keyboard_Computer_V4/keyboard_dino_computer_v12.vhd sub01/vhpl191 1459572159
AR constant_c462ec0feb behavior C:/Users/Adithya/Desktop/Nand2tetriswork/Nand_2_Tetris_V12_Fun_31_3_2016/VGA_Keyboard_Computer_V4/keyboard_dino_computer_v12.vhd sub00/vhpl71 1459572039
AR \data_sampler__ps2_d_entity_39e06fa12d\ structural C:/Users/Adithya/Desktop/Nand2tetriswork/Nand_2_Tetris_V12_Fun_31_3_2016/VGA_Keyboard_Computer_V4/keyboard_dino_computer_v12.vhd sub03/vhpl309 1459572277
EN relational_5590718669 NULL C:/Users/Adithya/Desktop/Nand2tetriswork/Nand_2_Tetris_V12_Fun_31_3_2016/VGA_Keyboard_Computer_V4/keyboard_dino_computer_v12.vhd sub01/vhpl150 1459572118
AR xls2p synth_behavioral C:/Users/Adithya/Desktop/Nand2tetriswork/Nand_2_Tetris_V12_Fun_31_3_2016/VGA_Keyboard_Computer_V4/keyboard_dino_computer_v12.vhd sub01/vhpl119 1459572087
AR xlcmult_keyboard_dino_computer_v12 behavior C:/Users/Adithya/Desktop/Nand2tetriswork/Nand_2_Tetris_V12_Fun_31_3_2016/VGA_Keyboard_Computer_V4/keyboard_dino_computer_v12.vhd sub01/vhpl153 1459572121
EN constant_263f209841 NULL C:/Users/Adithya/Desktop/Nand2tetriswork/Nand_2_Tetris_V12_Fun_31_3_2016/VGA_Keyboard_Computer_V4/keyboard_dino_computer_v12.vhd sub01/vhpl142 1459572110
AR constant_5c1626e05e behavior C:/Users/Adithya/Desktop/Nand2tetriswork/Nand_2_Tetris_V12_Fun_31_3_2016/VGA_Keyboard_Computer_V4/keyboard_dino_computer_v12.vhd sub01/vhpl125 1459572093
EN cntr_11_0_fb58489a74a090c4 NULL C:/Users/Adithya/Desktop/Nand2tetriswork/Nand_2_Tetris_V12_Fun_31_3_2016/VGA_Keyboard_Computer_V4/keyboard_dino_computer_v12.vhd sub00/vhpl16 1459503662
AR constant_4e64dfaf34 behavior C:/Users/Adithya/Desktop/Nand2tetriswork/Nand_2_Tetris_V12_Fun_31_3_2016/VGA_Keyboard_Computer_V4/keyboard_dino_computer_v12.vhd sub01/vhpl141 1459572109
PB conv_pkg conv_pkg C:/Users/Adithya/Desktop/Nand2tetriswork/Nand_2_Tetris_V12_Fun_31_3_2016/VGA_Keyboard_Computer_V4/keyboard_dino_computer_v12.vhd sub00/vhpl21 1459571989
AR constant_b8111c12bb behavior C:/Users/Adithya/Desktop/Nand2tetriswork/Nand_2_Tetris_V12_Fun_31_3_2016/VGA_Keyboard_Computer_V4/keyboard_dino_computer_v12.vhd sub01/vhpl167 1459572135
AR constant_5f7a25b1ee behavior C:/Users/Adithya/Desktop/Nand2tetriswork/Nand_2_Tetris_V12_Fun_31_3_2016/VGA_Keyboard_Computer_V4/keyboard_dino_computer_v12.vhd sub00/vhpl69 1459572037
EN logic_entity_bda62ec9e3 NULL C:/Users/Adithya/Desktop/Nand2tetriswork/Nand_2_Tetris_V12_Fun_31_3_2016/VGA_Keyboard_Computer_V4/keyboard_dino_computer_v12.vhd sub02/vhpl268 1459572236
AR delay_f15aea770d behavior C:/Users/Adithya/Desktop/Nand2tetriswork/Nand_2_Tetris_V12_Fun_31_3_2016/VGA_Keyboard_Computer_V4/keyboard_dino_computer_v12.vhd sub00/vhpl57 1459572025
AR x1_1_2_demux2_entity_3ab8e156cd structural C:/Users/Adithya/Desktop/Nand2tetriswork/Nand_2_Tetris_V12_Fun_31_3_2016/VGA_Keyboard_Computer_V4/keyboard_dino_computer_v12.vhd sub02/vhpl273 1459572241
EN relational_023fa67b0f NULL C:/Users/Adithya/Desktop/Nand2tetriswork/Nand_2_Tetris_V12_Fun_31_3_2016/VGA_Keyboard_Computer_V4/keyboard_dino_computer_v12.vhd sub01/vhpl184 1459572152
EN x16_4_1_mux_entity_c8fcfba311 NULL C:/Users/Adithya/Desktop/Nand2tetriswork/Nand_2_Tetris_V12_Fun_31_3_2016/VGA_Keyboard_Computer_V4/keyboard_dino_computer_v12.vhd sub02/vhpl286 1459572254
AR constant_e25c15316f behavior C:/Users/Adithya/Desktop/Nand2tetriswork/Nand_2_Tetris_V12_Fun_31_3_2016/VGA_Keyboard_Computer_V4/keyboard_dino_computer_v12.vhd sub01/vhpl157 1459572125
EN alu1_entity_24dcba9862 NULL C:/Users/Adithya/Desktop/Nand2tetriswork/Nand_2_Tetris_V12_Fun_31_3_2016/VGA_Keyboard_Computer_V4/keyboard_dino_computer_v12.vhd sub02/vhpl258 1459572226
AR keyboard_dino_computer_v12 structural C:/Users/Adithya/Desktop/Nand2tetriswork/Nand_2_Tetris_V12_Fun_31_3_2016/VGA_Keyboard_Computer_V4/keyboard_dino_computer_v12.vhd sub03/vhpl323 1459572291
AR addsb_11_0_dc180f3097483231 addsb_11_0_dc180f3097483231_a C:/Users/Adithya/Desktop/Nand2tetriswork/Nand_2_Tetris_V12_Fun_31_3_2016/VGA_Keyboard_Computer_V4/keyboard_dino_computer_v12.vhd sub00/vhpl03 1459571971
EN full_adder14_entity_cb5f3fd809 NULL C:/Users/Adithya/Desktop/Nand2tetriswork/Nand_2_Tetris_V12_Fun_31_3_2016/VGA_Keyboard_Computer_V4/keyboard_dino_computer_v12.vhd sub02/vhpl248 1459572216
AR x16_4_1_mux1_entity_4bdea7359e structural C:/Users/Adithya/Desktop/Nand2tetriswork/Nand_2_Tetris_V12_Fun_31_3_2016/VGA_Keyboard_Computer_V4/keyboard_dino_computer_v12.vhd sub02/vhpl243 1459572211
AR concat_32afb77cd2 behavior C:/Users/Adithya/Desktop/Nand2tetriswork/Nand_2_Tetris_V12_Fun_31_3_2016/VGA_Keyboard_Computer_V4/keyboard_dino_computer_v12.vhd sub01/vhpl111 1459572079
EN xldpram_keyboard_dino_computer_v12 NULL C:/Users/Adithya/Desktop/Nand2tetriswork/Nand_2_Tetris_V12_Fun_31_3_2016/VGA_Keyboard_Computer_V4/keyboard_dino_computer_v12.vhd sub00/vhpl74 1459572042
AR cpu_entity_010c49f8f4 structural C:/Users/Adithya/Desktop/Nand2tetriswork/Nand_2_Tetris_V12_Fun_31_3_2016/VGA_Keyboard_Computer_V4/keyboard_dino_computer_v12.vhd sub02/vhpl295 1459572263
EN constant_19562ab42f NULL C:/Users/Adithya/Desktop/Nand2tetriswork/Nand_2_Tetris_V12_Fun_31_3_2016/VGA_Keyboard_Computer_V4/keyboard_dino_computer_v12.vhd sub01/vhpl112 1459572080
EN dmg_72_486d14eecadccd6c NULL C:/Users/Adithya/Desktop/Nand2tetriswork/Nand_2_Tetris_V12_Fun_31_3_2016/VGA_Keyboard_Computer_V4/keyboard_dino_computer_v12.vhd sub00/vhpl18 1459571986
EN nand_entity_00c8ebf63f NULL C:/Users/Adithya/Desktop/Nand2tetriswork/Nand_2_Tetris_V12_Fun_31_3_2016/VGA_Keyboard_Computer_V4/keyboard_dino_computer_v12.vhd sub02/vhpl212 1459572180
AR in_feeder1_entity_0e86ed550a structural C:/Users/Adithya/Desktop/Nand2tetriswork/Nand_2_Tetris_V12_Fun_31_3_2016/VGA_Keyboard_Computer_V4/keyboard_dino_computer_v12.vhd sub03/vhpl317 1459572285
AR xlusamp struct C:/Users/Adithya/Desktop/Nand2tetriswork/Nand_2_Tetris_V12_Fun_31_3_2016/VGA_Keyboard_Computer_V4/keyboard_dino_computer_v12.vhd sub00/vhpl39 1459572007
EN xlslice NULL C:/Users/Adithya/Desktop/Nand2tetriswork/Nand_2_Tetris_V12_Fun_31_3_2016/VGA_Keyboard_Computer_V4/keyboard_dino_computer_v12.vhd sub00/vhpl48 1459572016
EN relational_54048c8b02 NULL C:/Users/Adithya/Desktop/Nand2tetriswork/Nand_2_Tetris_V12_Fun_31_3_2016/VGA_Keyboard_Computer_V4/keyboard_dino_computer_v12.vhd sub00/vhpl94 1459572062
EN \data_sampler__ps2_d_entity_39e06fa12d\ NULL C:/Users/Adithya/Desktop/Nand2tetriswork/Nand_2_Tetris_V12_Fun_31_3_2016/VGA_Keyboard_Computer_V4/keyboard_dino_computer_v12.vhd sub03/vhpl308 1459572276
EN constant_b8111c12bb NULL C:/Users/Adithya/Desktop/Nand2tetriswork/Nand_2_Tetris_V12_Fun_31_3_2016/VGA_Keyboard_Computer_V4/keyboard_dino_computer_v12.vhd sub01/vhpl166 1459572134
EN keyboard_dino_computer_v12 NULL C:/Users/Adithya/Desktop/Nand2tetriswork/Nand_2_Tetris_V12_Fun_31_3_2016/VGA_Keyboard_Computer_V4/keyboard_dino_computer_v12.vhd sub03/vhpl322 1459572290
EN \serial_parallel__11_bit_entity_06b1e3f5f6\ NULL C:/Users/Adithya/Desktop/Nand2tetriswork/Nand_2_Tetris_V12_Fun_31_3_2016/VGA_Keyboard_Computer_V4/keyboard_dino_computer_v12.vhd sub03/vhpl306 1459572274
AR constant_963ed6358a behavior C:/Users/Adithya/Desktop/Nand2tetriswork/Nand_2_Tetris_V12_Fun_31_3_2016/VGA_Keyboard_Computer_V4/keyboard_dino_computer_v12.vhd sub00/vhpl47 1459572015
EN xlclockdriver NULL C:/Users/Adithya/Desktop/Nand2tetriswork/Nand_2_Tetris_V12_Fun_31_3_2016/VGA_Keyboard_Computer_V4/keyboard_dino_computer_v12_cw.vhd sub03/vhpl324 1459572292
AR decoder_entity_583a0717df structural C:/Users/Adithya/Desktop/Nand2tetriswork/Nand_2_Tetris_V12_Fun_31_3_2016/VGA_Keyboard_Computer_V4/keyboard_dino_computer_v12.vhd sub02/vhpl289 1459572257
AR xldpram_keyboard_dino_computer_v12 behavior C:/Users/Adithya/Desktop/Nand2tetriswork/Nand_2_Tetris_V12_Fun_31_3_2016/VGA_Keyboard_Computer_V4/keyboard_dino_computer_v12.vhd sub00/vhpl75 1459572043
EN counter_fe1dd878cf NULL C:/Users/Adithya/Desktop/Nand2tetriswork/Nand_2_Tetris_V12_Fun_31_3_2016/VGA_Keyboard_Computer_V4/keyboard_dino_computer_v12.vhd sub01/vhpl102 1459572070
EN x8_and_entity_f888b1471d NULL C:/Users/Adithya/Desktop/Nand2tetriswork/Nand_2_Tetris_V12_Fun_31_3_2016/VGA_Keyboard_Computer_V4/keyboard_dino_computer_v12.vhd sub03/vhpl314 1459572282
AR \pos_edge_detector__en_entity_24d070df10\ structural C:/Users/Adithya/Desktop/Nand2tetriswork/Nand_2_Tetris_V12_Fun_31_3_2016/VGA_Keyboard_Computer_V4/keyboard_dino_computer_v12.vhd sub03/vhpl305 1459572273
EN counter_405872354b NULL C:/Users/Adithya/Desktop/Nand2tetriswork/Nand_2_Tetris_V12_Fun_31_3_2016/VGA_Keyboard_Computer_V4/keyboard_dino_computer_v12.vhd sub01/vhpl168 1459572136
AR constant_145086465d behavior C:/Users/Adithya/Desktop/Nand2tetriswork/Nand_2_Tetris_V12_Fun_31_3_2016/VGA_Keyboard_Computer_V4/keyboard_dino_computer_v12.vhd sub01/vhpl121 1459572089
EN constant_6293007044 NULL C:/Users/Adithya/Desktop/Nand2tetriswork/Nand_2_Tetris_V12_Fun_31_3_2016/VGA_Keyboard_Computer_V4/keyboard_dino_computer_v12.vhd sub00/vhpl50 1459572018
AR x16_and_entity_0bf56c0a02 structural C:/Users/Adithya/Desktop/Nand2tetriswork/Nand_2_Tetris_V12_Fun_31_3_2016/VGA_Keyboard_Computer_V4/keyboard_dino_computer_v12.vhd sub02/vhpl237 1459572205
EN cmlt_11_2_e4c46939f284af86 NULL C:/Users/Adithya/Desktop/Nand2tetriswork/Nand_2_Tetris_V12_Fun_31_3_2016/VGA_Keyboard_Computer_V4/keyboard_dino_computer_v12.vhd sub00/vhpl12 1459571980
AR concat_09e13b86e0 behavior C:/Users/Adithya/Desktop/Nand2tetriswork/Nand_2_Tetris_V12_Fun_31_3_2016/VGA_Keyboard_Computer_V4/keyboard_dino_computer_v12.vhd sub01/vhpl155 1459572123
AR x6_and_entity_97af46e064 structural C:/Users/Adithya/Desktop/Nand2tetriswork/Nand_2_Tetris_V12_Fun_31_3_2016/VGA_Keyboard_Computer_V4/keyboard_dino_computer_v12.vhd sub02/vhpl267 1459572235
EN subsystem2_entity_e91ba37901 NULL C:/Users/Adithya/Desktop/Nand2tetriswork/Nand_2_Tetris_V12_Fun_31_3_2016/VGA_Keyboard_Computer_V4/keyboard_dino_computer_v12.vhd sub03/vhpl318 1459572286
EN \pos_edge_detector__key_write_enable_entity_a733324730\ NULL C:/Users/Adithya/Desktop/Nand2tetriswork/Nand_2_Tetris_V12_Fun_31_3_2016/VGA_Keyboard_Computer_V4/keyboard_dino_computer_v12.vhd sub03/vhpl300 1459572268
EN or_8_way_entity_bcf741cbd1 NULL C:/Users/Adithya/Desktop/Nand2tetriswork/Nand_2_Tetris_V12_Fun_31_3_2016/VGA_Keyboard_Computer_V4/keyboard_dino_computer_v12.vhd sub02/vhpl256 1459572224
EN computer_entity_423aa40c4b NULL C:/Users/Adithya/Desktop/Nand2tetriswork/Nand_2_Tetris_V12_Fun_31_3_2016/VGA_Keyboard_Computer_V4/keyboard_dino_computer_v12.vhd sub02/vhpl296 1459572264
EN constant_f488b54643 NULL C:/Users/Adithya/Desktop/Nand2tetriswork/Nand_2_Tetris_V12_Fun_31_3_2016/VGA_Keyboard_Computer_V4/keyboard_dino_computer_v12.vhd sub01/vhpl162 1459572130
EN addsb_11_0_f285ddf23084f166 NULL C:/Users/Adithya/Desktop/Nand2tetriswork/Nand_2_Tetris_V12_Fun_31_3_2016/VGA_Keyboard_Computer_V4/keyboard_dino_computer_v12.vhd sub00/vhpl04 1459571972
EN xlusamp NULL C:/Users/Adithya/Desktop/Nand2tetriswork/Nand_2_Tetris_V12_Fun_31_3_2016/VGA_Keyboard_Computer_V4/keyboard_dino_computer_v12.vhd sub00/vhpl38 1459572006
EN keyboard_dino_computer_v12_cw NULL C:/Users/Adithya/Desktop/Nand2tetriswork/Nand_2_Tetris_V12_Fun_31_3_2016/VGA_Keyboard_Computer_V4/keyboard_dino_computer_v12_cw.vhd sub03/vhpl328 1459572296
AR xor_entity_e86b1d8e23 structural C:/Users/Adithya/Desktop/Nand2tetriswork/Nand_2_Tetris_V12_Fun_31_3_2016/VGA_Keyboard_Computer_V4/keyboard_dino_computer_v12.vhd sub02/vhpl245 1459572213
AR or_6_way_entity_2425b629e6 structural C:/Users/Adithya/Desktop/Nand2tetriswork/Nand_2_Tetris_V12_Fun_31_3_2016/VGA_Keyboard_Computer_V4/keyboard_dino_computer_v12.vhd sub02/vhpl271 1459572239
EN constant_c3074fb6dc NULL C:/Users/Adithya/Desktop/Nand2tetriswork/Nand_2_Tetris_V12_Fun_31_3_2016/VGA_Keyboard_Computer_V4/keyboard_dino_computer_v12.vhd sub01/vhpl126 1459572094
EN not_entity_750f1f8f15 NULL C:/Users/Adithya/Desktop/Nand2tetriswork/Nand_2_Tetris_V12_Fun_31_3_2016/VGA_Keyboard_Computer_V4/keyboard_dino_computer_v12.vhd sub02/vhpl222 1459572190
EN mux_c146d55ebf NULL C:/Users/Adithya/Desktop/Nand2tetriswork/Nand_2_Tetris_V12_Fun_31_3_2016/VGA_Keyboard_Computer_V4/keyboard_dino_computer_v12.vhd sub01/vhpl172 1459572140
AR mux_f9c0f11a18 behavior C:/Users/Adithya/Desktop/Nand2tetriswork/Nand_2_Tetris_V12_Fun_31_3_2016/VGA_Keyboard_Computer_V4/keyboard_dino_computer_v12.vhd sub01/vhpl175 1459572143
EN counter_e54d511037 NULL C:/Users/Adithya/Desktop/Nand2tetriswork/Nand_2_Tetris_V12_Fun_31_3_2016/VGA_Keyboard_Computer_V4/keyboard_dino_computer_v12.vhd sub02/vhpl200 1459572168
EN constant_5f7a25b1ee NULL C:/Users/Adithya/Desktop/Nand2tetriswork/Nand_2_Tetris_V12_Fun_31_3_2016/VGA_Keyboard_Computer_V4/keyboard_dino_computer_v12.vhd sub00/vhpl68 1459572036
EN neg_edge_detector_entity_dd90f67520 NULL C:/Users/Adithya/Desktop/Nand2tetriswork/Nand_2_Tetris_V12_Fun_31_3_2016/VGA_Keyboard_Computer_V4/keyboard_dino_computer_v12.vhd sub02/vhpl298 1459572266
AR x16_register1_entity_785fb9ec27 structural C:/Users/Adithya/Desktop/Nand2tetriswork/Nand_2_Tetris_V12_Fun_31_3_2016/VGA_Keyboard_Computer_V4/keyboard_dino_computer_v12.vhd sub02/vhpl235 1459572203
EN cmlt_11_2_f2e902bf2e24e565 NULL C:/Users/Adithya/Desktop/Nand2tetriswork/Nand_2_Tetris_V12_Fun_31_3_2016/VGA_Keyboard_Computer_V4/keyboard_dino_computer_v12.vhd sub00/vhpl14 1459571982
AR addsb_11_0_f285ddf23084f166 addsb_11_0_f285ddf23084f166_a C:/Users/Adithya/Desktop/Nand2tetriswork/Nand_2_Tetris_V12_Fun_31_3_2016/VGA_Keyboard_Computer_V4/keyboard_dino_computer_v12.vhd sub00/vhpl05 1459571973
AR delay_4246ea65a9 behavior C:/Users/Adithya/Desktop/Nand2tetriswork/Nand_2_Tetris_V12_Fun_31_3_2016/VGA_Keyboard_Computer_V4/keyboard_dino_computer_v12.vhd sub00/vhpl59 1459572027
EN concat_3425f785d1 NULL C:/Users/Adithya/Desktop/Nand2tetriswork/Nand_2_Tetris_V12_Fun_31_3_2016/VGA_Keyboard_Computer_V4/keyboard_dino_computer_v12.vhd sub00/vhpl54 1459572022
AR keyboard_dino_computer_v12_cw structural C:/Users/Adithya/Desktop/Nand2tetriswork/Nand_2_Tetris_V12_Fun_31_3_2016/VGA_Keyboard_Computer_V4/keyboard_dino_computer_v12_cw.vhd sub03/vhpl329 1459572297
AR subsystem2_entity_e91ba37901 structural C:/Users/Adithya/Desktop/Nand2tetriswork/Nand_2_Tetris_V12_Fun_31_3_2016/VGA_Keyboard_Computer_V4/keyboard_dino_computer_v12.vhd sub03/vhpl319 1459572287
AR half_adder_entity_ecad446fd2 structural C:/Users/Adithya/Desktop/Nand2tetriswork/Nand_2_Tetris_V12_Fun_31_3_2016/VGA_Keyboard_Computer_V4/keyboard_dino_computer_v12.vhd sub02/vhpl251 1459572219
AR x16_or_entity_2effd3130b structural C:/Users/Adithya/Desktop/Nand2tetriswork/Nand_2_Tetris_V12_Fun_31_3_2016/VGA_Keyboard_Computer_V4/keyboard_dino_computer_v12.vhd sub02/vhpl229 1459572197
AR relational_96bdb515d9 behavior C:/Users/Adithya/Desktop/Nand2tetriswork/Nand_2_Tetris_V12_Fun_31_3_2016/VGA_Keyboard_Computer_V4/keyboard_dino_computer_v12.vhd sub00/vhpl81 1459572049
EN constant_4b543782ed NULL C:/Users/Adithya/Desktop/Nand2tetriswork/Nand_2_Tetris_V12_Fun_31_3_2016/VGA_Keyboard_Computer_V4/keyboard_dino_computer_v12.vhd sub01/vhpl188 1459572156
AR x16_2_1_mux1_entity_8b394cc3d5 structural C:/Users/Adithya/Desktop/Nand2tetriswork/Nand_2_Tetris_V12_Fun_31_3_2016/VGA_Keyboard_Computer_V4/keyboard_dino_computer_v12.vhd sub02/vhpl231 1459572199
EN in_feeder1_entity_d766244da4 NULL C:/Users/Adithya/Desktop/Nand2tetriswork/Nand_2_Tetris_V12_Fun_31_3_2016/VGA_Keyboard_Computer_V4/keyboard_dino_computer_v12.vhd sub02/vhpl260 1459572228
EN constant_a629aefb53 NULL C:/Users/Adithya/Desktop/Nand2tetriswork/Nand_2_Tetris_V12_Fun_31_3_2016/VGA_Keyboard_Computer_V4/keyboard_dino_computer_v12.vhd sub01/vhpl122 1459572090
AR clk_80_ns_entity_35b48227f5 structural C:/Users/Adithya/Desktop/Nand2tetriswork/Nand_2_Tetris_V12_Fun_31_3_2016/VGA_Keyboard_Computer_V4/keyboard_dino_computer_v12.vhd sub02/vhpl209 1459572177
EN decoder_entity_583a0717df NULL C:/Users/Adithya/Desktop/Nand2tetriswork/Nand_2_Tetris_V12_Fun_31_3_2016/VGA_Keyboard_Computer_V4/keyboard_dino_computer_v12.vhd sub02/vhpl288 1459572256
AR constant_3a9a3daeb9 behavior C:/Users/Adithya/Desktop/Nand2tetriswork/Nand_2_Tetris_V12_Fun_31_3_2016/VGA_Keyboard_Computer_V4/keyboard_dino_computer_v12.vhd sub01/vhpl137 1459572105
EN x16_2_1_mux2_entity_d3afe5ca28 NULL C:/Users/Adithya/Desktop/Nand2tetriswork/Nand_2_Tetris_V12_Fun_31_3_2016/VGA_Keyboard_Computer_V4/keyboard_dino_computer_v12.vhd sub02/vhpl240 1459572208
AR key_write_send_entity_224cdad073 structural C:/Users/Adithya/Desktop/Nand2tetriswork/Nand_2_Tetris_V12_Fun_31_3_2016/VGA_Keyboard_Computer_V4/keyboard_dino_computer_v12.vhd sub03/vhpl303 1459572271
AR constant_67ad97ca70 behavior C:/Users/Adithya/Desktop/Nand2tetriswork/Nand_2_Tetris_V12_Fun_31_3_2016/VGA_Keyboard_Computer_V4/keyboard_dino_computer_v12.vhd sub01/vhpl105 1459572073
EN addsb_11_0_ba8da5a9ceeb6963 NULL C:/Users/Adithya/Desktop/Nand2tetriswork/Nand_2_Tetris_V12_Fun_31_3_2016/VGA_Keyboard_Computer_V4/keyboard_dino_computer_v12.vhd sub00/vhpl00 1459571968
EN constant_f6f157f01e NULL C:/Users/Adithya/Desktop/Nand2tetriswork/Nand_2_Tetris_V12_Fun_31_3_2016/VGA_Keyboard_Computer_V4/keyboard_dino_computer_v12.vhd sub01/vhpl164 1459572132
EN relational_6dfa374756 NULL C:/Users/Adithya/Desktop/Nand2tetriswork/Nand_2_Tetris_V12_Fun_31_3_2016/VGA_Keyboard_Computer_V4/keyboard_dino_computer_v12.vhd sub01/vhpl178 1459572146
AR constant_06590e4008 behavior C:/Users/Adithya/Desktop/Nand2tetriswork/Nand_2_Tetris_V12_Fun_31_3_2016/VGA_Keyboard_Computer_V4/keyboard_dino_computer_v12.vhd sub01/vhpl133 1459572101
AR relational_2147430058 behavior C:/Users/Adithya/Desktop/Nand2tetriswork/Nand_2_Tetris_V12_Fun_31_3_2016/VGA_Keyboard_Computer_V4/keyboard_dino_computer_v12.vhd sub01/vhpl177 1459572145
EN constant_b9c7b532a5 NULL C:/Users/Adithya/Desktop/Nand2tetriswork/Nand_2_Tetris_V12_Fun_31_3_2016/VGA_Keyboard_Computer_V4/keyboard_dino_computer_v12.vhd sub02/vhpl202 1459572170
AR pc1_entity_dbbd322016 structural C:/Users/Adithya/Desktop/Nand2tetriswork/Nand_2_Tetris_V12_Fun_31_3_2016/VGA_Keyboard_Computer_V4/keyboard_dino_computer_v12.vhd sub02/vhpl293 1459572261
EN relational_6dad3a03fc NULL C:/Users/Adithya/Desktop/Nand2tetriswork/Nand_2_Tetris_V12_Fun_31_3_2016/VGA_Keyboard_Computer_V4/keyboard_dino_computer_v12.vhd sub01/vhpl116 1459572084
AR xldelay behavior C:/Users/Adithya/Desktop/Nand2tetriswork/Nand_2_Tetris_V12_Fun_31_3_2016/VGA_Keyboard_Computer_V4/keyboard_dino_computer_v12.vhd sub00/vhpl53 1459572021
AR constant_2c80e0cf34 behavior C:/Users/Adithya/Desktop/Nand2tetriswork/Nand_2_Tetris_V12_Fun_31_3_2016/VGA_Keyboard_Computer_V4/keyboard_dino_computer_v12.vhd sub01/vhpl199 1459572167
AR x16_adder_entity_8faba9948c structural C:/Users/Adithya/Desktop/Nand2tetriswork/Nand_2_Tetris_V12_Fun_31_3_2016/VGA_Keyboard_Computer_V4/keyboard_dino_computer_v12.vhd sub02/vhpl253 1459572221
EN constant_2c80e0cf34 NULL C:/Users/Adithya/Desktop/Nand2tetriswork/Nand_2_Tetris_V12_Fun_31_3_2016/VGA_Keyboard_Computer_V4/keyboard_dino_computer_v12.vhd sub01/vhpl198 1459572166
EN cpu_entity_010c49f8f4 NULL C:/Users/Adithya/Desktop/Nand2tetriswork/Nand_2_Tetris_V12_Fun_31_3_2016/VGA_Keyboard_Computer_V4/keyboard_dino_computer_v12.vhd sub02/vhpl294 1459572262
EN logical_aacf6e1b0e NULL C:/Users/Adithya/Desktop/Nand2tetriswork/Nand_2_Tetris_V12_Fun_31_3_2016/VGA_Keyboard_Computer_V4/keyboard_dino_computer_v12.vhd sub00/vhpl92 1459572060
AR logic_entity_bda62ec9e3 structural C:/Users/Adithya/Desktop/Nand2tetriswork/Nand_2_Tetris_V12_Fun_31_3_2016/VGA_Keyboard_Computer_V4/keyboard_dino_computer_v12.vhd sub02/vhpl269 1459572237
AR constant_b9c7b532a5 behavior C:/Users/Adithya/Desktop/Nand2tetriswork/Nand_2_Tetris_V12_Fun_31_3_2016/VGA_Keyboard_Computer_V4/keyboard_dino_computer_v12.vhd sub02/vhpl203 1459572171
AR vga_driver_entity_731d9bfbd4 structural C:/Users/Adithya/Desktop/Nand2tetriswork/Nand_2_Tetris_V12_Fun_31_3_2016/VGA_Keyboard_Computer_V4/keyboard_dino_computer_v12.vhd sub03/vhpl321 1459572289
EN constant_06590e4008 NULL C:/Users/Adithya/Desktop/Nand2tetriswork/Nand_2_Tetris_V12_Fun_31_3_2016/VGA_Keyboard_Computer_V4/keyboard_dino_computer_v12.vhd sub01/vhpl132 1459572100
AR relational_d87b4c3e83 behavior C:/Users/Adithya/Desktop/Nand2tetriswork/Nand_2_Tetris_V12_Fun_31_3_2016/VGA_Keyboard_Computer_V4/keyboard_dino_computer_v12.vhd sub01/vhpl149 1459572117
EN relational_5584813830 NULL C:/Users/Adithya/Desktop/Nand2tetriswork/Nand_2_Tetris_V12_Fun_31_3_2016/VGA_Keyboard_Computer_V4/keyboard_dino_computer_v12.vhd sub00/vhpl78 1459572046
EN xlconvert NULL C:/Users/Adithya/Desktop/Nand2tetriswork/Nand_2_Tetris_V12_Fun_31_3_2016/VGA_Keyboard_Computer_V4/keyboard_dino_computer_v12.vhd sub00/vhpl34 1459572002
AR constant_36270b4c8f behavior C:/Users/Adithya/Desktop/Nand2tetriswork/Nand_2_Tetris_V12_Fun_31_3_2016/VGA_Keyboard_Computer_V4/keyboard_dino_computer_v12.vhd sub01/vhpl159 1459572127
AR constant_5ca7b209b4 behavior C:/Users/Adithya/Desktop/Nand2tetriswork/Nand_2_Tetris_V12_Fun_31_3_2016/VGA_Keyboard_Computer_V4/keyboard_dino_computer_v12.vhd sub01/vhpl197 1459572165
AR clk_sel_entity_c42c01b52e structural C:/Users/Adithya/Desktop/Nand2tetriswork/Nand_2_Tetris_V12_Fun_31_3_2016/VGA_Keyboard_Computer_V4/keyboard_dino_computer_v12.vhd sub02/vhpl211 1459572179
AR bmg_72_e8fe9883cd15d256 bmg_72_e8fe9883cd15d256_a C:/Users/Adithya/Desktop/Nand2tetriswork/Nand_2_Tetris_V12_Fun_31_3_2016/VGA_Keyboard_Computer_V4/keyboard_dino_computer_v12.vhd sub00/vhpl09 1459571977
EN keyboard_driver_entity_219ad70251 NULL C:/Users/Adithya/Desktop/Nand2tetriswork/Nand_2_Tetris_V12_Fun_31_3_2016/VGA_Keyboard_Computer_V4/keyboard_dino_computer_v12.vhd sub03/vhpl312 1459572280
AR constant_469094441c behavior C:/Users/Adithya/Desktop/Nand2tetriswork/Nand_2_Tetris_V12_Fun_31_3_2016/VGA_Keyboard_Computer_V4/keyboard_dino_computer_v12.vhd sub01/vhpl139 1459572107
EN synth_reg_reg NULL C:/Users/Adithya/Desktop/Nand2tetriswork/Nand_2_Tetris_V12_Fun_31_3_2016/VGA_Keyboard_Computer_V4/keyboard_dino_computer_v12.vhd sub00/vhpl26 1459571994
AR constant_91ef1678ca behavior C:/Users/Adithya/Desktop/Nand2tetriswork/Nand_2_Tetris_V12_Fun_31_3_2016/VGA_Keyboard_Computer_V4/keyboard_dino_computer_v12.vhd sub00/vhpl99 1459572067
EN d_flipflop NULL C:/Users/Adithya/Desktop/Nand2tetriswork/Nand_2_Tetris_V12_Fun_31_3_2016/VGA_Keyboard_Computer_V4/keyboard_dino_computer_v12.vhd sub00/vhpl44 1459572012
AR subsystem2_entity_ecc10a61ee structural C:/Users/Adithya/Desktop/Nand2tetriswork/Nand_2_Tetris_V12_Fun_31_3_2016/VGA_Keyboard_Computer_V4/keyboard_dino_computer_v12.vhd sub02/vhpl281 1459572249
EN constant_566137e191 NULL C:/Users/Adithya/Desktop/Nand2tetriswork/Nand_2_Tetris_V12_Fun_31_3_2016/VGA_Keyboard_Computer_V4/keyboard_dino_computer_v12.vhd sub00/vhpl90 1459572058
EN inverter_e5b38cca3b NULL C:/Users/Adithya/Desktop/Nand2tetriswork/Nand_2_Tetris_V12_Fun_31_3_2016/VGA_Keyboard_Computer_V4/keyboard_dino_computer_v12.vhd sub00/vhpl84 1459572052
AR counter_405872354b behavior C:/Users/Adithya/Desktop/Nand2tetriswork/Nand_2_Tetris_V12_Fun_31_3_2016/VGA_Keyboard_Computer_V4/keyboard_dino_computer_v12.vhd sub01/vhpl169 1459572137
AR in_feeder1_entity_d766244da4 structural C:/Users/Adithya/Desktop/Nand2tetriswork/Nand_2_Tetris_V12_Fun_31_3_2016/VGA_Keyboard_Computer_V4/keyboard_dino_computer_v12.vhd sub02/vhpl261 1459572229
AR full_adder14_entity_cb5f3fd809 structural C:/Users/Adithya/Desktop/Nand2tetriswork/Nand_2_Tetris_V12_Fun_31_3_2016/VGA_Keyboard_Computer_V4/keyboard_dino_computer_v12.vhd sub02/vhpl249 1459572217
AR constant_e8ddc079e9 behavior C:/Users/Adithya/Desktop/Nand2tetriswork/Nand_2_Tetris_V12_Fun_31_3_2016/VGA_Keyboard_Computer_V4/keyboard_dino_computer_v12.vhd sub01/vhpl135 1459572103
EN constant_5c1626e05e NULL C:/Users/Adithya/Desktop/Nand2tetriswork/Nand_2_Tetris_V12_Fun_31_3_2016/VGA_Keyboard_Computer_V4/keyboard_dino_computer_v12.vhd sub01/vhpl124 1459572092
EN x16_4_1_mux1_entity_4bdea7359e NULL C:/Users/Adithya/Desktop/Nand2tetriswork/Nand_2_Tetris_V12_Fun_31_3_2016/VGA_Keyboard_Computer_V4/keyboard_dino_computer_v12.vhd sub02/vhpl242 1459572210
AR nand_entity_00c8ebf63f structural C:/Users/Adithya/Desktop/Nand2tetriswork/Nand_2_Tetris_V12_Fun_31_3_2016/VGA_Keyboard_Computer_V4/keyboard_dino_computer_v12.vhd sub02/vhpl213 1459572181
EN and1_entity_13c07394a5 NULL C:/Users/Adithya/Desktop/Nand2tetriswork/Nand_2_Tetris_V12_Fun_31_3_2016/VGA_Keyboard_Computer_V4/keyboard_dino_computer_v12.vhd sub02/vhpl216 1459572184
AR relational_469cc61240 behavior C:/Users/Adithya/Desktop/Nand2tetriswork/Nand_2_Tetris_V12_Fun_31_3_2016/VGA_Keyboard_Computer_V4/keyboard_dino_computer_v12.vhd sub01/vhpl181 1459572149
EN constant_c462ec0feb NULL C:/Users/Adithya/Desktop/Nand2tetriswork/Nand_2_Tetris_V12_Fun_31_3_2016/VGA_Keyboard_Computer_V4/keyboard_dino_computer_v12.vhd sub00/vhpl70 1459572038
AR xlregister behavior C:/Users/Adithya/Desktop/Nand2tetriswork/Nand_2_Tetris_V12_Fun_31_3_2016/VGA_Keyboard_Computer_V4/keyboard_dino_computer_v12.vhd sub00/vhpl89 1459572057
EN clk_2_sec_entity_4134bbad8f NULL C:/Users/Adithya/Desktop/Nand2tetriswork/Nand_2_Tetris_V12_Fun_31_3_2016/VGA_Keyboard_Computer_V4/keyboard_dino_computer_v12.vhd sub02/vhpl206 1459572174
EN x16_2_1_mux_entity_558af82336 NULL C:/Users/Adithya/Desktop/Nand2tetriswork/Nand_2_Tetris_V12_Fun_31_3_2016/VGA_Keyboard_Computer_V4/keyboard_dino_computer_v12.vhd sub02/vhpl284 1459572252
EN mux_897e616d40 NULL C:/Users/Adithya/Desktop/Nand2tetriswork/Nand_2_Tetris_V12_Fun_31_3_2016/VGA_Keyboard_Computer_V4/keyboard_dino_computer_v12.vhd sub01/vhpl114 1459572082
EN relational_65e1e2b39e NULL C:/Users/Adithya/Desktop/Nand2tetriswork/Nand_2_Tetris_V12_Fun_31_3_2016/VGA_Keyboard_Computer_V4/keyboard_dino_computer_v12.vhd sub01/vhpl182 1459572150
EN constant_963ed6358a NULL C:/Users/Adithya/Desktop/Nand2tetriswork/Nand_2_Tetris_V12_Fun_31_3_2016/VGA_Keyboard_Computer_V4/keyboard_dino_computer_v12.vhd sub00/vhpl46 1459572014
EN constant_9f5572ba51 NULL C:/Users/Adithya/Desktop/Nand2tetriswork/Nand_2_Tetris_V12_Fun_31_3_2016/VGA_Keyboard_Computer_V4/keyboard_dino_computer_v12.vhd sub00/vhpl64 1459572032
AR cntr_11_0_fb58489a74a090c4 cntr_11_0_fb58489a74a090c4_a C:/Users/Adithya/Desktop/Nand2tetriswork/Nand_2_Tetris_V12_Fun_31_3_2016/VGA_Keyboard_Computer_V4/keyboard_dino_computer_v12.vhd sub00/vhpl17 1459503663
AR not_entity_750f1f8f15 structural C:/Users/Adithya/Desktop/Nand2tetriswork/Nand_2_Tetris_V12_Fun_31_3_2016/VGA_Keyboard_Computer_V4/keyboard_dino_computer_v12.vhd sub02/vhpl223 1459572191
EN pc1_entity_dbbd322016 NULL C:/Users/Adithya/Desktop/Nand2tetriswork/Nand_2_Tetris_V12_Fun_31_3_2016/VGA_Keyboard_Computer_V4/keyboard_dino_computer_v12.vhd sub02/vhpl292 1459572260
EN vga_driver_entity_731d9bfbd4 NULL C:/Users/Adithya/Desktop/Nand2tetriswork/Nand_2_Tetris_V12_Fun_31_3_2016/VGA_Keyboard_Computer_V4/keyboard_dino_computer_v12.vhd sub03/vhpl320 1459572288
EN relational_c7182f92c9 NULL C:/Users/Adithya/Desktop/Nand2tetriswork/Nand_2_Tetris_V12_Fun_31_3_2016/VGA_Keyboard_Computer_V4/keyboard_dino_computer_v12.vhd sub01/vhpl146 1459572114
EN delay_4246ea65a9 NULL C:/Users/Adithya/Desktop/Nand2tetriswork/Nand_2_Tetris_V12_Fun_31_3_2016/VGA_Keyboard_Computer_V4/keyboard_dino_computer_v12.vhd sub00/vhpl58 1459572026
AR relational_4d3cfceaf4 behavior C:/Users/Adithya/Desktop/Nand2tetriswork/Nand_2_Tetris_V12_Fun_31_3_2016/VGA_Keyboard_Computer_V4/keyboard_dino_computer_v12.vhd sub01/vhpl109 1459572077
AR relational_7a7af7b80d behavior C:/Users/Adithya/Desktop/Nand2tetriswork/Nand_2_Tetris_V12_Fun_31_3_2016/VGA_Keyboard_Computer_V4/keyboard_dino_computer_v12.vhd sub00/vhpl83 1459572051
EN subsystem2_entity_ecc10a61ee NULL C:/Users/Adithya/Desktop/Nand2tetriswork/Nand_2_Tetris_V12_Fun_31_3_2016/VGA_Keyboard_Computer_V4/keyboard_dino_computer_v12.vhd sub02/vhpl280 1459572248
AR clk_2_sec_entity_4134bbad8f structural C:/Users/Adithya/Desktop/Nand2tetriswork/Nand_2_Tetris_V12_Fun_31_3_2016/VGA_Keyboard_Computer_V4/keyboard_dino_computer_v12.vhd sub02/vhpl207 1459572175
EN \pos_edge_detector__en_entity_24d070df10\ NULL C:/Users/Adithya/Desktop/Nand2tetriswork/Nand_2_Tetris_V12_Fun_31_3_2016/VGA_Keyboard_Computer_V4/keyboard_dino_computer_v12.vhd sub03/vhpl304 1459572272
AR synth_reg_w_init structural C:/Users/Adithya/Desktop/Nand2tetriswork/Nand_2_Tetris_V12_Fun_31_3_2016/VGA_Keyboard_Computer_V4/keyboard_dino_computer_v12.vhd sub00/vhpl31 1459571999
EN bmg_72_e8fe9883cd15d256 NULL C:/Users/Adithya/Desktop/Nand2tetriswork/Nand_2_Tetris_V12_Fun_31_3_2016/VGA_Keyboard_Computer_V4/keyboard_dino_computer_v12.vhd sub00/vhpl08 1459571976
EN srl17e NULL C:/Users/Adithya/Desktop/Nand2tetriswork/Nand_2_Tetris_V12_Fun_31_3_2016/VGA_Keyboard_Computer_V4/keyboard_dino_computer_v12.vhd sub00/vhpl22 1459571990
EN constant_67ad97ca70 NULL C:/Users/Adithya/Desktop/Nand2tetriswork/Nand_2_Tetris_V12_Fun_31_3_2016/VGA_Keyboard_Computer_V4/keyboard_dino_computer_v12.vhd sub01/vhpl104 1459572072
AR d_flipflop behavioral C:/Users/Adithya/Desktop/Nand2tetriswork/Nand_2_Tetris_V12_Fun_31_3_2016/VGA_Keyboard_Computer_V4/keyboard_dino_computer_v12.vhd sub00/vhpl45 1459572013
EN xls2p NULL C:/Users/Adithya/Desktop/Nand2tetriswork/Nand_2_Tetris_V12_Fun_31_3_2016/VGA_Keyboard_Computer_V4/keyboard_dino_computer_v12.vhd sub01/vhpl118 1459572086
EN constant_e25c15316f NULL C:/Users/Adithya/Desktop/Nand2tetriswork/Nand_2_Tetris_V12_Fun_31_3_2016/VGA_Keyboard_Computer_V4/keyboard_dino_computer_v12.vhd sub01/vhpl156 1459572124
AR \pos_edge_detector__key_write_enable_entity_a733324730\ structural C:/Users/Adithya/Desktop/Nand2tetriswork/Nand_2_Tetris_V12_Fun_31_3_2016/VGA_Keyboard_Computer_V4/keyboard_dino_computer_v12.vhd sub03/vhpl301 1459572269
EN constant_c9d627f634 NULL C:/Users/Adithya/Desktop/Nand2tetriswork/Nand_2_Tetris_V12_Fun_31_3_2016/VGA_Keyboard_Computer_V4/keyboard_dino_computer_v12.vhd sub01/vhpl160 1459572128
EN half_adder_entity_ecad446fd2 NULL C:/Users/Adithya/Desktop/Nand2tetriswork/Nand_2_Tetris_V12_Fun_31_3_2016/VGA_Keyboard_Computer_V4/keyboard_dino_computer_v12.vhd sub02/vhpl250 1459572218
EN xlcounter_free_keyboard_dino_computer_v12 NULL C:/Users/Adithya/Desktop/Nand2tetriswork/Nand_2_Tetris_V12_Fun_31_3_2016/VGA_Keyboard_Computer_V4/keyboard_dino_computer_v12.vhd sub02/vhpl204 1459572172
AR xlclockdriver behavior C:/Users/Adithya/Desktop/Nand2tetriswork/Nand_2_Tetris_V12_Fun_31_3_2016/VGA_Keyboard_Computer_V4/keyboard_dino_computer_v12_cw.vhd sub03/vhpl325 1459572293
EN xlregister NULL C:/Users/Adithya/Desktop/Nand2tetriswork/Nand_2_Tetris_V12_Fun_31_3_2016/VGA_Keyboard_Computer_V4/keyboard_dino_computer_v12.vhd sub00/vhpl88 1459572056
AR relational_5584813830 behavior C:/Users/Adithya/Desktop/Nand2tetriswork/Nand_2_Tetris_V12_Fun_31_3_2016/VGA_Keyboard_Computer_V4/keyboard_dino_computer_v12.vhd sub00/vhpl79 1459572047
AR x16_2_1_mux2_entity_d3afe5ca28 structural C:/Users/Adithya/Desktop/Nand2tetriswork/Nand_2_Tetris_V12_Fun_31_3_2016/VGA_Keyboard_Computer_V4/keyboard_dino_computer_v12.vhd sub02/vhpl241 1459572209
AR x8_register_entity_c6b1802f67 structural C:/Users/Adithya/Desktop/Nand2tetriswork/Nand_2_Tetris_V12_Fun_31_3_2016/VGA_Keyboard_Computer_V4/keyboard_dino_computer_v12.vhd sub02/vhpl233 1459572201
EN constant_4e64dfaf34 NULL C:/Users/Adithya/Desktop/Nand2tetriswork/Nand_2_Tetris_V12_Fun_31_3_2016/VGA_Keyboard_Computer_V4/keyboard_dino_computer_v12.vhd sub01/vhpl140 1459572108
EN constant_498bc68c14 NULL C:/Users/Adithya/Desktop/Nand2tetriswork/Nand_2_Tetris_V12_Fun_31_3_2016/VGA_Keyboard_Computer_V4/keyboard_dino_computer_v12.vhd sub00/vhpl62 1459572030
AR xlslice behavior C:/Users/Adithya/Desktop/Nand2tetriswork/Nand_2_Tetris_V12_Fun_31_3_2016/VGA_Keyboard_Computer_V4/keyboard_dino_computer_v12.vhd sub00/vhpl49 1459572017
AR constant_3b201e2f77 behavior C:/Users/Adithya/Desktop/Nand2tetriswork/Nand_2_Tetris_V12_Fun_31_3_2016/VGA_Keyboard_Computer_V4/keyboard_dino_computer_v12.vhd sub01/vhpl195 1459572163
EN x16_and1_entity_678c19c187 NULL C:/Users/Adithya/Desktop/Nand2tetriswork/Nand_2_Tetris_V12_Fun_31_3_2016/VGA_Keyboard_Computer_V4/keyboard_dino_computer_v12.vhd sub02/vhpl220 1459572188
EN or_entity_247ef195fa NULL C:/Users/Adithya/Desktop/Nand2tetriswork/Nand_2_Tetris_V12_Fun_31_3_2016/VGA_Keyboard_Computer_V4/keyboard_dino_computer_v12.vhd sub02/vhpl226 1459572194
AR xldpram_dist_keyboard_dino_computer_v12 behavior C:/Users/Adithya/Desktop/Nand2tetriswork/Nand_2_Tetris_V12_Fun_31_3_2016/VGA_Keyboard_Computer_V4/keyboard_dino_computer_v12.vhd sub00/vhpl73 1459572041
AR subsystem1_entity_a1cba87a2f structural C:/Users/Adithya/Desktop/Nand2tetriswork/Nand_2_Tetris_V12_Fun_31_3_2016/VGA_Keyboard_Computer_V4/keyboard_dino_computer_v12.vhd sub02/vhpl279 1459572247
AR constant_f6f157f01e behavior C:/Users/Adithya/Desktop/Nand2tetriswork/Nand_2_Tetris_V12_Fun_31_3_2016/VGA_Keyboard_Computer_V4/keyboard_dino_computer_v12.vhd sub01/vhpl165 1459572133
AR relational_6dad3a03fc behavior C:/Users/Adithya/Desktop/Nand2tetriswork/Nand_2_Tetris_V12_Fun_31_3_2016/VGA_Keyboard_Computer_V4/keyboard_dino_computer_v12.vhd sub01/vhpl117 1459572085
PH conv_pkg NULL C:/Users/Adithya/Desktop/Nand2tetriswork/Nand_2_Tetris_V12_Fun_31_3_2016/VGA_Keyboard_Computer_V4/keyboard_dino_computer_v12.vhd sub00/vhpl20 1459571988
EN x16_and_entity_0bf56c0a02 NULL C:/Users/Adithya/Desktop/Nand2tetriswork/Nand_2_Tetris_V12_Fun_31_3_2016/VGA_Keyboard_Computer_V4/keyboard_dino_computer_v12.vhd sub02/vhpl236 1459572204
EN xladdsub_keyboard_dino_computer_v12 NULL C:/Users/Adithya/Desktop/Nand2tetriswork/Nand_2_Tetris_V12_Fun_31_3_2016/VGA_Keyboard_Computer_V4/keyboard_dino_computer_v12.vhd sub00/vhpl60 1459572028
AR single_reg_w_init structural C:/Users/Adithya/Desktop/Nand2tetriswork/Nand_2_Tetris_V12_Fun_31_3_2016/VGA_Keyboard_Computer_V4/keyboard_dino_computer_v12.vhd sub00/vhpl29 1459571997
AR or_entity_247ef195fa structural C:/Users/Adithya/Desktop/Nand2tetriswork/Nand_2_Tetris_V12_Fun_31_3_2016/VGA_Keyboard_Computer_V4/keyboard_dino_computer_v12.vhd sub02/vhpl227 1459572195
EN relational_d87b4c3e83 NULL C:/Users/Adithya/Desktop/Nand2tetriswork/Nand_2_Tetris_V12_Fun_31_3_2016/VGA_Keyboard_Computer_V4/keyboard_dino_computer_v12.vhd sub01/vhpl148 1459572116
EN delay_f15aea770d NULL C:/Users/Adithya/Desktop/Nand2tetriswork/Nand_2_Tetris_V12_Fun_31_3_2016/VGA_Keyboard_Computer_V4/keyboard_dino_computer_v12.vhd sub00/vhpl56 1459572024
EN logical_80f90b97d0 NULL C:/Users/Adithya/Desktop/Nand2tetriswork/Nand_2_Tetris_V12_Fun_31_3_2016/VGA_Keyboard_Computer_V4/keyboard_dino_computer_v12.vhd sub00/vhpl76 1459572044
AR default_clock_driver_keyboard_dino_computer_v12 structural C:/Users/Adithya/Desktop/Nand2tetriswork/Nand_2_Tetris_V12_Fun_31_3_2016/VGA_Keyboard_Computer_V4/keyboard_dino_computer_v12_cw.vhd sub03/vhpl327 1459572295
EN in_feeder1_entity_0e86ed550a NULL C:/Users/Adithya/Desktop/Nand2tetriswork/Nand_2_Tetris_V12_Fun_31_3_2016/VGA_Keyboard_Computer_V4/keyboard_dino_computer_v12.vhd sub03/vhpl316 1459572284
AR logical_dfe2dded7f behavior C:/Users/Adithya/Desktop/Nand2tetriswork/Nand_2_Tetris_V12_Fun_31_3_2016/VGA_Keyboard_Computer_V4/keyboard_dino_computer_v12.vhd sub00/vhpl87 1459572055
EN relational_dbe111ba13 NULL C:/Users/Adithya/Desktop/Nand2tetriswork/Nand_2_Tetris_V12_Fun_31_3_2016/VGA_Keyboard_Computer_V4/keyboard_dino_computer_v12.vhd sub01/vhpl186 1459572154
EN in_feeder10_entity_ab0b42bce4 NULL C:/Users/Adithya/Desktop/Nand2tetriswork/Nand_2_Tetris_V12_Fun_31_3_2016/VGA_Keyboard_Computer_V4/keyboard_dino_computer_v12.vhd sub02/vhpl262 1459572230
AR cmlt_11_2_e4c46939f284af86 cmlt_11_2_e4c46939f284af86_a C:/Users/Adithya/Desktop/Nand2tetriswork/Nand_2_Tetris_V12_Fun_31_3_2016/VGA_Keyboard_Computer_V4/keyboard_dino_computer_v12.vhd sub00/vhpl13 1459571981
EN x16_not_entity_ea96ce0060 NULL C:/Users/Adithya/Desktop/Nand2tetriswork/Nand_2_Tetris_V12_Fun_31_3_2016/VGA_Keyboard_Computer_V4/keyboard_dino_computer_v12.vhd sub02/vhpl254 1459572222
AR incrementer_entity_1bbcc7e63c structural C:/Users/Adithya/Desktop/Nand2tetriswork/Nand_2_Tetris_V12_Fun_31_3_2016/VGA_Keyboard_Computer_V4/keyboard_dino_computer_v12.vhd sub02/vhpl291 1459572259
AR logical_bde51e424d behavior C:/Users/Adithya/Desktop/Nand2tetriswork/Nand_2_Tetris_V12_Fun_31_3_2016/VGA_Keyboard_Computer_V4/keyboard_dino_computer_v12.vhd sub00/vhpl43 1459572011
EN constant_3524c8234f NULL C:/Users/Adithya/Desktop/Nand2tetriswork/Nand_2_Tetris_V12_Fun_31_3_2016/VGA_Keyboard_Computer_V4/keyboard_dino_computer_v12.vhd sub00/vhpl66 1459572034
EN x16_2_1_mux1_entity_8b394cc3d5 NULL C:/Users/Adithya/Desktop/Nand2tetriswork/Nand_2_Tetris_V12_Fun_31_3_2016/VGA_Keyboard_Computer_V4/keyboard_dino_computer_v12.vhd sub02/vhpl230 1459572198
EN x16_register1_entity_785fb9ec27 NULL C:/Users/Adithya/Desktop/Nand2tetriswork/Nand_2_Tetris_V12_Fun_31_3_2016/VGA_Keyboard_Computer_V4/keyboard_dino_computer_v12.vhd sub02/vhpl234 1459572202
AR inverter_e5b38cca3b behavior C:/Users/Adithya/Desktop/Nand2tetriswork/Nand_2_Tetris_V12_Fun_31_3_2016/VGA_Keyboard_Computer_V4/keyboard_dino_computer_v12.vhd sub00/vhpl85 1459572053
AR and1_entity_13c07394a5 structural C:/Users/Adithya/Desktop/Nand2tetriswork/Nand_2_Tetris_V12_Fun_31_3_2016/VGA_Keyboard_Computer_V4/keyboard_dino_computer_v12.vhd sub02/vhpl217 1459572185
EN clk_sel_entity_c42c01b52e NULL C:/Users/Adithya/Desktop/Nand2tetriswork/Nand_2_Tetris_V12_Fun_31_3_2016/VGA_Keyboard_Computer_V4/keyboard_dino_computer_v12.vhd sub02/vhpl210 1459572178
EN x6_and_entity_97af46e064 NULL C:/Users/Adithya/Desktop/Nand2tetriswork/Nand_2_Tetris_V12_Fun_31_3_2016/VGA_Keyboard_Computer_V4/keyboard_dino_computer_v12.vhd sub02/vhpl266 1459572234
EN or_6_way_entity_2425b629e6 NULL C:/Users/Adithya/Desktop/Nand2tetriswork/Nand_2_Tetris_V12_Fun_31_3_2016/VGA_Keyboard_Computer_V4/keyboard_dino_computer_v12.vhd sub02/vhpl270 1459572238
AR constant_3524c8234f behavior C:/Users/Adithya/Desktop/Nand2tetriswork/Nand_2_Tetris_V12_Fun_31_3_2016/VGA_Keyboard_Computer_V4/keyboard_dino_computer_v12.vhd sub00/vhpl67 1459572035
EN single_reg_w_init NULL C:/Users/Adithya/Desktop/Nand2tetriswork/Nand_2_Tetris_V12_Fun_31_3_2016/VGA_Keyboard_Computer_V4/keyboard_dino_computer_v12.vhd sub00/vhpl28 1459571996
EN constant_1d6ad1c713 NULL C:/Users/Adithya/Desktop/Nand2tetriswork/Nand_2_Tetris_V12_Fun_31_3_2016/VGA_Keyboard_Computer_V4/keyboard_dino_computer_v12.vhd sub01/vhpl144 1459572112
AR constant_fac28d1ec7 behavior C:/Users/Adithya/Desktop/Nand2tetriswork/Nand_2_Tetris_V12_Fun_31_3_2016/VGA_Keyboard_Computer_V4/keyboard_dino_computer_v12.vhd sub01/vhpl131 1459572099
AR concat_3425f785d1 behavior C:/Users/Adithya/Desktop/Nand2tetriswork/Nand_2_Tetris_V12_Fun_31_3_2016/VGA_Keyboard_Computer_V4/keyboard_dino_computer_v12.vhd sub00/vhpl55 1459572023
AR x8_and_entity_f888b1471d structural C:/Users/Adithya/Desktop/Nand2tetriswork/Nand_2_Tetris_V12_Fun_31_3_2016/VGA_Keyboard_Computer_V4/keyboard_dino_computer_v12.vhd sub03/vhpl315 1459572283
EN constant_3a9a3daeb9 NULL C:/Users/Adithya/Desktop/Nand2tetriswork/Nand_2_Tetris_V12_Fun_31_3_2016/VGA_Keyboard_Computer_V4/keyboard_dino_computer_v12.vhd sub01/vhpl136 1459572104
AR x16_and1_entity_464f128a6a structural C:/Users/Adithya/Desktop/Nand2tetriswork/Nand_2_Tetris_V12_Fun_31_3_2016/VGA_Keyboard_Computer_V4/keyboard_dino_computer_v12.vhd sub02/vhpl239 1459572207
EN key_write_send_entity_224cdad073 NULL C:/Users/Adithya/Desktop/Nand2tetriswork/Nand_2_Tetris_V12_Fun_31_3_2016/VGA_Keyboard_Computer_V4/keyboard_dino_computer_v12.vhd sub03/vhpl302 1459572270
EN x16_or_entity_2effd3130b NULL C:/Users/Adithya/Desktop/Nand2tetriswork/Nand_2_Tetris_V12_Fun_31_3_2016/VGA_Keyboard_Computer_V4/keyboard_dino_computer_v12.vhd sub02/vhpl228 1459572196
AR \digital_filter__ps2_c_entity_fec93e82de\ structural C:/Users/Adithya/Desktop/Nand2tetriswork/Nand_2_Tetris_V12_Fun_31_3_2016/VGA_Keyboard_Computer_V4/keyboard_dino_computer_v12.vhd sub03/vhpl311 1459572279
AR relational_dbe111ba13 behavior C:/Users/Adithya/Desktop/Nand2tetriswork/Nand_2_Tetris_V12_Fun_31_3_2016/VGA_Keyboard_Computer_V4/keyboard_dino_computer_v12.vhd sub01/vhpl187 1459572155
