V3 504
FL C:/Users/Adithya/Desktop/Nand2tetriswork/Nand_2_Tetris_V12_Fun_31_3_2016/VGA_Keyboard_Computer_V4/keyboard_dino_computer_v12.vhd 2016/04/02.10:07:55 P.58f
AR work/cntr_11_0_fb58489a74a090c4/cntr_11_0_fb58489a74a090c4_a 1459503663 \
      FL C:/Users/Adithya/Desktop/Nand2tetriswork/Nand_2_Tetris_V12_Fun_31_3_2016/VGA_Keyboard_Computer_V4/keyboard_dino_computer_v12.vhd \
      EN work/cntr_11_0_fb58489a74a090c4 1459503662
EN work/addsb_11_0_ba8da5a9ceeb6963 1459571968 \
      FL C:/Users/Adithya/Desktop/Nand2tetriswork/Nand_2_Tetris_V12_Fun_31_3_2016/VGA_Keyboard_Computer_V4/keyboard_dino_computer_v12.vhd \
      PB ieee/std_logic_1164 1364358218
AR work/addsb_11_0_ba8da5a9ceeb6963/addsb_11_0_ba8da5a9ceeb6963_a 1459571969 \
      FL C:/Users/Adithya/Desktop/Nand2tetriswork/Nand_2_Tetris_V12_Fun_31_3_2016/VGA_Keyboard_Computer_V4/keyboard_dino_computer_v12.vhd \
      EN work/addsb_11_0_ba8da5a9ceeb6963 1459571968
EN work/addsb_11_0_dc180f3097483231 1459571970 \
      FL C:/Users/Adithya/Desktop/Nand2tetriswork/Nand_2_Tetris_V12_Fun_31_3_2016/VGA_Keyboard_Computer_V4/keyboard_dino_computer_v12.vhd \
      PB ieee/std_logic_1164 1364358218
AR work/addsb_11_0_dc180f3097483231/addsb_11_0_dc180f3097483231_a 1459571971 \
      FL C:/Users/Adithya/Desktop/Nand2tetriswork/Nand_2_Tetris_V12_Fun_31_3_2016/VGA_Keyboard_Computer_V4/keyboard_dino_computer_v12.vhd \
      EN work/addsb_11_0_dc180f3097483231 1459571970
EN work/addsb_11_0_f285ddf23084f166 1459571972 \
      FL C:/Users/Adithya/Desktop/Nand2tetriswork/Nand_2_Tetris_V12_Fun_31_3_2016/VGA_Keyboard_Computer_V4/keyboard_dino_computer_v12.vhd \
      PB ieee/std_logic_1164 1364358218
AR work/addsb_11_0_f285ddf23084f166/addsb_11_0_f285ddf23084f166_a 1459571973 \
      FL C:/Users/Adithya/Desktop/Nand2tetriswork/Nand_2_Tetris_V12_Fun_31_3_2016/VGA_Keyboard_Computer_V4/keyboard_dino_computer_v12.vhd \
      EN work/addsb_11_0_f285ddf23084f166 1459571972
EN work/bmg_72_9feca0d304d5757b 1459571974 \
      FL C:/Users/Adithya/Desktop/Nand2tetriswork/Nand_2_Tetris_V12_Fun_31_3_2016/VGA_Keyboard_Computer_V4/keyboard_dino_computer_v12.vhd \
      PB ieee/std_logic_1164 1364358218
AR work/bmg_72_9feca0d304d5757b/bmg_72_9feca0d304d5757b_a 1459571975 \
      FL C:/Users/Adithya/Desktop/Nand2tetriswork/Nand_2_Tetris_V12_Fun_31_3_2016/VGA_Keyboard_Computer_V4/keyboard_dino_computer_v12.vhd \
      EN work/bmg_72_9feca0d304d5757b 1459571974
EN work/bmg_72_e8fe9883cd15d256 1459571976 \
      FL C:/Users/Adithya/Desktop/Nand2tetriswork/Nand_2_Tetris_V12_Fun_31_3_2016/VGA_Keyboard_Computer_V4/keyboard_dino_computer_v12.vhd \
      PB ieee/std_logic_1164 1364358218
AR work/bmg_72_e8fe9883cd15d256/bmg_72_e8fe9883cd15d256_a 1459571977 \
      FL C:/Users/Adithya/Desktop/Nand2tetriswork/Nand_2_Tetris_V12_Fun_31_3_2016/VGA_Keyboard_Computer_V4/keyboard_dino_computer_v12.vhd \
      EN work/bmg_72_e8fe9883cd15d256 1459571976
EN work/cmlt_11_2_a41d4032b042da44 1459571978 \
      FL C:/Users/Adithya/Desktop/Nand2tetriswork/Nand_2_Tetris_V12_Fun_31_3_2016/VGA_Keyboard_Computer_V4/keyboard_dino_computer_v12.vhd \
      PB ieee/std_logic_1164 1364358218
AR work/cmlt_11_2_a41d4032b042da44/cmlt_11_2_a41d4032b042da44_a 1459571979 \
      FL C:/Users/Adithya/Desktop/Nand2tetriswork/Nand_2_Tetris_V12_Fun_31_3_2016/VGA_Keyboard_Computer_V4/keyboard_dino_computer_v12.vhd \
      EN work/cmlt_11_2_a41d4032b042da44 1459571978
EN work/cmlt_11_2_e4c46939f284af86 1459571980 \
      FL C:/Users/Adithya/Desktop/Nand2tetriswork/Nand_2_Tetris_V12_Fun_31_3_2016/VGA_Keyboard_Computer_V4/keyboard_dino_computer_v12.vhd \
      PB ieee/std_logic_1164 1364358218
AR work/cmlt_11_2_e4c46939f284af86/cmlt_11_2_e4c46939f284af86_a 1459571981 \
      FL C:/Users/Adithya/Desktop/Nand2tetriswork/Nand_2_Tetris_V12_Fun_31_3_2016/VGA_Keyboard_Computer_V4/keyboard_dino_computer_v12.vhd \
      EN work/cmlt_11_2_e4c46939f284af86 1459571980
EN work/cmlt_11_2_f2e902bf2e24e565 1459571982 \
      FL C:/Users/Adithya/Desktop/Nand2tetriswork/Nand_2_Tetris_V12_Fun_31_3_2016/VGA_Keyboard_Computer_V4/keyboard_dino_computer_v12.vhd \
      PB ieee/std_logic_1164 1364358218
AR work/cmlt_11_2_f2e902bf2e24e565/cmlt_11_2_f2e902bf2e24e565_a 1459571983 \
      FL C:/Users/Adithya/Desktop/Nand2tetriswork/Nand_2_Tetris_V12_Fun_31_3_2016/VGA_Keyboard_Computer_V4/keyboard_dino_computer_v12.vhd \
      EN work/cmlt_11_2_f2e902bf2e24e565 1459571982
EN work/cntr_11_0_a80ae8f33755e346 1459571984 \
      FL C:/Users/Adithya/Desktop/Nand2tetriswork/Nand_2_Tetris_V12_Fun_31_3_2016/VGA_Keyboard_Computer_V4/keyboard_dino_computer_v12.vhd \
      PB ieee/std_logic_1164 1364358218
AR work/cntr_11_0_a80ae8f33755e346/cntr_11_0_a80ae8f33755e346_a 1459571985 \
      FL C:/Users/Adithya/Desktop/Nand2tetriswork/Nand_2_Tetris_V12_Fun_31_3_2016/VGA_Keyboard_Computer_V4/keyboard_dino_computer_v12.vhd \
      EN work/cntr_11_0_a80ae8f33755e346 1459571984
EN work/dmg_72_486d14eecadccd6c 1459571986 \
      FL C:/Users/Adithya/Desktop/Nand2tetriswork/Nand_2_Tetris_V12_Fun_31_3_2016/VGA_Keyboard_Computer_V4/keyboard_dino_computer_v12.vhd \
      PB ieee/std_logic_1164 1364358218
AR work/dmg_72_486d14eecadccd6c/dmg_72_486d14eecadccd6c_a 1459571987 \
      FL C:/Users/Adithya/Desktop/Nand2tetriswork/Nand_2_Tetris_V12_Fun_31_3_2016/VGA_Keyboard_Computer_V4/keyboard_dino_computer_v12.vhd \
      EN work/dmg_72_486d14eecadccd6c 1459571986
PH work/conv_pkg 1459571988 \
      FL C:/Users/Adithya/Desktop/Nand2tetriswork/Nand_2_Tetris_V12_Fun_31_3_2016/VGA_Keyboard_Computer_V4/keyboard_dino_computer_v12.vhd \
      PB ieee/std_logic_1164 1364358218 PB ieee/NUMERIC_STD 1364358223
PB work/conv_pkg 1459571989 \
      FL C:/Users/Adithya/Desktop/Nand2tetriswork/Nand_2_Tetris_V12_Fun_31_3_2016/VGA_Keyboard_Computer_V4/keyboard_dino_computer_v12.vhd \
      PH work/conv_pkg 1459571988
EN work/srl17e 1459571990 \
      FL C:/Users/Adithya/Desktop/Nand2tetriswork/Nand_2_Tetris_V12_Fun_31_3_2016/VGA_Keyboard_Computer_V4/keyboard_dino_computer_v12.vhd \
      PB ieee/std_logic_1164 1364358218 PB work/conv_pkg 1459571989
AR work/srl17e/structural 1459571991 \
      FL C:/Users/Adithya/Desktop/Nand2tetriswork/Nand_2_Tetris_V12_Fun_31_3_2016/VGA_Keyboard_Computer_V4/keyboard_dino_computer_v12.vhd \
      EN work/srl17e 1459571990 CP srl16e CP fde
EN work/synth_reg 1459571992 \
      FL C:/Users/Adithya/Desktop/Nand2tetriswork/Nand_2_Tetris_V12_Fun_31_3_2016/VGA_Keyboard_Computer_V4/keyboard_dino_computer_v12.vhd \
      PB ieee/std_logic_1164 1364358218 PB work/conv_pkg 1459571989
AR work/synth_reg/structural 1459571993 \
      FL C:/Users/Adithya/Desktop/Nand2tetriswork/Nand_2_Tetris_V12_Fun_31_3_2016/VGA_Keyboard_Computer_V4/keyboard_dino_computer_v12.vhd \
      EN work/synth_reg 1459571992 CP srl17e
EN work/synth_reg_reg 1459571994 \
      FL C:/Users/Adithya/Desktop/Nand2tetriswork/Nand_2_Tetris_V12_Fun_31_3_2016/VGA_Keyboard_Computer_V4/keyboard_dino_computer_v12.vhd \
      PB ieee/std_logic_1164 1364358218 PB work/conv_pkg 1459571989
AR work/synth_reg_reg/behav 1459571995 \
      FL C:/Users/Adithya/Desktop/Nand2tetriswork/Nand_2_Tetris_V12_Fun_31_3_2016/VGA_Keyboard_Computer_V4/keyboard_dino_computer_v12.vhd \
      EN work/synth_reg_reg 1459571994
EN work/single_reg_w_init 1459571996 \
      FL C:/Users/Adithya/Desktop/Nand2tetriswork/Nand_2_Tetris_V12_Fun_31_3_2016/VGA_Keyboard_Computer_V4/keyboard_dino_computer_v12.vhd \
      PB ieee/std_logic_1164 1364358218 PB work/conv_pkg 1459571989
AR work/single_reg_w_init/structural 1459571997 \
      FL C:/Users/Adithya/Desktop/Nand2tetriswork/Nand_2_Tetris_V12_Fun_31_3_2016/VGA_Keyboard_Computer_V4/keyboard_dino_computer_v12.vhd \
      EN work/single_reg_w_init 1459571996 CP fdre CP fdse
EN work/synth_reg_w_init 1459571998 \
      FL C:/Users/Adithya/Desktop/Nand2tetriswork/Nand_2_Tetris_V12_Fun_31_3_2016/VGA_Keyboard_Computer_V4/keyboard_dino_computer_v12.vhd \
      PB ieee/std_logic_1164 1364358218 PB work/conv_pkg 1459571989
AR work/synth_reg_w_init/structural 1459571999 \
      FL C:/Users/Adithya/Desktop/Nand2tetriswork/Nand_2_Tetris_V12_Fun_31_3_2016/VGA_Keyboard_Computer_V4/keyboard_dino_computer_v12.vhd \
      EN work/synth_reg_w_init 1459571998 CP single_reg_w_init
EN work/convert_func_call 1459572000 \
      FL C:/Users/Adithya/Desktop/Nand2tetriswork/Nand_2_Tetris_V12_Fun_31_3_2016/VGA_Keyboard_Computer_V4/keyboard_dino_computer_v12.vhd \
      PB ieee/std_logic_1164 1364358218 PB work/conv_pkg 1459571989
AR work/convert_func_call/behavior 1459572001 \
      FL C:/Users/Adithya/Desktop/Nand2tetriswork/Nand_2_Tetris_V12_Fun_31_3_2016/VGA_Keyboard_Computer_V4/keyboard_dino_computer_v12.vhd \
      EN work/convert_func_call 1459572000
EN work/xlconvert 1459572002 \
      FL C:/Users/Adithya/Desktop/Nand2tetriswork/Nand_2_Tetris_V12_Fun_31_3_2016/VGA_Keyboard_Computer_V4/keyboard_dino_computer_v12.vhd \
      PB ieee/std_logic_1164 1364358218 PB work/conv_pkg 1459571989
AR work/xlconvert/behavior 1459572003 \
      FL C:/Users/Adithya/Desktop/Nand2tetriswork/Nand_2_Tetris_V12_Fun_31_3_2016/VGA_Keyboard_Computer_V4/keyboard_dino_computer_v12.vhd \
      EN work/xlconvert 1459572002 CP convert_func_call CP synth_reg
EN work/counter_8ec3f4ab23 1459572004 \
      FL C:/Users/Adithya/Desktop/Nand2tetriswork/Nand_2_Tetris_V12_Fun_31_3_2016/VGA_Keyboard_Computer_V4/keyboard_dino_computer_v12.vhd \
      PB ieee/std_logic_1164 1364358218 PB ieee/NUMERIC_STD 1364358223 \
      PB work/conv_pkg 1459571989
AR work/counter_8ec3f4ab23/behavior 1459572005 \
      FL C:/Users/Adithya/Desktop/Nand2tetriswork/Nand_2_Tetris_V12_Fun_31_3_2016/VGA_Keyboard_Computer_V4/keyboard_dino_computer_v12.vhd \
      EN work/counter_8ec3f4ab23 1459572004
EN work/xlusamp 1459572006 \
      FL C:/Users/Adithya/Desktop/Nand2tetriswork/Nand_2_Tetris_V12_Fun_31_3_2016/VGA_Keyboard_Computer_V4/keyboard_dino_computer_v12.vhd \
      PB ieee/std_logic_1164 1364358218 PB work/conv_pkg 1459571989
AR work/xlusamp/struct 1459572007 \
      FL C:/Users/Adithya/Desktop/Nand2tetriswork/Nand_2_Tetris_V12_Fun_31_3_2016/VGA_Keyboard_Computer_V4/keyboard_dino_computer_v12.vhd \
      EN work/xlusamp 1459572006 CP fdse CP synth_reg
EN work/mux_cde5f13da6 1459572008 \
      FL C:/Users/Adithya/Desktop/Nand2tetriswork/Nand_2_Tetris_V12_Fun_31_3_2016/VGA_Keyboard_Computer_V4/keyboard_dino_computer_v12.vhd \
      PB ieee/std_logic_1164 1364358218 PB ieee/NUMERIC_STD 1364358223 \
      PB work/conv_pkg 1459571989
AR work/mux_cde5f13da6/behavior 1459572009 \
      FL C:/Users/Adithya/Desktop/Nand2tetriswork/Nand_2_Tetris_V12_Fun_31_3_2016/VGA_Keyboard_Computer_V4/keyboard_dino_computer_v12.vhd \
      EN work/mux_cde5f13da6 1459572008
EN work/logical_bde51e424d 1459572010 \
      FL C:/Users/Adithya/Desktop/Nand2tetriswork/Nand_2_Tetris_V12_Fun_31_3_2016/VGA_Keyboard_Computer_V4/keyboard_dino_computer_v12.vhd \
      PB ieee/std_logic_1164 1364358218 PB ieee/NUMERIC_STD 1364358223 \
      PB work/conv_pkg 1459571989
AR work/logical_bde51e424d/behavior 1459572011 \
      FL C:/Users/Adithya/Desktop/Nand2tetriswork/Nand_2_Tetris_V12_Fun_31_3_2016/VGA_Keyboard_Computer_V4/keyboard_dino_computer_v12.vhd \
      EN work/logical_bde51e424d 1459572010
EN work/D_FlipFlop 1459572012 \
      FL C:/Users/Adithya/Desktop/Nand2tetriswork/Nand_2_Tetris_V12_Fun_31_3_2016/VGA_Keyboard_Computer_V4/keyboard_dino_computer_v12.vhd \
      PB ieee/std_logic_1164 1364358218
AR work/D_FlipFlop/Behavioral 1459572013 \
      FL C:/Users/Adithya/Desktop/Nand2tetriswork/Nand_2_Tetris_V12_Fun_31_3_2016/VGA_Keyboard_Computer_V4/keyboard_dino_computer_v12.vhd \
      EN work/D_FlipFlop 1459572012
EN work/constant_963ed6358a 1459572014 \
      FL C:/Users/Adithya/Desktop/Nand2tetriswork/Nand_2_Tetris_V12_Fun_31_3_2016/VGA_Keyboard_Computer_V4/keyboard_dino_computer_v12.vhd \
      PB ieee/std_logic_1164 1364358218 PB ieee/NUMERIC_STD 1364358223 \
      PB work/conv_pkg 1459571989
AR work/constant_963ed6358a/behavior 1459572015 \
      FL C:/Users/Adithya/Desktop/Nand2tetriswork/Nand_2_Tetris_V12_Fun_31_3_2016/VGA_Keyboard_Computer_V4/keyboard_dino_computer_v12.vhd \
      EN work/constant_963ed6358a 1459572014
EN work/xlslice 1459572016 \
      FL C:/Users/Adithya/Desktop/Nand2tetriswork/Nand_2_Tetris_V12_Fun_31_3_2016/VGA_Keyboard_Computer_V4/keyboard_dino_computer_v12.vhd \
      PB ieee/std_logic_1164 1364358218 PB ieee/std_logic_arith 1364358219 \
      PB work/conv_pkg 1459571989
AR work/xlslice/behavior 1459572017 \
      FL C:/Users/Adithya/Desktop/Nand2tetriswork/Nand_2_Tetris_V12_Fun_31_3_2016/VGA_Keyboard_Computer_V4/keyboard_dino_computer_v12.vhd \
      EN work/xlslice 1459572016
EN work/constant_6293007044 1459572018 \
      FL C:/Users/Adithya/Desktop/Nand2tetriswork/Nand_2_Tetris_V12_Fun_31_3_2016/VGA_Keyboard_Computer_V4/keyboard_dino_computer_v12.vhd \
      PB ieee/std_logic_1164 1364358218 PB ieee/NUMERIC_STD 1364358223 \
      PB work/conv_pkg 1459571989
AR work/constant_6293007044/behavior 1459572019 \
      FL C:/Users/Adithya/Desktop/Nand2tetriswork/Nand_2_Tetris_V12_Fun_31_3_2016/VGA_Keyboard_Computer_V4/keyboard_dino_computer_v12.vhd \
      EN work/constant_6293007044 1459572018
EN work/xldelay 1459572020 \
      FL C:/Users/Adithya/Desktop/Nand2tetriswork/Nand_2_Tetris_V12_Fun_31_3_2016/VGA_Keyboard_Computer_V4/keyboard_dino_computer_v12.vhd \
      PB ieee/std_logic_1164 1364358218 PB work/conv_pkg 1459571989
AR work/xldelay/behavior 1459572021 \
      FL C:/Users/Adithya/Desktop/Nand2tetriswork/Nand_2_Tetris_V12_Fun_31_3_2016/VGA_Keyboard_Computer_V4/keyboard_dino_computer_v12.vhd \
      EN work/xldelay 1459572020 CP synth_reg CP synth_reg_reg
EN work/concat_3425f785d1 1459572022 \
      FL C:/Users/Adithya/Desktop/Nand2tetriswork/Nand_2_Tetris_V12_Fun_31_3_2016/VGA_Keyboard_Computer_V4/keyboard_dino_computer_v12.vhd \
      PB ieee/std_logic_1164 1364358218 PB ieee/NUMERIC_STD 1364358223 \
      PB work/conv_pkg 1459571989
AR work/concat_3425f785d1/behavior 1459572023 \
      FL C:/Users/Adithya/Desktop/Nand2tetriswork/Nand_2_Tetris_V12_Fun_31_3_2016/VGA_Keyboard_Computer_V4/keyboard_dino_computer_v12.vhd \
      EN work/concat_3425f785d1 1459572022
EN work/delay_f15aea770d 1459572024 \
      FL C:/Users/Adithya/Desktop/Nand2tetriswork/Nand_2_Tetris_V12_Fun_31_3_2016/VGA_Keyboard_Computer_V4/keyboard_dino_computer_v12.vhd \
      PB ieee/std_logic_1164 1364358218 PB ieee/NUMERIC_STD 1364358223 \
      PB work/conv_pkg 1459571989
AR work/delay_f15aea770d/behavior 1459572025 \
      FL C:/Users/Adithya/Desktop/Nand2tetriswork/Nand_2_Tetris_V12_Fun_31_3_2016/VGA_Keyboard_Computer_V4/keyboard_dino_computer_v12.vhd \
      EN work/delay_f15aea770d 1459572024
EN work/delay_4246ea65a9 1459572026 \
      FL C:/Users/Adithya/Desktop/Nand2tetriswork/Nand_2_Tetris_V12_Fun_31_3_2016/VGA_Keyboard_Computer_V4/keyboard_dino_computer_v12.vhd \
      PB ieee/std_logic_1164 1364358218 PB ieee/NUMERIC_STD 1364358223 \
      PB work/conv_pkg 1459571989
AR work/delay_4246ea65a9/behavior 1459572027 \
      FL C:/Users/Adithya/Desktop/Nand2tetriswork/Nand_2_Tetris_V12_Fun_31_3_2016/VGA_Keyboard_Computer_V4/keyboard_dino_computer_v12.vhd \
      EN work/delay_4246ea65a9 1459572026
EN work/xladdsub_Keyboard_dino_Computer_V12 1459572028 \
      FL C:/Users/Adithya/Desktop/Nand2tetriswork/Nand_2_Tetris_V12_Fun_31_3_2016/VGA_Keyboard_Computer_V4/keyboard_dino_computer_v12.vhd \
      PB ieee/std_logic_1164 1364358218 PB ieee/std_logic_arith 1364358219 \
      PB work/conv_pkg 1459571989
AR work/xladdsub_Keyboard_dino_Computer_V12/behavior 1459572029 \
      FL C:/Users/Adithya/Desktop/Nand2tetriswork/Nand_2_Tetris_V12_Fun_31_3_2016/VGA_Keyboard_Computer_V4/keyboard_dino_computer_v12.vhd \
      EN work/xladdsub_Keyboard_dino_Computer_V12 1459572028 \
      CP addsb_11_0_f285ddf23084f166 CP addsb_11_0_ba8da5a9ceeb6963 \
      CP addsb_11_0_dc180f3097483231 CP synth_reg
EN work/constant_498bc68c14 1459572030 \
      FL C:/Users/Adithya/Desktop/Nand2tetriswork/Nand_2_Tetris_V12_Fun_31_3_2016/VGA_Keyboard_Computer_V4/keyboard_dino_computer_v12.vhd \
      PB ieee/std_logic_1164 1364358218 PB ieee/NUMERIC_STD 1364358223 \
      PB work/conv_pkg 1459571989
AR work/constant_498bc68c14/behavior 1459572031 \
      FL C:/Users/Adithya/Desktop/Nand2tetriswork/Nand_2_Tetris_V12_Fun_31_3_2016/VGA_Keyboard_Computer_V4/keyboard_dino_computer_v12.vhd \
      EN work/constant_498bc68c14 1459572030
EN work/constant_9f5572ba51 1459572032 \
      FL C:/Users/Adithya/Desktop/Nand2tetriswork/Nand_2_Tetris_V12_Fun_31_3_2016/VGA_Keyboard_Computer_V4/keyboard_dino_computer_v12.vhd \
      PB ieee/std_logic_1164 1364358218 PB ieee/NUMERIC_STD 1364358223 \
      PB work/conv_pkg 1459571989
AR work/constant_9f5572ba51/behavior 1459572033 \
      FL C:/Users/Adithya/Desktop/Nand2tetriswork/Nand_2_Tetris_V12_Fun_31_3_2016/VGA_Keyboard_Computer_V4/keyboard_dino_computer_v12.vhd \
      EN work/constant_9f5572ba51 1459572032
EN work/constant_3524c8234f 1459572034 \
      FL C:/Users/Adithya/Desktop/Nand2tetriswork/Nand_2_Tetris_V12_Fun_31_3_2016/VGA_Keyboard_Computer_V4/keyboard_dino_computer_v12.vhd \
      PB ieee/std_logic_1164 1364358218 PB ieee/NUMERIC_STD 1364358223 \
      PB work/conv_pkg 1459571989
AR work/constant_3524c8234f/behavior 1459572035 \
      FL C:/Users/Adithya/Desktop/Nand2tetriswork/Nand_2_Tetris_V12_Fun_31_3_2016/VGA_Keyboard_Computer_V4/keyboard_dino_computer_v12.vhd \
      EN work/constant_3524c8234f 1459572034
EN work/constant_5f7a25b1ee 1459572036 \
      FL C:/Users/Adithya/Desktop/Nand2tetriswork/Nand_2_Tetris_V12_Fun_31_3_2016/VGA_Keyboard_Computer_V4/keyboard_dino_computer_v12.vhd \
      PB ieee/std_logic_1164 1364358218 PB ieee/NUMERIC_STD 1364358223 \
      PB work/conv_pkg 1459571989
AR work/constant_5f7a25b1ee/behavior 1459572037 \
      FL C:/Users/Adithya/Desktop/Nand2tetriswork/Nand_2_Tetris_V12_Fun_31_3_2016/VGA_Keyboard_Computer_V4/keyboard_dino_computer_v12.vhd \
      EN work/constant_5f7a25b1ee 1459572036
EN work/constant_c462ec0feb 1459572038 \
      FL C:/Users/Adithya/Desktop/Nand2tetriswork/Nand_2_Tetris_V12_Fun_31_3_2016/VGA_Keyboard_Computer_V4/keyboard_dino_computer_v12.vhd \
      PB ieee/std_logic_1164 1364358218 PB ieee/NUMERIC_STD 1364358223 \
      PB work/conv_pkg 1459571989
AR work/constant_c462ec0feb/behavior 1459572039 \
      FL C:/Users/Adithya/Desktop/Nand2tetriswork/Nand_2_Tetris_V12_Fun_31_3_2016/VGA_Keyboard_Computer_V4/keyboard_dino_computer_v12.vhd \
      EN work/constant_c462ec0feb 1459572038
EN work/xldpram_dist_Keyboard_dino_Computer_V12 1459572040 \
      FL C:/Users/Adithya/Desktop/Nand2tetriswork/Nand_2_Tetris_V12_Fun_31_3_2016/VGA_Keyboard_Computer_V4/keyboard_dino_computer_v12.vhd \
      PB ieee/std_logic_1164 1364358218 PB work/conv_pkg 1459571989
AR work/xldpram_dist_Keyboard_dino_Computer_V12/behavior 1459572041 \
      FL C:/Users/Adithya/Desktop/Nand2tetriswork/Nand_2_Tetris_V12_Fun_31_3_2016/VGA_Keyboard_Computer_V4/keyboard_dino_computer_v12.vhd \
      EN work/xldpram_dist_Keyboard_dino_Computer_V12 1459572040 CP synth_reg \
      CP dmg_72_486d14eecadccd6c
EN work/xldpram_Keyboard_dino_Computer_V12 1459572042 \
      FL C:/Users/Adithya/Desktop/Nand2tetriswork/Nand_2_Tetris_V12_Fun_31_3_2016/VGA_Keyboard_Computer_V4/keyboard_dino_computer_v12.vhd \
      PB ieee/std_logic_1164 1364358218 PB ieee/std_logic_arith 1364358219 \
      PB work/conv_pkg 1459571989
AR work/xldpram_Keyboard_dino_Computer_V12/behavior 1459572043 \
      FL C:/Users/Adithya/Desktop/Nand2tetriswork/Nand_2_Tetris_V12_Fun_31_3_2016/VGA_Keyboard_Computer_V4/keyboard_dino_computer_v12.vhd \
      EN work/xldpram_Keyboard_dino_Computer_V12 1459572042 \
      CP bmg_72_9feca0d304d5757b CP bmg_72_e8fe9883cd15d256 CP synth_reg
EN work/logical_80f90b97d0 1459572044 \
      FL C:/Users/Adithya/Desktop/Nand2tetriswork/Nand_2_Tetris_V12_Fun_31_3_2016/VGA_Keyboard_Computer_V4/keyboard_dino_computer_v12.vhd \
      PB ieee/std_logic_1164 1364358218 PB ieee/NUMERIC_STD 1364358223 \
      PB work/conv_pkg 1459571989
AR work/logical_80f90b97d0/behavior 1459572045 \
      FL C:/Users/Adithya/Desktop/Nand2tetriswork/Nand_2_Tetris_V12_Fun_31_3_2016/VGA_Keyboard_Computer_V4/keyboard_dino_computer_v12.vhd \
      EN work/logical_80f90b97d0 1459572044
EN work/relational_5584813830 1459572046 \
      FL C:/Users/Adithya/Desktop/Nand2tetriswork/Nand_2_Tetris_V12_Fun_31_3_2016/VGA_Keyboard_Computer_V4/keyboard_dino_computer_v12.vhd \
      PB ieee/std_logic_1164 1364358218 PB ieee/NUMERIC_STD 1364358223 \
      PB work/conv_pkg 1459571989
AR work/relational_5584813830/behavior 1459572047 \
      FL C:/Users/Adithya/Desktop/Nand2tetriswork/Nand_2_Tetris_V12_Fun_31_3_2016/VGA_Keyboard_Computer_V4/keyboard_dino_computer_v12.vhd \
      EN work/relational_5584813830 1459572046
EN work/relational_96bdb515d9 1459572048 \
      FL C:/Users/Adithya/Desktop/Nand2tetriswork/Nand_2_Tetris_V12_Fun_31_3_2016/VGA_Keyboard_Computer_V4/keyboard_dino_computer_v12.vhd \
      PB ieee/std_logic_1164 1364358218 PB ieee/NUMERIC_STD 1364358223 \
      PB work/conv_pkg 1459571989
AR work/relational_96bdb515d9/behavior 1459572049 \
      FL C:/Users/Adithya/Desktop/Nand2tetriswork/Nand_2_Tetris_V12_Fun_31_3_2016/VGA_Keyboard_Computer_V4/keyboard_dino_computer_v12.vhd \
      EN work/relational_96bdb515d9 1459572048
EN work/relational_7a7af7b80d 1459572050 \
      FL C:/Users/Adithya/Desktop/Nand2tetriswork/Nand_2_Tetris_V12_Fun_31_3_2016/VGA_Keyboard_Computer_V4/keyboard_dino_computer_v12.vhd \
      PB ieee/std_logic_1164 1364358218 PB ieee/NUMERIC_STD 1364358223 \
      PB work/conv_pkg 1459571989
AR work/relational_7a7af7b80d/behavior 1459572051 \
      FL C:/Users/Adithya/Desktop/Nand2tetriswork/Nand_2_Tetris_V12_Fun_31_3_2016/VGA_Keyboard_Computer_V4/keyboard_dino_computer_v12.vhd \
      EN work/relational_7a7af7b80d 1459572050
EN work/inverter_e5b38cca3b 1459572052 \
      FL C:/Users/Adithya/Desktop/Nand2tetriswork/Nand_2_Tetris_V12_Fun_31_3_2016/VGA_Keyboard_Computer_V4/keyboard_dino_computer_v12.vhd \
      PB ieee/std_logic_1164 1364358218 PB ieee/NUMERIC_STD 1364358223 \
      PB work/conv_pkg 1459571989
AR work/inverter_e5b38cca3b/behavior 1459572053 \
      FL C:/Users/Adithya/Desktop/Nand2tetriswork/Nand_2_Tetris_V12_Fun_31_3_2016/VGA_Keyboard_Computer_V4/keyboard_dino_computer_v12.vhd \
      EN work/inverter_e5b38cca3b 1459572052
EN work/logical_dfe2dded7f 1459572054 \
      FL C:/Users/Adithya/Desktop/Nand2tetriswork/Nand_2_Tetris_V12_Fun_31_3_2016/VGA_Keyboard_Computer_V4/keyboard_dino_computer_v12.vhd \
      PB ieee/std_logic_1164 1364358218 PB ieee/NUMERIC_STD 1364358223 \
      PB work/conv_pkg 1459571989
AR work/logical_dfe2dded7f/behavior 1459572055 \
      FL C:/Users/Adithya/Desktop/Nand2tetriswork/Nand_2_Tetris_V12_Fun_31_3_2016/VGA_Keyboard_Computer_V4/keyboard_dino_computer_v12.vhd \
      EN work/logical_dfe2dded7f 1459572054
EN work/xlregister 1459572056 \
      FL C:/Users/Adithya/Desktop/Nand2tetriswork/Nand_2_Tetris_V12_Fun_31_3_2016/VGA_Keyboard_Computer_V4/keyboard_dino_computer_v12.vhd \
      PB ieee/std_logic_1164 1364358218 PB work/conv_pkg 1459571989
AR work/xlregister/behavior 1459572057 \
      FL C:/Users/Adithya/Desktop/Nand2tetriswork/Nand_2_Tetris_V12_Fun_31_3_2016/VGA_Keyboard_Computer_V4/keyboard_dino_computer_v12.vhd \
      EN work/xlregister 1459572056 CP synth_reg_w_init
EN work/constant_566137e191 1459572058 \
      FL C:/Users/Adithya/Desktop/Nand2tetriswork/Nand_2_Tetris_V12_Fun_31_3_2016/VGA_Keyboard_Computer_V4/keyboard_dino_computer_v12.vhd \
      PB ieee/std_logic_1164 1364358218 PB ieee/NUMERIC_STD 1364358223 \
      PB work/conv_pkg 1459571989
AR work/constant_566137e191/behavior 1459572059 \
      FL C:/Users/Adithya/Desktop/Nand2tetriswork/Nand_2_Tetris_V12_Fun_31_3_2016/VGA_Keyboard_Computer_V4/keyboard_dino_computer_v12.vhd \
      EN work/constant_566137e191 1459572058
EN work/logical_aacf6e1b0e 1459572060 \
      FL C:/Users/Adithya/Desktop/Nand2tetriswork/Nand_2_Tetris_V12_Fun_31_3_2016/VGA_Keyboard_Computer_V4/keyboard_dino_computer_v12.vhd \
      PB ieee/std_logic_1164 1364358218 PB ieee/NUMERIC_STD 1364358223 \
      PB work/conv_pkg 1459571989
AR work/logical_aacf6e1b0e/behavior 1459572061 \
      FL C:/Users/Adithya/Desktop/Nand2tetriswork/Nand_2_Tetris_V12_Fun_31_3_2016/VGA_Keyboard_Computer_V4/keyboard_dino_computer_v12.vhd \
      EN work/logical_aacf6e1b0e 1459572060
EN work/relational_54048c8b02 1459572062 \
      FL C:/Users/Adithya/Desktop/Nand2tetriswork/Nand_2_Tetris_V12_Fun_31_3_2016/VGA_Keyboard_Computer_V4/keyboard_dino_computer_v12.vhd \
      PB ieee/std_logic_1164 1364358218 PB ieee/NUMERIC_STD 1364358223 \
      PB work/conv_pkg 1459571989
AR work/relational_54048c8b02/behavior 1459572063 \
      FL C:/Users/Adithya/Desktop/Nand2tetriswork/Nand_2_Tetris_V12_Fun_31_3_2016/VGA_Keyboard_Computer_V4/keyboard_dino_computer_v12.vhd \
      EN work/relational_54048c8b02 1459572062
EN work/relational_16235eb2bf 1459572064 \
      FL C:/Users/Adithya/Desktop/Nand2tetriswork/Nand_2_Tetris_V12_Fun_31_3_2016/VGA_Keyboard_Computer_V4/keyboard_dino_computer_v12.vhd \
      PB ieee/std_logic_1164 1364358218 PB ieee/NUMERIC_STD 1364358223 \
      PB work/conv_pkg 1459571989
AR work/relational_16235eb2bf/behavior 1459572065 \
      FL C:/Users/Adithya/Desktop/Nand2tetriswork/Nand_2_Tetris_V12_Fun_31_3_2016/VGA_Keyboard_Computer_V4/keyboard_dino_computer_v12.vhd \
      EN work/relational_16235eb2bf 1459572064
EN work/constant_91ef1678ca 1459572066 \
      FL C:/Users/Adithya/Desktop/Nand2tetriswork/Nand_2_Tetris_V12_Fun_31_3_2016/VGA_Keyboard_Computer_V4/keyboard_dino_computer_v12.vhd \
      PB ieee/std_logic_1164 1364358218 PB ieee/NUMERIC_STD 1364358223 \
      PB work/conv_pkg 1459571989
AR work/constant_91ef1678ca/behavior 1459572067 \
      FL C:/Users/Adithya/Desktop/Nand2tetriswork/Nand_2_Tetris_V12_Fun_31_3_2016/VGA_Keyboard_Computer_V4/keyboard_dino_computer_v12.vhd \
      EN work/constant_91ef1678ca 1459572066
EN work/concat_a0fa71d0d3 1459572068 \
      FL C:/Users/Adithya/Desktop/Nand2tetriswork/Nand_2_Tetris_V12_Fun_31_3_2016/VGA_Keyboard_Computer_V4/keyboard_dino_computer_v12.vhd \
      PB ieee/std_logic_1164 1364358218 PB ieee/NUMERIC_STD 1364358223 \
      PB work/conv_pkg 1459571989
AR work/concat_a0fa71d0d3/behavior 1459572069 \
      FL C:/Users/Adithya/Desktop/Nand2tetriswork/Nand_2_Tetris_V12_Fun_31_3_2016/VGA_Keyboard_Computer_V4/keyboard_dino_computer_v12.vhd \
      EN work/concat_a0fa71d0d3 1459572068
EN work/counter_fe1dd878cf 1459572070 \
      FL C:/Users/Adithya/Desktop/Nand2tetriswork/Nand_2_Tetris_V12_Fun_31_3_2016/VGA_Keyboard_Computer_V4/keyboard_dino_computer_v12.vhd \
      PB ieee/std_logic_1164 1364358218 PB ieee/NUMERIC_STD 1364358223 \
      PB work/conv_pkg 1459571989
AR work/counter_fe1dd878cf/behavior 1459572071 \
      FL C:/Users/Adithya/Desktop/Nand2tetriswork/Nand_2_Tetris_V12_Fun_31_3_2016/VGA_Keyboard_Computer_V4/keyboard_dino_computer_v12.vhd \
      EN work/counter_fe1dd878cf 1459572070
EN work/constant_67ad97ca70 1459572072 \
      FL C:/Users/Adithya/Desktop/Nand2tetriswork/Nand_2_Tetris_V12_Fun_31_3_2016/VGA_Keyboard_Computer_V4/keyboard_dino_computer_v12.vhd \
      PB ieee/std_logic_1164 1364358218 PB ieee/NUMERIC_STD 1364358223 \
      PB work/conv_pkg 1459571989
AR work/constant_67ad97ca70/behavior 1459572073 \
      FL C:/Users/Adithya/Desktop/Nand2tetriswork/Nand_2_Tetris_V12_Fun_31_3_2016/VGA_Keyboard_Computer_V4/keyboard_dino_computer_v12.vhd \
      EN work/constant_67ad97ca70 1459572072
EN work/constant_c0ce4ae10c 1459572074 \
      FL C:/Users/Adithya/Desktop/Nand2tetriswork/Nand_2_Tetris_V12_Fun_31_3_2016/VGA_Keyboard_Computer_V4/keyboard_dino_computer_v12.vhd \
      PB ieee/std_logic_1164 1364358218 PB ieee/NUMERIC_STD 1364358223 \
      PB work/conv_pkg 1459571989
AR work/constant_c0ce4ae10c/behavior 1459572075 \
      FL C:/Users/Adithya/Desktop/Nand2tetriswork/Nand_2_Tetris_V12_Fun_31_3_2016/VGA_Keyboard_Computer_V4/keyboard_dino_computer_v12.vhd \
      EN work/constant_c0ce4ae10c 1459572074
EN work/relational_4d3cfceaf4 1459572076 \
      FL C:/Users/Adithya/Desktop/Nand2tetriswork/Nand_2_Tetris_V12_Fun_31_3_2016/VGA_Keyboard_Computer_V4/keyboard_dino_computer_v12.vhd \
      PB ieee/std_logic_1164 1364358218 PB ieee/NUMERIC_STD 1364358223 \
      PB work/conv_pkg 1459571989
AR work/relational_4d3cfceaf4/behavior 1459572077 \
      FL C:/Users/Adithya/Desktop/Nand2tetriswork/Nand_2_Tetris_V12_Fun_31_3_2016/VGA_Keyboard_Computer_V4/keyboard_dino_computer_v12.vhd \
      EN work/relational_4d3cfceaf4 1459572076
EN work/concat_32afb77cd2 1459572078 \
      FL C:/Users/Adithya/Desktop/Nand2tetriswork/Nand_2_Tetris_V12_Fun_31_3_2016/VGA_Keyboard_Computer_V4/keyboard_dino_computer_v12.vhd \
      PB ieee/std_logic_1164 1364358218 PB ieee/NUMERIC_STD 1364358223 \
      PB work/conv_pkg 1459571989
AR work/concat_32afb77cd2/behavior 1459572079 \
      FL C:/Users/Adithya/Desktop/Nand2tetriswork/Nand_2_Tetris_V12_Fun_31_3_2016/VGA_Keyboard_Computer_V4/keyboard_dino_computer_v12.vhd \
      EN work/concat_32afb77cd2 1459572078
EN work/constant_19562ab42f 1459572080 \
      FL C:/Users/Adithya/Desktop/Nand2tetriswork/Nand_2_Tetris_V12_Fun_31_3_2016/VGA_Keyboard_Computer_V4/keyboard_dino_computer_v12.vhd \
      PB ieee/std_logic_1164 1364358218 PB ieee/NUMERIC_STD 1364358223 \
      PB work/conv_pkg 1459571989
AR work/constant_19562ab42f/behavior 1459572081 \
      FL C:/Users/Adithya/Desktop/Nand2tetriswork/Nand_2_Tetris_V12_Fun_31_3_2016/VGA_Keyboard_Computer_V4/keyboard_dino_computer_v12.vhd \
      EN work/constant_19562ab42f 1459572080
EN work/mux_897e616d40 1459572082 \
      FL C:/Users/Adithya/Desktop/Nand2tetriswork/Nand_2_Tetris_V12_Fun_31_3_2016/VGA_Keyboard_Computer_V4/keyboard_dino_computer_v12.vhd \
      PB ieee/std_logic_1164 1364358218 PB ieee/NUMERIC_STD 1364358223 \
      PB work/conv_pkg 1459571989
AR work/mux_897e616d40/behavior 1459572083 \
      FL C:/Users/Adithya/Desktop/Nand2tetriswork/Nand_2_Tetris_V12_Fun_31_3_2016/VGA_Keyboard_Computer_V4/keyboard_dino_computer_v12.vhd \
      EN work/mux_897e616d40 1459572082
EN work/relational_6dad3a03fc 1459572084 \
      FL C:/Users/Adithya/Desktop/Nand2tetriswork/Nand_2_Tetris_V12_Fun_31_3_2016/VGA_Keyboard_Computer_V4/keyboard_dino_computer_v12.vhd \
      PB ieee/std_logic_1164 1364358218 PB ieee/NUMERIC_STD 1364358223 \
      PB work/conv_pkg 1459571989
AR work/relational_6dad3a03fc/behavior 1459572085 \
      FL C:/Users/Adithya/Desktop/Nand2tetriswork/Nand_2_Tetris_V12_Fun_31_3_2016/VGA_Keyboard_Computer_V4/keyboard_dino_computer_v12.vhd \
      EN work/relational_6dad3a03fc 1459572084
EN work/xls2p 1459572086 \
      FL C:/Users/Adithya/Desktop/Nand2tetriswork/Nand_2_Tetris_V12_Fun_31_3_2016/VGA_Keyboard_Computer_V4/keyboard_dino_computer_v12.vhd \
      PB ieee/std_logic_1164 1364358218 PB work/conv_pkg 1459571989
AR work/xls2p/synth_behavioral 1459572087 \
      FL C:/Users/Adithya/Desktop/Nand2tetriswork/Nand_2_Tetris_V12_Fun_31_3_2016/VGA_Keyboard_Computer_V4/keyboard_dino_computer_v12.vhd \
      EN work/xls2p 1459572086 CP synth_reg CP synth_reg_w_init
EN work/constant_145086465d 1459572088 \
      FL C:/Users/Adithya/Desktop/Nand2tetriswork/Nand_2_Tetris_V12_Fun_31_3_2016/VGA_Keyboard_Computer_V4/keyboard_dino_computer_v12.vhd \
      PB ieee/std_logic_1164 1364358218 PB ieee/NUMERIC_STD 1364358223 \
      PB work/conv_pkg 1459571989
AR work/constant_145086465d/behavior 1459572089 \
      FL C:/Users/Adithya/Desktop/Nand2tetriswork/Nand_2_Tetris_V12_Fun_31_3_2016/VGA_Keyboard_Computer_V4/keyboard_dino_computer_v12.vhd \
      EN work/constant_145086465d 1459572088
EN work/constant_a629aefb53 1459572090 \
      FL C:/Users/Adithya/Desktop/Nand2tetriswork/Nand_2_Tetris_V12_Fun_31_3_2016/VGA_Keyboard_Computer_V4/keyboard_dino_computer_v12.vhd \
      PB ieee/std_logic_1164 1364358218 PB ieee/NUMERIC_STD 1364358223 \
      PB work/conv_pkg 1459571989
AR work/constant_a629aefb53/behavior 1459572091 \
      FL C:/Users/Adithya/Desktop/Nand2tetriswork/Nand_2_Tetris_V12_Fun_31_3_2016/VGA_Keyboard_Computer_V4/keyboard_dino_computer_v12.vhd \
      EN work/constant_a629aefb53 1459572090
EN work/constant_5c1626e05e 1459572092 \
      FL C:/Users/Adithya/Desktop/Nand2tetriswork/Nand_2_Tetris_V12_Fun_31_3_2016/VGA_Keyboard_Computer_V4/keyboard_dino_computer_v12.vhd \
      PB ieee/std_logic_1164 1364358218 PB ieee/NUMERIC_STD 1364358223 \
      PB work/conv_pkg 1459571989
AR work/constant_5c1626e05e/behavior 1459572093 \
      FL C:/Users/Adithya/Desktop/Nand2tetriswork/Nand_2_Tetris_V12_Fun_31_3_2016/VGA_Keyboard_Computer_V4/keyboard_dino_computer_v12.vhd \
      EN work/constant_5c1626e05e 1459572092
EN work/constant_c3074fb6dc 1459572094 \
      FL C:/Users/Adithya/Desktop/Nand2tetriswork/Nand_2_Tetris_V12_Fun_31_3_2016/VGA_Keyboard_Computer_V4/keyboard_dino_computer_v12.vhd \
      PB ieee/std_logic_1164 1364358218 PB ieee/NUMERIC_STD 1364358223 \
      PB work/conv_pkg 1459571989
AR work/constant_c3074fb6dc/behavior 1459572095 \
      FL C:/Users/Adithya/Desktop/Nand2tetriswork/Nand_2_Tetris_V12_Fun_31_3_2016/VGA_Keyboard_Computer_V4/keyboard_dino_computer_v12.vhd \
      EN work/constant_c3074fb6dc 1459572094
EN work/constant_3af61a22d9 1459572096 \
      FL C:/Users/Adithya/Desktop/Nand2tetriswork/Nand_2_Tetris_V12_Fun_31_3_2016/VGA_Keyboard_Computer_V4/keyboard_dino_computer_v12.vhd \
      PB ieee/std_logic_1164 1364358218 PB ieee/NUMERIC_STD 1364358223 \
      PB work/conv_pkg 1459571989
AR work/constant_3af61a22d9/behavior 1459572097 \
      FL C:/Users/Adithya/Desktop/Nand2tetriswork/Nand_2_Tetris_V12_Fun_31_3_2016/VGA_Keyboard_Computer_V4/keyboard_dino_computer_v12.vhd \
      EN work/constant_3af61a22d9 1459572096
EN work/constant_fac28d1ec7 1459572098 \
      FL C:/Users/Adithya/Desktop/Nand2tetriswork/Nand_2_Tetris_V12_Fun_31_3_2016/VGA_Keyboard_Computer_V4/keyboard_dino_computer_v12.vhd \
      PB ieee/std_logic_1164 1364358218 PB ieee/NUMERIC_STD 1364358223 \
      PB work/conv_pkg 1459571989
AR work/constant_fac28d1ec7/behavior 1459572099 \
      FL C:/Users/Adithya/Desktop/Nand2tetriswork/Nand_2_Tetris_V12_Fun_31_3_2016/VGA_Keyboard_Computer_V4/keyboard_dino_computer_v12.vhd \
      EN work/constant_fac28d1ec7 1459572098
EN work/constant_06590e4008 1459572100 \
      FL C:/Users/Adithya/Desktop/Nand2tetriswork/Nand_2_Tetris_V12_Fun_31_3_2016/VGA_Keyboard_Computer_V4/keyboard_dino_computer_v12.vhd \
      PB ieee/std_logic_1164 1364358218 PB ieee/NUMERIC_STD 1364358223 \
      PB work/conv_pkg 1459571989
AR work/constant_06590e4008/behavior 1459572101 \
      FL C:/Users/Adithya/Desktop/Nand2tetriswork/Nand_2_Tetris_V12_Fun_31_3_2016/VGA_Keyboard_Computer_V4/keyboard_dino_computer_v12.vhd \
      EN work/constant_06590e4008 1459572100
EN work/constant_e8ddc079e9 1459572102 \
      FL C:/Users/Adithya/Desktop/Nand2tetriswork/Nand_2_Tetris_V12_Fun_31_3_2016/VGA_Keyboard_Computer_V4/keyboard_dino_computer_v12.vhd \
      PB ieee/std_logic_1164 1364358218 PB ieee/NUMERIC_STD 1364358223 \
      PB work/conv_pkg 1459571989
AR work/constant_e8ddc079e9/behavior 1459572103 \
      FL C:/Users/Adithya/Desktop/Nand2tetriswork/Nand_2_Tetris_V12_Fun_31_3_2016/VGA_Keyboard_Computer_V4/keyboard_dino_computer_v12.vhd \
      EN work/constant_e8ddc079e9 1459572102
EN work/constant_3a9a3daeb9 1459572104 \
      FL C:/Users/Adithya/Desktop/Nand2tetriswork/Nand_2_Tetris_V12_Fun_31_3_2016/VGA_Keyboard_Computer_V4/keyboard_dino_computer_v12.vhd \
      PB ieee/std_logic_1164 1364358218 PB ieee/NUMERIC_STD 1364358223 \
      PB work/conv_pkg 1459571989
AR work/constant_3a9a3daeb9/behavior 1459572105 \
      FL C:/Users/Adithya/Desktop/Nand2tetriswork/Nand_2_Tetris_V12_Fun_31_3_2016/VGA_Keyboard_Computer_V4/keyboard_dino_computer_v12.vhd \
      EN work/constant_3a9a3daeb9 1459572104
EN work/constant_469094441c 1459572106 \
      FL C:/Users/Adithya/Desktop/Nand2tetriswork/Nand_2_Tetris_V12_Fun_31_3_2016/VGA_Keyboard_Computer_V4/keyboard_dino_computer_v12.vhd \
      PB ieee/std_logic_1164 1364358218 PB ieee/NUMERIC_STD 1364358223 \
      PB work/conv_pkg 1459571989
AR work/constant_469094441c/behavior 1459572107 \
      FL C:/Users/Adithya/Desktop/Nand2tetriswork/Nand_2_Tetris_V12_Fun_31_3_2016/VGA_Keyboard_Computer_V4/keyboard_dino_computer_v12.vhd \
      EN work/constant_469094441c 1459572106
EN work/constant_4e64dfaf34 1459572108 \
      FL C:/Users/Adithya/Desktop/Nand2tetriswork/Nand_2_Tetris_V12_Fun_31_3_2016/VGA_Keyboard_Computer_V4/keyboard_dino_computer_v12.vhd \
      PB ieee/std_logic_1164 1364358218 PB ieee/NUMERIC_STD 1364358223 \
      PB work/conv_pkg 1459571989
AR work/constant_4e64dfaf34/behavior 1459572109 \
      FL C:/Users/Adithya/Desktop/Nand2tetriswork/Nand_2_Tetris_V12_Fun_31_3_2016/VGA_Keyboard_Computer_V4/keyboard_dino_computer_v12.vhd \
      EN work/constant_4e64dfaf34 1459572108
EN work/constant_263f209841 1459572110 \
      FL C:/Users/Adithya/Desktop/Nand2tetriswork/Nand_2_Tetris_V12_Fun_31_3_2016/VGA_Keyboard_Computer_V4/keyboard_dino_computer_v12.vhd \
      PB ieee/std_logic_1164 1364358218 PB ieee/NUMERIC_STD 1364358223 \
      PB work/conv_pkg 1459571989
AR work/constant_263f209841/behavior 1459572111 \
      FL C:/Users/Adithya/Desktop/Nand2tetriswork/Nand_2_Tetris_V12_Fun_31_3_2016/VGA_Keyboard_Computer_V4/keyboard_dino_computer_v12.vhd \
      EN work/constant_263f209841 1459572110
EN work/constant_1d6ad1c713 1459572112 \
      FL C:/Users/Adithya/Desktop/Nand2tetriswork/Nand_2_Tetris_V12_Fun_31_3_2016/VGA_Keyboard_Computer_V4/keyboard_dino_computer_v12.vhd \
      PB ieee/std_logic_1164 1364358218 PB ieee/NUMERIC_STD 1364358223 \
      PB work/conv_pkg 1459571989
AR work/constant_1d6ad1c713/behavior 1459572113 \
      FL C:/Users/Adithya/Desktop/Nand2tetriswork/Nand_2_Tetris_V12_Fun_31_3_2016/VGA_Keyboard_Computer_V4/keyboard_dino_computer_v12.vhd \
      EN work/constant_1d6ad1c713 1459572112
EN work/relational_c7182f92c9 1459572114 \
      FL C:/Users/Adithya/Desktop/Nand2tetriswork/Nand_2_Tetris_V12_Fun_31_3_2016/VGA_Keyboard_Computer_V4/keyboard_dino_computer_v12.vhd \
      PB ieee/std_logic_1164 1364358218 PB ieee/NUMERIC_STD 1364358223 \
      PB work/conv_pkg 1459571989
AR work/relational_c7182f92c9/behavior 1459572115 \
      FL C:/Users/Adithya/Desktop/Nand2tetriswork/Nand_2_Tetris_V12_Fun_31_3_2016/VGA_Keyboard_Computer_V4/keyboard_dino_computer_v12.vhd \
      EN work/relational_c7182f92c9 1459572114
EN work/relational_d87b4c3e83 1459572116 \
      FL C:/Users/Adithya/Desktop/Nand2tetriswork/Nand_2_Tetris_V12_Fun_31_3_2016/VGA_Keyboard_Computer_V4/keyboard_dino_computer_v12.vhd \
      PB ieee/std_logic_1164 1364358218 PB ieee/NUMERIC_STD 1364358223 \
      PB work/conv_pkg 1459571989
AR work/relational_d87b4c3e83/behavior 1459572117 \
      FL C:/Users/Adithya/Desktop/Nand2tetriswork/Nand_2_Tetris_V12_Fun_31_3_2016/VGA_Keyboard_Computer_V4/keyboard_dino_computer_v12.vhd \
      EN work/relational_d87b4c3e83 1459572116
EN work/relational_5590718669 1459572118 \
      FL C:/Users/Adithya/Desktop/Nand2tetriswork/Nand_2_Tetris_V12_Fun_31_3_2016/VGA_Keyboard_Computer_V4/keyboard_dino_computer_v12.vhd \
      PB ieee/std_logic_1164 1364358218 PB ieee/NUMERIC_STD 1364358223 \
      PB work/conv_pkg 1459571989
AR work/relational_5590718669/behavior 1459572119 \
      FL C:/Users/Adithya/Desktop/Nand2tetriswork/Nand_2_Tetris_V12_Fun_31_3_2016/VGA_Keyboard_Computer_V4/keyboard_dino_computer_v12.vhd \
      EN work/relational_5590718669 1459572118
EN work/xlcmult_Keyboard_dino_Computer_V12 1459572120 \
      FL C:/Users/Adithya/Desktop/Nand2tetriswork/Nand_2_Tetris_V12_Fun_31_3_2016/VGA_Keyboard_Computer_V4/keyboard_dino_computer_v12.vhd \
      PB ieee/std_logic_1164 1364358218 PB ieee/std_logic_arith 1364358219 \
      PB work/conv_pkg 1459571989
AR work/xlcmult_Keyboard_dino_Computer_V12/behavior 1459572121 \
      FL C:/Users/Adithya/Desktop/Nand2tetriswork/Nand_2_Tetris_V12_Fun_31_3_2016/VGA_Keyboard_Computer_V4/keyboard_dino_computer_v12.vhd \
      EN work/xlcmult_Keyboard_dino_Computer_V12 1459572120 \
      CP cmlt_11_2_a41d4032b042da44 CP cmlt_11_2_e4c46939f284af86 \
      CP cmlt_11_2_f2e902bf2e24e565 CP synth_reg
EN work/concat_09e13b86e0 1459572122 \
      FL C:/Users/Adithya/Desktop/Nand2tetriswork/Nand_2_Tetris_V12_Fun_31_3_2016/VGA_Keyboard_Computer_V4/keyboard_dino_computer_v12.vhd \
      PB ieee/std_logic_1164 1364358218 PB ieee/NUMERIC_STD 1364358223 \
      PB work/conv_pkg 1459571989
AR work/concat_09e13b86e0/behavior 1459572123 \
      FL C:/Users/Adithya/Desktop/Nand2tetriswork/Nand_2_Tetris_V12_Fun_31_3_2016/VGA_Keyboard_Computer_V4/keyboard_dino_computer_v12.vhd \
      EN work/concat_09e13b86e0 1459572122
EN work/constant_e25c15316f 1459572124 \
      FL C:/Users/Adithya/Desktop/Nand2tetriswork/Nand_2_Tetris_V12_Fun_31_3_2016/VGA_Keyboard_Computer_V4/keyboard_dino_computer_v12.vhd \
      PB ieee/std_logic_1164 1364358218 PB ieee/NUMERIC_STD 1364358223 \
      PB work/conv_pkg 1459571989
AR work/constant_e25c15316f/behavior 1459572125 \
      FL C:/Users/Adithya/Desktop/Nand2tetriswork/Nand_2_Tetris_V12_Fun_31_3_2016/VGA_Keyboard_Computer_V4/keyboard_dino_computer_v12.vhd \
      EN work/constant_e25c15316f 1459572124
EN work/constant_36270b4c8f 1459572126 \
      FL C:/Users/Adithya/Desktop/Nand2tetriswork/Nand_2_Tetris_V12_Fun_31_3_2016/VGA_Keyboard_Computer_V4/keyboard_dino_computer_v12.vhd \
      PB ieee/std_logic_1164 1364358218 PB ieee/NUMERIC_STD 1364358223 \
      PB work/conv_pkg 1459571989
AR work/constant_36270b4c8f/behavior 1459572127 \
      FL C:/Users/Adithya/Desktop/Nand2tetriswork/Nand_2_Tetris_V12_Fun_31_3_2016/VGA_Keyboard_Computer_V4/keyboard_dino_computer_v12.vhd \
      EN work/constant_36270b4c8f 1459572126
EN work/constant_c9d627f634 1459572128 \
      FL C:/Users/Adithya/Desktop/Nand2tetriswork/Nand_2_Tetris_V12_Fun_31_3_2016/VGA_Keyboard_Computer_V4/keyboard_dino_computer_v12.vhd \
      PB ieee/std_logic_1164 1364358218 PB ieee/NUMERIC_STD 1364358223 \
      PB work/conv_pkg 1459571989
AR work/constant_c9d627f634/behavior 1459572129 \
      FL C:/Users/Adithya/Desktop/Nand2tetriswork/Nand_2_Tetris_V12_Fun_31_3_2016/VGA_Keyboard_Computer_V4/keyboard_dino_computer_v12.vhd \
      EN work/constant_c9d627f634 1459572128
EN work/constant_f488b54643 1459572130 \
      FL C:/Users/Adithya/Desktop/Nand2tetriswork/Nand_2_Tetris_V12_Fun_31_3_2016/VGA_Keyboard_Computer_V4/keyboard_dino_computer_v12.vhd \
      PB ieee/std_logic_1164 1364358218 PB ieee/NUMERIC_STD 1364358223 \
      PB work/conv_pkg 1459571989
AR work/constant_f488b54643/behavior 1459572131 \
      FL C:/Users/Adithya/Desktop/Nand2tetriswork/Nand_2_Tetris_V12_Fun_31_3_2016/VGA_Keyboard_Computer_V4/keyboard_dino_computer_v12.vhd \
      EN work/constant_f488b54643 1459572130
EN work/constant_f6f157f01e 1459572132 \
      FL C:/Users/Adithya/Desktop/Nand2tetriswork/Nand_2_Tetris_V12_Fun_31_3_2016/VGA_Keyboard_Computer_V4/keyboard_dino_computer_v12.vhd \
      PB ieee/std_logic_1164 1364358218 PB ieee/NUMERIC_STD 1364358223 \
      PB work/conv_pkg 1459571989
AR work/constant_f6f157f01e/behavior 1459572133 \
      FL C:/Users/Adithya/Desktop/Nand2tetriswork/Nand_2_Tetris_V12_Fun_31_3_2016/VGA_Keyboard_Computer_V4/keyboard_dino_computer_v12.vhd \
      EN work/constant_f6f157f01e 1459572132
EN work/constant_b8111c12bb 1459572134 \
      FL C:/Users/Adithya/Desktop/Nand2tetriswork/Nand_2_Tetris_V12_Fun_31_3_2016/VGA_Keyboard_Computer_V4/keyboard_dino_computer_v12.vhd \
      PB ieee/std_logic_1164 1364358218 PB ieee/NUMERIC_STD 1364358223 \
      PB work/conv_pkg 1459571989
AR work/constant_b8111c12bb/behavior 1459572135 \
      FL C:/Users/Adithya/Desktop/Nand2tetriswork/Nand_2_Tetris_V12_Fun_31_3_2016/VGA_Keyboard_Computer_V4/keyboard_dino_computer_v12.vhd \
      EN work/constant_b8111c12bb 1459572134
EN work/counter_405872354b 1459572136 \
      FL C:/Users/Adithya/Desktop/Nand2tetriswork/Nand_2_Tetris_V12_Fun_31_3_2016/VGA_Keyboard_Computer_V4/keyboard_dino_computer_v12.vhd \
      PB ieee/std_logic_1164 1364358218 PB ieee/NUMERIC_STD 1364358223 \
      PB work/conv_pkg 1459571989
AR work/counter_405872354b/behavior 1459572137 \
      FL C:/Users/Adithya/Desktop/Nand2tetriswork/Nand_2_Tetris_V12_Fun_31_3_2016/VGA_Keyboard_Computer_V4/keyboard_dino_computer_v12.vhd \
      EN work/counter_405872354b 1459572136
EN work/logical_954ee29728 1459572138 \
      FL C:/Users/Adithya/Desktop/Nand2tetriswork/Nand_2_Tetris_V12_Fun_31_3_2016/VGA_Keyboard_Computer_V4/keyboard_dino_computer_v12.vhd \
      PB ieee/std_logic_1164 1364358218 PB ieee/NUMERIC_STD 1364358223 \
      PB work/conv_pkg 1459571989
AR work/logical_954ee29728/behavior 1459572139 \
      FL C:/Users/Adithya/Desktop/Nand2tetriswork/Nand_2_Tetris_V12_Fun_31_3_2016/VGA_Keyboard_Computer_V4/keyboard_dino_computer_v12.vhd \
      EN work/logical_954ee29728 1459572138
EN work/mux_c146d55ebf 1459572140 \
      FL C:/Users/Adithya/Desktop/Nand2tetriswork/Nand_2_Tetris_V12_Fun_31_3_2016/VGA_Keyboard_Computer_V4/keyboard_dino_computer_v12.vhd \
      PB ieee/std_logic_1164 1364358218 PB ieee/NUMERIC_STD 1364358223 \
      PB work/conv_pkg 1459571989
AR work/mux_c146d55ebf/behavior 1459572141 \
      FL C:/Users/Adithya/Desktop/Nand2tetriswork/Nand_2_Tetris_V12_Fun_31_3_2016/VGA_Keyboard_Computer_V4/keyboard_dino_computer_v12.vhd \
      EN work/mux_c146d55ebf 1459572140
EN work/mux_f9c0f11a18 1459572142 \
      FL C:/Users/Adithya/Desktop/Nand2tetriswork/Nand_2_Tetris_V12_Fun_31_3_2016/VGA_Keyboard_Computer_V4/keyboard_dino_computer_v12.vhd \
      PB ieee/std_logic_1164 1364358218 PB ieee/NUMERIC_STD 1364358223 \
      PB work/conv_pkg 1459571989
AR work/mux_f9c0f11a18/behavior 1459572143 \
      FL C:/Users/Adithya/Desktop/Nand2tetriswork/Nand_2_Tetris_V12_Fun_31_3_2016/VGA_Keyboard_Computer_V4/keyboard_dino_computer_v12.vhd \
      EN work/mux_f9c0f11a18 1459572142
EN work/relational_2147430058 1459572144 \
      FL C:/Users/Adithya/Desktop/Nand2tetriswork/Nand_2_Tetris_V12_Fun_31_3_2016/VGA_Keyboard_Computer_V4/keyboard_dino_computer_v12.vhd \
      PB ieee/std_logic_1164 1364358218 PB ieee/NUMERIC_STD 1364358223 \
      PB work/conv_pkg 1459571989
AR work/relational_2147430058/behavior 1459572145 \
      FL C:/Users/Adithya/Desktop/Nand2tetriswork/Nand_2_Tetris_V12_Fun_31_3_2016/VGA_Keyboard_Computer_V4/keyboard_dino_computer_v12.vhd \
      EN work/relational_2147430058 1459572144
EN work/relational_6dfa374756 1459572146 \
      FL C:/Users/Adithya/Desktop/Nand2tetriswork/Nand_2_Tetris_V12_Fun_31_3_2016/VGA_Keyboard_Computer_V4/keyboard_dino_computer_v12.vhd \
      PB ieee/std_logic_1164 1364358218 PB ieee/NUMERIC_STD 1364358223 \
      PB work/conv_pkg 1459571989
AR work/relational_6dfa374756/behavior 1459572147 \
      FL C:/Users/Adithya/Desktop/Nand2tetriswork/Nand_2_Tetris_V12_Fun_31_3_2016/VGA_Keyboard_Computer_V4/keyboard_dino_computer_v12.vhd \
      EN work/relational_6dfa374756 1459572146
EN work/relational_469cc61240 1459572148 \
      FL C:/Users/Adithya/Desktop/Nand2tetriswork/Nand_2_Tetris_V12_Fun_31_3_2016/VGA_Keyboard_Computer_V4/keyboard_dino_computer_v12.vhd \
      PB ieee/std_logic_1164 1364358218 PB ieee/NUMERIC_STD 1364358223 \
      PB work/conv_pkg 1459571989
AR work/relational_469cc61240/behavior 1459572149 \
      FL C:/Users/Adithya/Desktop/Nand2tetriswork/Nand_2_Tetris_V12_Fun_31_3_2016/VGA_Keyboard_Computer_V4/keyboard_dino_computer_v12.vhd \
      EN work/relational_469cc61240 1459572148
EN work/relational_65e1e2b39e 1459572150 \
      FL C:/Users/Adithya/Desktop/Nand2tetriswork/Nand_2_Tetris_V12_Fun_31_3_2016/VGA_Keyboard_Computer_V4/keyboard_dino_computer_v12.vhd \
      PB ieee/std_logic_1164 1364358218 PB ieee/NUMERIC_STD 1364358223 \
      PB work/conv_pkg 1459571989
AR work/relational_65e1e2b39e/behavior 1459572151 \
      FL C:/Users/Adithya/Desktop/Nand2tetriswork/Nand_2_Tetris_V12_Fun_31_3_2016/VGA_Keyboard_Computer_V4/keyboard_dino_computer_v12.vhd \
      EN work/relational_65e1e2b39e 1459572150
EN work/relational_023fa67b0f 1459572152 \
      FL C:/Users/Adithya/Desktop/Nand2tetriswork/Nand_2_Tetris_V12_Fun_31_3_2016/VGA_Keyboard_Computer_V4/keyboard_dino_computer_v12.vhd \
      PB ieee/std_logic_1164 1364358218 PB ieee/NUMERIC_STD 1364358223 \
      PB work/conv_pkg 1459571989
AR work/relational_023fa67b0f/behavior 1459572153 \
      FL C:/Users/Adithya/Desktop/Nand2tetriswork/Nand_2_Tetris_V12_Fun_31_3_2016/VGA_Keyboard_Computer_V4/keyboard_dino_computer_v12.vhd \
      EN work/relational_023fa67b0f 1459572152
EN work/relational_dbe111ba13 1459572154 \
      FL C:/Users/Adithya/Desktop/Nand2tetriswork/Nand_2_Tetris_V12_Fun_31_3_2016/VGA_Keyboard_Computer_V4/keyboard_dino_computer_v12.vhd \
      PB ieee/std_logic_1164 1364358218 PB ieee/NUMERIC_STD 1364358223 \
      PB work/conv_pkg 1459571989
AR work/relational_dbe111ba13/behavior 1459572155 \
      FL C:/Users/Adithya/Desktop/Nand2tetriswork/Nand_2_Tetris_V12_Fun_31_3_2016/VGA_Keyboard_Computer_V4/keyboard_dino_computer_v12.vhd \
      EN work/relational_dbe111ba13 1459572154
EN work/constant_4b543782ed 1459572156 \
      FL C:/Users/Adithya/Desktop/Nand2tetriswork/Nand_2_Tetris_V12_Fun_31_3_2016/VGA_Keyboard_Computer_V4/keyboard_dino_computer_v12.vhd \
      PB ieee/std_logic_1164 1364358218 PB ieee/NUMERIC_STD 1364358223 \
      PB work/conv_pkg 1459571989
AR work/constant_4b543782ed/behavior 1459572157 \
      FL C:/Users/Adithya/Desktop/Nand2tetriswork/Nand_2_Tetris_V12_Fun_31_3_2016/VGA_Keyboard_Computer_V4/keyboard_dino_computer_v12.vhd \
      EN work/constant_4b543782ed 1459572156
EN work/constant_acc9e2a12f 1459572158 \
      FL C:/Users/Adithya/Desktop/Nand2tetriswork/Nand_2_Tetris_V12_Fun_31_3_2016/VGA_Keyboard_Computer_V4/keyboard_dino_computer_v12.vhd \
      PB ieee/std_logic_1164 1364358218 PB ieee/NUMERIC_STD 1364358223 \
      PB work/conv_pkg 1459571989
AR work/constant_acc9e2a12f/behavior 1459572159 \
      FL C:/Users/Adithya/Desktop/Nand2tetriswork/Nand_2_Tetris_V12_Fun_31_3_2016/VGA_Keyboard_Computer_V4/keyboard_dino_computer_v12.vhd \
      EN work/constant_acc9e2a12f 1459572158
EN work/constant_202f0899af 1459572160 \
      FL C:/Users/Adithya/Desktop/Nand2tetriswork/Nand_2_Tetris_V12_Fun_31_3_2016/VGA_Keyboard_Computer_V4/keyboard_dino_computer_v12.vhd \
      PB ieee/std_logic_1164 1364358218 PB ieee/NUMERIC_STD 1364358223 \
      PB work/conv_pkg 1459571989
AR work/constant_202f0899af/behavior 1459572161 \
      FL C:/Users/Adithya/Desktop/Nand2tetriswork/Nand_2_Tetris_V12_Fun_31_3_2016/VGA_Keyboard_Computer_V4/keyboard_dino_computer_v12.vhd \
      EN work/constant_202f0899af 1459572160
EN work/constant_3b201e2f77 1459572162 \
      FL C:/Users/Adithya/Desktop/Nand2tetriswork/Nand_2_Tetris_V12_Fun_31_3_2016/VGA_Keyboard_Computer_V4/keyboard_dino_computer_v12.vhd \
      PB ieee/std_logic_1164 1364358218 PB ieee/NUMERIC_STD 1364358223 \
      PB work/conv_pkg 1459571989
AR work/constant_3b201e2f77/behavior 1459572163 \
      FL C:/Users/Adithya/Desktop/Nand2tetriswork/Nand_2_Tetris_V12_Fun_31_3_2016/VGA_Keyboard_Computer_V4/keyboard_dino_computer_v12.vhd \
      EN work/constant_3b201e2f77 1459572162
EN work/constant_5ca7b209b4 1459572164 \
      FL C:/Users/Adithya/Desktop/Nand2tetriswork/Nand_2_Tetris_V12_Fun_31_3_2016/VGA_Keyboard_Computer_V4/keyboard_dino_computer_v12.vhd \
      PB ieee/std_logic_1164 1364358218 PB ieee/NUMERIC_STD 1364358223 \
      PB work/conv_pkg 1459571989
AR work/constant_5ca7b209b4/behavior 1459572165 \
      FL C:/Users/Adithya/Desktop/Nand2tetriswork/Nand_2_Tetris_V12_Fun_31_3_2016/VGA_Keyboard_Computer_V4/keyboard_dino_computer_v12.vhd \
      EN work/constant_5ca7b209b4 1459572164
EN work/constant_2c80e0cf34 1459572166 \
      FL C:/Users/Adithya/Desktop/Nand2tetriswork/Nand_2_Tetris_V12_Fun_31_3_2016/VGA_Keyboard_Computer_V4/keyboard_dino_computer_v12.vhd \
      PB ieee/std_logic_1164 1364358218 PB ieee/NUMERIC_STD 1364358223 \
      PB work/conv_pkg 1459571989
AR work/constant_2c80e0cf34/behavior 1459572167 \
      FL C:/Users/Adithya/Desktop/Nand2tetriswork/Nand_2_Tetris_V12_Fun_31_3_2016/VGA_Keyboard_Computer_V4/keyboard_dino_computer_v12.vhd \
      EN work/constant_2c80e0cf34 1459572166
EN work/counter_e54d511037 1459572168 \
      FL C:/Users/Adithya/Desktop/Nand2tetriswork/Nand_2_Tetris_V12_Fun_31_3_2016/VGA_Keyboard_Computer_V4/keyboard_dino_computer_v12.vhd \
      PB ieee/std_logic_1164 1364358218 PB ieee/NUMERIC_STD 1364358223 \
      PB work/conv_pkg 1459571989
AR work/counter_e54d511037/behavior 1459572169 \
      FL C:/Users/Adithya/Desktop/Nand2tetriswork/Nand_2_Tetris_V12_Fun_31_3_2016/VGA_Keyboard_Computer_V4/keyboard_dino_computer_v12.vhd \
      EN work/counter_e54d511037 1459572168
EN work/constant_b9c7b532a5 1459572170 \
      FL C:/Users/Adithya/Desktop/Nand2tetriswork/Nand_2_Tetris_V12_Fun_31_3_2016/VGA_Keyboard_Computer_V4/keyboard_dino_computer_v12.vhd \
      PB ieee/std_logic_1164 1364358218 PB ieee/NUMERIC_STD 1364358223 \
      PB work/conv_pkg 1459571989
AR work/constant_b9c7b532a5/behavior 1459572171 \
      FL C:/Users/Adithya/Desktop/Nand2tetriswork/Nand_2_Tetris_V12_Fun_31_3_2016/VGA_Keyboard_Computer_V4/keyboard_dino_computer_v12.vhd \
      EN work/constant_b9c7b532a5 1459572170
EN work/xlcounter_free_Keyboard_dino_Computer_V12 1459572172 \
      FL C:/Users/Adithya/Desktop/Nand2tetriswork/Nand_2_Tetris_V12_Fun_31_3_2016/VGA_Keyboard_Computer_V4/keyboard_dino_computer_v12.vhd \
      PB ieee/std_logic_1164 1364358218 PB work/conv_pkg 1459571989
AR work/xlcounter_free_Keyboard_dino_Computer_V12/behavior 1459572173 \
      FL C:/Users/Adithya/Desktop/Nand2tetriswork/Nand_2_Tetris_V12_Fun_31_3_2016/VGA_Keyboard_Computer_V4/keyboard_dino_computer_v12.vhd \
      EN work/xlcounter_free_Keyboard_dino_Computer_V12 1459572172 \
      CP cntr_11_0_a80ae8f33755e346
EN work/clk_2_sec_entity_4134bbad8f 1459572174 \
      FL C:/Users/Adithya/Desktop/Nand2tetriswork/Nand_2_Tetris_V12_Fun_31_3_2016/VGA_Keyboard_Computer_V4/keyboard_dino_computer_v12.vhd \
      PB ieee/std_logic_1164 1364358218 PB work/conv_pkg 1459571989
AR work/clk_2_sec_entity_4134bbad8f/structural 1459572175 \
      FL C:/Users/Adithya/Desktop/Nand2tetriswork/Nand_2_Tetris_V12_Fun_31_3_2016/VGA_Keyboard_Computer_V4/keyboard_dino_computer_v12.vhd \
      EN work/clk_2_sec_entity_4134bbad8f 1459572174 CP work/xlconvert \
      CP work/counter_8ec3f4ab23 CP work/xlusamp
EN work/clk_80_ns_entity_35b48227f5 1459572176 \
      FL C:/Users/Adithya/Desktop/Nand2tetriswork/Nand_2_Tetris_V12_Fun_31_3_2016/VGA_Keyboard_Computer_V4/keyboard_dino_computer_v12.vhd \
      PB ieee/std_logic_1164 1364358218 PB work/conv_pkg 1459571989
AR work/clk_80_ns_entity_35b48227f5/structural 1459572177 \
      FL C:/Users/Adithya/Desktop/Nand2tetriswork/Nand_2_Tetris_V12_Fun_31_3_2016/VGA_Keyboard_Computer_V4/keyboard_dino_computer_v12.vhd \
      EN work/clk_80_ns_entity_35b48227f5 1459572176 CP work/xlconvert \
      CP work/counter_8ec3f4ab23 CP work/xlusamp
EN work/clk_sel_entity_c42c01b52e 1459572178 \
      FL C:/Users/Adithya/Desktop/Nand2tetriswork/Nand_2_Tetris_V12_Fun_31_3_2016/VGA_Keyboard_Computer_V4/keyboard_dino_computer_v12.vhd \
      PB ieee/std_logic_1164 1364358218 PB work/conv_pkg 1459571989
AR work/clk_sel_entity_c42c01b52e/structural 1459572179 \
      FL C:/Users/Adithya/Desktop/Nand2tetriswork/Nand_2_Tetris_V12_Fun_31_3_2016/VGA_Keyboard_Computer_V4/keyboard_dino_computer_v12.vhd \
      EN work/clk_sel_entity_c42c01b52e 1459572178 \
      CP work/clk_2_sec_entity_4134bbad8f CP work/clk_80_ns_entity_35b48227f5 \
      CP work/xlconvert CP work/mux_cde5f13da6
EN work/nand_entity_00c8ebf63f 1459572180 \
      FL C:/Users/Adithya/Desktop/Nand2tetriswork/Nand_2_Tetris_V12_Fun_31_3_2016/VGA_Keyboard_Computer_V4/keyboard_dino_computer_v12.vhd \
      PB ieee/std_logic_1164 1364358218 PB work/conv_pkg 1459571989
AR work/nand_entity_00c8ebf63f/structural 1459572181 \
      FL C:/Users/Adithya/Desktop/Nand2tetriswork/Nand_2_Tetris_V12_Fun_31_3_2016/VGA_Keyboard_Computer_V4/keyboard_dino_computer_v12.vhd \
      EN work/nand_entity_00c8ebf63f 1459572180 CP work/logical_bde51e424d
EN work/nand1_entity_8527edca66 1459572182 \
      FL C:/Users/Adithya/Desktop/Nand2tetriswork/Nand_2_Tetris_V12_Fun_31_3_2016/VGA_Keyboard_Computer_V4/keyboard_dino_computer_v12.vhd \
      PB ieee/std_logic_1164 1364358218 PB work/conv_pkg 1459571989
AR work/nand1_entity_8527edca66/structural 1459572183 \
      FL C:/Users/Adithya/Desktop/Nand2tetriswork/Nand_2_Tetris_V12_Fun_31_3_2016/VGA_Keyboard_Computer_V4/keyboard_dino_computer_v12.vhd \
      EN work/nand1_entity_8527edca66 1459572182 CP work/logical_bde51e424d
EN work/and1_entity_13c07394a5 1459572184 \
      FL C:/Users/Adithya/Desktop/Nand2tetriswork/Nand_2_Tetris_V12_Fun_31_3_2016/VGA_Keyboard_Computer_V4/keyboard_dino_computer_v12.vhd \
      PB ieee/std_logic_1164 1364358218 PB work/conv_pkg 1459571989
AR work/and1_entity_13c07394a5/structural 1459572185 \
      FL C:/Users/Adithya/Desktop/Nand2tetriswork/Nand_2_Tetris_V12_Fun_31_3_2016/VGA_Keyboard_Computer_V4/keyboard_dino_computer_v12.vhd \
      EN work/and1_entity_13c07394a5 1459572184 CP work/nand1_entity_8527edca66 \
      CP work/nand_entity_00c8ebf63f
EN work/x16_and_entity_7d8d1ce640 1459572186 \
      FL C:/Users/Adithya/Desktop/Nand2tetriswork/Nand_2_Tetris_V12_Fun_31_3_2016/VGA_Keyboard_Computer_V4/keyboard_dino_computer_v12.vhd \
      PB ieee/std_logic_1164 1364358218 PB work/conv_pkg 1459571989
AR work/x16_and_entity_7d8d1ce640/structural 1459572187 \
      FL C:/Users/Adithya/Desktop/Nand2tetriswork/Nand_2_Tetris_V12_Fun_31_3_2016/VGA_Keyboard_Computer_V4/keyboard_dino_computer_v12.vhd \
      EN work/x16_and_entity_7d8d1ce640 1459572186 CP work/and1_entity_13c07394a5
EN work/x16_and1_entity_678c19c187 1459572188 \
      FL C:/Users/Adithya/Desktop/Nand2tetriswork/Nand_2_Tetris_V12_Fun_31_3_2016/VGA_Keyboard_Computer_V4/keyboard_dino_computer_v12.vhd \
      PB ieee/std_logic_1164 1364358218 PB work/conv_pkg 1459571989
AR work/x16_and1_entity_678c19c187/structural 1459572189 \
      FL C:/Users/Adithya/Desktop/Nand2tetriswork/Nand_2_Tetris_V12_Fun_31_3_2016/VGA_Keyboard_Computer_V4/keyboard_dino_computer_v12.vhd \
      EN work/x16_and1_entity_678c19c187 1459572188 \
      CP work/and1_entity_13c07394a5
EN work/not_entity_750f1f8f15 1459572190 \
      FL C:/Users/Adithya/Desktop/Nand2tetriswork/Nand_2_Tetris_V12_Fun_31_3_2016/VGA_Keyboard_Computer_V4/keyboard_dino_computer_v12.vhd \
      PB ieee/std_logic_1164 1364358218 PB work/conv_pkg 1459571989
AR work/not_entity_750f1f8f15/structural 1459572191 \
      FL C:/Users/Adithya/Desktop/Nand2tetriswork/Nand_2_Tetris_V12_Fun_31_3_2016/VGA_Keyboard_Computer_V4/keyboard_dino_computer_v12.vhd \
      EN work/not_entity_750f1f8f15 1459572190 CP work/nand1_entity_8527edca66
EN work/x16_not_entity_d993077086 1459572192 \
      FL C:/Users/Adithya/Desktop/Nand2tetriswork/Nand_2_Tetris_V12_Fun_31_3_2016/VGA_Keyboard_Computer_V4/keyboard_dino_computer_v12.vhd \
      PB ieee/std_logic_1164 1364358218 PB work/conv_pkg 1459571989
AR work/x16_not_entity_d993077086/structural 1459572193 \
      FL C:/Users/Adithya/Desktop/Nand2tetriswork/Nand_2_Tetris_V12_Fun_31_3_2016/VGA_Keyboard_Computer_V4/keyboard_dino_computer_v12.vhd \
      EN work/x16_not_entity_d993077086 1459572192 CP work/not_entity_750f1f8f15
EN work/or_entity_247ef195fa 1459572194 \
      FL C:/Users/Adithya/Desktop/Nand2tetriswork/Nand_2_Tetris_V12_Fun_31_3_2016/VGA_Keyboard_Computer_V4/keyboard_dino_computer_v12.vhd \
      PB ieee/std_logic_1164 1364358218 PB work/conv_pkg 1459571989
AR work/or_entity_247ef195fa/structural 1459572195 \
      FL C:/Users/Adithya/Desktop/Nand2tetriswork/Nand_2_Tetris_V12_Fun_31_3_2016/VGA_Keyboard_Computer_V4/keyboard_dino_computer_v12.vhd \
      EN work/or_entity_247ef195fa 1459572194 CP work/nand1_entity_8527edca66 \
      CP work/nand_entity_00c8ebf63f
EN work/x16_or_entity_2effd3130b 1459572196 \
      FL C:/Users/Adithya/Desktop/Nand2tetriswork/Nand_2_Tetris_V12_Fun_31_3_2016/VGA_Keyboard_Computer_V4/keyboard_dino_computer_v12.vhd \
      PB ieee/std_logic_1164 1364358218 PB work/conv_pkg 1459571989
AR work/x16_or_entity_2effd3130b/structural 1459572197 \
      FL C:/Users/Adithya/Desktop/Nand2tetriswork/Nand_2_Tetris_V12_Fun_31_3_2016/VGA_Keyboard_Computer_V4/keyboard_dino_computer_v12.vhd \
      EN work/x16_or_entity_2effd3130b 1459572196 CP work/or_entity_247ef195fa
EN work/x16_2_1_mux1_entity_8b394cc3d5 1459572198 \
      FL C:/Users/Adithya/Desktop/Nand2tetriswork/Nand_2_Tetris_V12_Fun_31_3_2016/VGA_Keyboard_Computer_V4/keyboard_dino_computer_v12.vhd \
      PB ieee/std_logic_1164 1364358218 PB work/conv_pkg 1459571989
AR work/x16_2_1_mux1_entity_8b394cc3d5/structural 1459572199 \
      FL C:/Users/Adithya/Desktop/Nand2tetriswork/Nand_2_Tetris_V12_Fun_31_3_2016/VGA_Keyboard_Computer_V4/keyboard_dino_computer_v12.vhd \
      EN work/x16_2_1_mux1_entity_8b394cc3d5 1459572198 \
      CP work/x16_and1_entity_678c19c187 CP work/x16_and_entity_7d8d1ce640 \
      CP work/x16_not_entity_d993077086 CP work/x16_or_entity_2effd3130b
EN work/x8_register_entity_c6b1802f67 1459572200 \
      FL C:/Users/Adithya/Desktop/Nand2tetriswork/Nand_2_Tetris_V12_Fun_31_3_2016/VGA_Keyboard_Computer_V4/keyboard_dino_computer_v12.vhd \
      PB ieee/std_logic_1164 1364358218 PB work/conv_pkg 1459571989
AR work/x8_register_entity_c6b1802f67/structural 1459572201 \
      FL C:/Users/Adithya/Desktop/Nand2tetriswork/Nand_2_Tetris_V12_Fun_31_3_2016/VGA_Keyboard_Computer_V4/keyboard_dino_computer_v12.vhd \
      EN work/x8_register_entity_c6b1802f67 1459572200 CP work/xlconvert \
      CP work/D_FlipFlop
EN work/x16_register1_entity_785fb9ec27 1459572202 \
      FL C:/Users/Adithya/Desktop/Nand2tetriswork/Nand_2_Tetris_V12_Fun_31_3_2016/VGA_Keyboard_Computer_V4/keyboard_dino_computer_v12.vhd \
      PB ieee/std_logic_1164 1364358218 PB work/conv_pkg 1459571989
AR work/x16_register1_entity_785fb9ec27/structural 1459572203 \
      FL C:/Users/Adithya/Desktop/Nand2tetriswork/Nand_2_Tetris_V12_Fun_31_3_2016/VGA_Keyboard_Computer_V4/keyboard_dino_computer_v12.vhd \
      EN work/x16_register1_entity_785fb9ec27 1459572202 \
      CP work/x8_register_entity_c6b1802f67
EN work/x16_and_entity_0bf56c0a02 1459572204 \
      FL C:/Users/Adithya/Desktop/Nand2tetriswork/Nand_2_Tetris_V12_Fun_31_3_2016/VGA_Keyboard_Computer_V4/keyboard_dino_computer_v12.vhd \
      PB ieee/std_logic_1164 1364358218 PB work/conv_pkg 1459571989
AR work/x16_and_entity_0bf56c0a02/structural 1459572205 \
      FL C:/Users/Adithya/Desktop/Nand2tetriswork/Nand_2_Tetris_V12_Fun_31_3_2016/VGA_Keyboard_Computer_V4/keyboard_dino_computer_v12.vhd \
      EN work/x16_and_entity_0bf56c0a02 1459572204 CP work/and1_entity_13c07394a5
EN work/x16_and1_entity_464f128a6a 1459572206 \
      FL C:/Users/Adithya/Desktop/Nand2tetriswork/Nand_2_Tetris_V12_Fun_31_3_2016/VGA_Keyboard_Computer_V4/keyboard_dino_computer_v12.vhd \
      PB ieee/std_logic_1164 1364358218 PB work/conv_pkg 1459571989
AR work/x16_and1_entity_464f128a6a/structural 1459572207 \
      FL C:/Users/Adithya/Desktop/Nand2tetriswork/Nand_2_Tetris_V12_Fun_31_3_2016/VGA_Keyboard_Computer_V4/keyboard_dino_computer_v12.vhd \
      EN work/x16_and1_entity_464f128a6a 1459572206 \
      CP work/and1_entity_13c07394a5
EN work/x16_2_1_mux2_entity_d3afe5ca28 1459572208 \
      FL C:/Users/Adithya/Desktop/Nand2tetriswork/Nand_2_Tetris_V12_Fun_31_3_2016/VGA_Keyboard_Computer_V4/keyboard_dino_computer_v12.vhd \
      PB ieee/std_logic_1164 1364358218 PB work/conv_pkg 1459571989
AR work/x16_2_1_mux2_entity_d3afe5ca28/structural 1459572209 \
      FL C:/Users/Adithya/Desktop/Nand2tetriswork/Nand_2_Tetris_V12_Fun_31_3_2016/VGA_Keyboard_Computer_V4/keyboard_dino_computer_v12.vhd \
      EN work/x16_2_1_mux2_entity_d3afe5ca28 1459572208 \
      CP work/x16_and1_entity_464f128a6a CP work/x16_and_entity_0bf56c0a02 \
      CP work/x16_not_entity_d993077086 CP work/x16_or_entity_2effd3130b
EN work/x16_4_1_mux1_entity_4bdea7359e 1459572210 \
      FL C:/Users/Adithya/Desktop/Nand2tetriswork/Nand_2_Tetris_V12_Fun_31_3_2016/VGA_Keyboard_Computer_V4/keyboard_dino_computer_v12.vhd \
      PB ieee/std_logic_1164 1364358218 PB work/conv_pkg 1459571989
AR work/x16_4_1_mux1_entity_4bdea7359e/structural 1459572211 \
      FL C:/Users/Adithya/Desktop/Nand2tetriswork/Nand_2_Tetris_V12_Fun_31_3_2016/VGA_Keyboard_Computer_V4/keyboard_dino_computer_v12.vhd \
      EN work/x16_4_1_mux1_entity_4bdea7359e 1459572210 \
      CP work/x16_2_1_mux1_entity_8b394cc3d5 \
      CP work/x16_2_1_mux2_entity_d3afe5ca28
EN work/xor_entity_e86b1d8e23 1459572212 \
      FL C:/Users/Adithya/Desktop/Nand2tetriswork/Nand_2_Tetris_V12_Fun_31_3_2016/VGA_Keyboard_Computer_V4/keyboard_dino_computer_v12.vhd \
      PB ieee/std_logic_1164 1364358218 PB work/conv_pkg 1459571989
AR work/xor_entity_e86b1d8e23/structural 1459572213 \
      FL C:/Users/Adithya/Desktop/Nand2tetriswork/Nand_2_Tetris_V12_Fun_31_3_2016/VGA_Keyboard_Computer_V4/keyboard_dino_computer_v12.vhd \
      EN work/xor_entity_e86b1d8e23 1459572212 CP work/and1_entity_13c07394a5 \
      CP work/not_entity_750f1f8f15 CP work/or_entity_247ef195fa
EN work/full_adder_entity_2dcec756db 1459572214 \
      FL C:/Users/Adithya/Desktop/Nand2tetriswork/Nand_2_Tetris_V12_Fun_31_3_2016/VGA_Keyboard_Computer_V4/keyboard_dino_computer_v12.vhd \
      PB ieee/std_logic_1164 1364358218 PB work/conv_pkg 1459571989
AR work/full_adder_entity_2dcec756db/structural 1459572215 \
      FL C:/Users/Adithya/Desktop/Nand2tetriswork/Nand_2_Tetris_V12_Fun_31_3_2016/VGA_Keyboard_Computer_V4/keyboard_dino_computer_v12.vhd \
      EN work/full_adder_entity_2dcec756db 1459572214 \
      CP work/and1_entity_13c07394a5 CP work/or_entity_247ef195fa \
      CP work/xor_entity_e86b1d8e23
EN work/full_adder14_entity_cb5f3fd809 1459572216 \
      FL C:/Users/Adithya/Desktop/Nand2tetriswork/Nand_2_Tetris_V12_Fun_31_3_2016/VGA_Keyboard_Computer_V4/keyboard_dino_computer_v12.vhd \
      PB ieee/std_logic_1164 1364358218 PB work/conv_pkg 1459571989
AR work/full_adder14_entity_cb5f3fd809/structural 1459572217 \
      FL C:/Users/Adithya/Desktop/Nand2tetriswork/Nand_2_Tetris_V12_Fun_31_3_2016/VGA_Keyboard_Computer_V4/keyboard_dino_computer_v12.vhd \
      EN work/full_adder14_entity_cb5f3fd809 1459572216 \
      CP work/xor_entity_e86b1d8e23
EN work/half_adder_entity_ecad446fd2 1459572218 \
      FL C:/Users/Adithya/Desktop/Nand2tetriswork/Nand_2_Tetris_V12_Fun_31_3_2016/VGA_Keyboard_Computer_V4/keyboard_dino_computer_v12.vhd \
      PB ieee/std_logic_1164 1364358218 PB work/conv_pkg 1459571989
AR work/half_adder_entity_ecad446fd2/structural 1459572219 \
      FL C:/Users/Adithya/Desktop/Nand2tetriswork/Nand_2_Tetris_V12_Fun_31_3_2016/VGA_Keyboard_Computer_V4/keyboard_dino_computer_v12.vhd \
      EN work/half_adder_entity_ecad446fd2 1459572218 \
      CP work/and1_entity_13c07394a5 CP work/xor_entity_e86b1d8e23
EN work/x16_adder_entity_8faba9948c 1459572220 \
      FL C:/Users/Adithya/Desktop/Nand2tetriswork/Nand_2_Tetris_V12_Fun_31_3_2016/VGA_Keyboard_Computer_V4/keyboard_dino_computer_v12.vhd \
      PB ieee/std_logic_1164 1364358218 PB work/conv_pkg 1459571989
AR work/x16_adder_entity_8faba9948c/structural 1459572221 \
      FL C:/Users/Adithya/Desktop/Nand2tetriswork/Nand_2_Tetris_V12_Fun_31_3_2016/VGA_Keyboard_Computer_V4/keyboard_dino_computer_v12.vhd \
      EN work/x16_adder_entity_8faba9948c 1459572220 \
      CP work/full_adder_entity_2dcec756db CP work/full_adder14_entity_cb5f3fd809 \
      CP work/half_adder_entity_ecad446fd2
EN work/x16_not_entity_ea96ce0060 1459572222 \
      FL C:/Users/Adithya/Desktop/Nand2tetriswork/Nand_2_Tetris_V12_Fun_31_3_2016/VGA_Keyboard_Computer_V4/keyboard_dino_computer_v12.vhd \
      PB ieee/std_logic_1164 1364358218 PB work/conv_pkg 1459571989
AR work/x16_not_entity_ea96ce0060/structural 1459572223 \
      FL C:/Users/Adithya/Desktop/Nand2tetriswork/Nand_2_Tetris_V12_Fun_31_3_2016/VGA_Keyboard_Computer_V4/keyboard_dino_computer_v12.vhd \
      EN work/x16_not_entity_ea96ce0060 1459572222 CP work/not_entity_750f1f8f15
EN work/or_8_way_entity_bcf741cbd1 1459572224 \
      FL C:/Users/Adithya/Desktop/Nand2tetriswork/Nand_2_Tetris_V12_Fun_31_3_2016/VGA_Keyboard_Computer_V4/keyboard_dino_computer_v12.vhd \
      PB ieee/std_logic_1164 1364358218 PB work/conv_pkg 1459571989
AR work/or_8_way_entity_bcf741cbd1/structural 1459572225 \
      FL C:/Users/Adithya/Desktop/Nand2tetriswork/Nand_2_Tetris_V12_Fun_31_3_2016/VGA_Keyboard_Computer_V4/keyboard_dino_computer_v12.vhd \
      EN work/or_8_way_entity_bcf741cbd1 1459572224 CP work/or_entity_247ef195fa
EN work/alu1_entity_24dcba9862 1459572226 \
      FL C:/Users/Adithya/Desktop/Nand2tetriswork/Nand_2_Tetris_V12_Fun_31_3_2016/VGA_Keyboard_Computer_V4/keyboard_dino_computer_v12.vhd \
      PB ieee/std_logic_1164 1364358218 PB work/conv_pkg 1459571989
AR work/alu1_entity_24dcba9862/structural 1459572227 \
      FL C:/Users/Adithya/Desktop/Nand2tetriswork/Nand_2_Tetris_V12_Fun_31_3_2016/VGA_Keyboard_Computer_V4/keyboard_dino_computer_v12.vhd \
      EN work/alu1_entity_24dcba9862 1459572226 CP work/constant_963ed6358a \
      CP work/not_entity_750f1f8f15 CP work/or_entity_247ef195fa \
      CP work/or_8_way_entity_bcf741cbd1 CP work/x16_2_1_mux1_entity_8b394cc3d5 \
      CP work/x16_4_1_mux1_entity_4bdea7359e CP work/x16_adder_entity_8faba9948c \
      CP work/x16_and_entity_7d8d1ce640 CP work/x16_not_entity_ea96ce0060
EN work/in_feeder1_entity_d766244da4 1459572228 \
      FL C:/Users/Adithya/Desktop/Nand2tetriswork/Nand_2_Tetris_V12_Fun_31_3_2016/VGA_Keyboard_Computer_V4/keyboard_dino_computer_v12.vhd \
      PB ieee/std_logic_1164 1364358218 PB work/conv_pkg 1459571989
AR work/in_feeder1_entity_d766244da4/structural 1459572229 \
      FL C:/Users/Adithya/Desktop/Nand2tetriswork/Nand_2_Tetris_V12_Fun_31_3_2016/VGA_Keyboard_Computer_V4/keyboard_dino_computer_v12.vhd \
      EN work/in_feeder1_entity_d766244da4 1459572228 CP work/xlslice
EN work/in_feeder10_entity_ab0b42bce4 1459572230 \
      FL C:/Users/Adithya/Desktop/Nand2tetriswork/Nand_2_Tetris_V12_Fun_31_3_2016/VGA_Keyboard_Computer_V4/keyboard_dino_computer_v12.vhd \
      PB ieee/std_logic_1164 1364358218 PB work/conv_pkg 1459571989
AR work/in_feeder10_entity_ab0b42bce4/structural 1459572231 \
      FL C:/Users/Adithya/Desktop/Nand2tetriswork/Nand_2_Tetris_V12_Fun_31_3_2016/VGA_Keyboard_Computer_V4/keyboard_dino_computer_v12.vhd \
      EN work/in_feeder10_entity_ab0b42bce4 1459572230 CP work/xlslice
EN work/x3_and_entity_1dfa6afb1a 1459572232 \
      FL C:/Users/Adithya/Desktop/Nand2tetriswork/Nand_2_Tetris_V12_Fun_31_3_2016/VGA_Keyboard_Computer_V4/keyboard_dino_computer_v12.vhd \
      PB ieee/std_logic_1164 1364358218 PB work/conv_pkg 1459571989
AR work/x3_and_entity_1dfa6afb1a/structural 1459572233 \
      FL C:/Users/Adithya/Desktop/Nand2tetriswork/Nand_2_Tetris_V12_Fun_31_3_2016/VGA_Keyboard_Computer_V4/keyboard_dino_computer_v12.vhd \
      EN work/x3_and_entity_1dfa6afb1a 1459572232 CP work/and1_entity_13c07394a5
EN work/x6_and_entity_97af46e064 1459572234 \
      FL C:/Users/Adithya/Desktop/Nand2tetriswork/Nand_2_Tetris_V12_Fun_31_3_2016/VGA_Keyboard_Computer_V4/keyboard_dino_computer_v12.vhd \
      PB ieee/std_logic_1164 1364358218 PB work/conv_pkg 1459571989
AR work/x6_and_entity_97af46e064/structural 1459572235 \
      FL C:/Users/Adithya/Desktop/Nand2tetriswork/Nand_2_Tetris_V12_Fun_31_3_2016/VGA_Keyboard_Computer_V4/keyboard_dino_computer_v12.vhd \
      EN work/x6_and_entity_97af46e064 1459572234 CP work/and1_entity_13c07394a5
EN work/logic_entity_bda62ec9e3 1459572236 \
      FL C:/Users/Adithya/Desktop/Nand2tetriswork/Nand_2_Tetris_V12_Fun_31_3_2016/VGA_Keyboard_Computer_V4/keyboard_dino_computer_v12.vhd \
      PB ieee/std_logic_1164 1364358218 PB work/conv_pkg 1459571989
AR work/logic_entity_bda62ec9e3/structural 1459572237 \
      FL C:/Users/Adithya/Desktop/Nand2tetriswork/Nand_2_Tetris_V12_Fun_31_3_2016/VGA_Keyboard_Computer_V4/keyboard_dino_computer_v12.vhd \
      EN work/logic_entity_bda62ec9e3 1459572236 CP work/and1_entity_13c07394a5 \
      CP work/not_entity_750f1f8f15 CP work/or_entity_247ef195fa \
      CP work/xor_entity_e86b1d8e23
EN work/or_6_way_entity_2425b629e6 1459572238 \
      FL C:/Users/Adithya/Desktop/Nand2tetriswork/Nand_2_Tetris_V12_Fun_31_3_2016/VGA_Keyboard_Computer_V4/keyboard_dino_computer_v12.vhd \
      PB ieee/std_logic_1164 1364358218 PB work/conv_pkg 1459571989
AR work/or_6_way_entity_2425b629e6/structural 1459572239 \
      FL C:/Users/Adithya/Desktop/Nand2tetriswork/Nand_2_Tetris_V12_Fun_31_3_2016/VGA_Keyboard_Computer_V4/keyboard_dino_computer_v12.vhd \
      EN work/or_6_way_entity_2425b629e6 1459572238 CP work/or_entity_247ef195fa
EN work/x1_1_2_demux2_entity_3ab8e156cd 1459572240 \
      FL C:/Users/Adithya/Desktop/Nand2tetriswork/Nand_2_Tetris_V12_Fun_31_3_2016/VGA_Keyboard_Computer_V4/keyboard_dino_computer_v12.vhd \
      PB ieee/std_logic_1164 1364358218 PB work/conv_pkg 1459571989
AR work/x1_1_2_demux2_entity_3ab8e156cd/structural 1459572241 \
      FL C:/Users/Adithya/Desktop/Nand2tetriswork/Nand_2_Tetris_V12_Fun_31_3_2016/VGA_Keyboard_Computer_V4/keyboard_dino_computer_v12.vhd \
      EN work/x1_1_2_demux2_entity_3ab8e156cd 1459572240 \
      CP work/and1_entity_13c07394a5 CP work/not_entity_750f1f8f15
EN work/x1_1_2_demux_entity_a9aa2ad98c 1459572242 \
      FL C:/Users/Adithya/Desktop/Nand2tetriswork/Nand_2_Tetris_V12_Fun_31_3_2016/VGA_Keyboard_Computer_V4/keyboard_dino_computer_v12.vhd \
      PB ieee/std_logic_1164 1364358218 PB work/conv_pkg 1459571989
AR work/x1_1_2_demux_entity_a9aa2ad98c/structural 1459572243 \
      FL C:/Users/Adithya/Desktop/Nand2tetriswork/Nand_2_Tetris_V12_Fun_31_3_2016/VGA_Keyboard_Computer_V4/keyboard_dino_computer_v12.vhd \
      EN work/x1_1_2_demux_entity_a9aa2ad98c 1459572242 \
      CP work/and1_entity_13c07394a5
EN work/subsystem_entity_fbfb18b3d7 1459572244 \
      FL C:/Users/Adithya/Desktop/Nand2tetriswork/Nand_2_Tetris_V12_Fun_31_3_2016/VGA_Keyboard_Computer_V4/keyboard_dino_computer_v12.vhd \
      PB ieee/std_logic_1164 1364358218 PB work/conv_pkg 1459571989
AR work/subsystem_entity_fbfb18b3d7/structural 1459572245 \
      FL C:/Users/Adithya/Desktop/Nand2tetriswork/Nand_2_Tetris_V12_Fun_31_3_2016/VGA_Keyboard_Computer_V4/keyboard_dino_computer_v12.vhd \
      EN work/subsystem_entity_fbfb18b3d7 1459572244 \
      CP work/x1_1_2_demux2_entity_3ab8e156cd \
      CP work/x1_1_2_demux_entity_a9aa2ad98c
EN work/subsystem1_entity_a1cba87a2f 1459572246 \
      FL C:/Users/Adithya/Desktop/Nand2tetriswork/Nand_2_Tetris_V12_Fun_31_3_2016/VGA_Keyboard_Computer_V4/keyboard_dino_computer_v12.vhd \
      PB ieee/std_logic_1164 1364358218 PB work/conv_pkg 1459571989
AR work/subsystem1_entity_a1cba87a2f/structural 1459572247 \
      FL C:/Users/Adithya/Desktop/Nand2tetriswork/Nand_2_Tetris_V12_Fun_31_3_2016/VGA_Keyboard_Computer_V4/keyboard_dino_computer_v12.vhd \
      EN work/subsystem1_entity_a1cba87a2f 1459572246 \
      CP work/x1_1_2_demux2_entity_3ab8e156cd
EN work/subsystem2_entity_ecc10a61ee 1459572248 \
      FL C:/Users/Adithya/Desktop/Nand2tetriswork/Nand_2_Tetris_V12_Fun_31_3_2016/VGA_Keyboard_Computer_V4/keyboard_dino_computer_v12.vhd \
      PB ieee/std_logic_1164 1364358218 PB work/conv_pkg 1459571989
AR work/subsystem2_entity_ecc10a61ee/structural 1459572249 \
      FL C:/Users/Adithya/Desktop/Nand2tetriswork/Nand_2_Tetris_V12_Fun_31_3_2016/VGA_Keyboard_Computer_V4/keyboard_dino_computer_v12.vhd \
      EN work/subsystem2_entity_ecc10a61ee 1459572248 \
      CP work/subsystem1_entity_a1cba87a2f CP work/subsystem_entity_fbfb18b3d7 \
      CP work/x1_1_2_demux2_entity_3ab8e156cd
EN work/load_decoder_entity_5a96e0288f 1459572250 \
      FL C:/Users/Adithya/Desktop/Nand2tetriswork/Nand_2_Tetris_V12_Fun_31_3_2016/VGA_Keyboard_Computer_V4/keyboard_dino_computer_v12.vhd \
      PB ieee/std_logic_1164 1364358218 PB work/conv_pkg 1459571989
AR work/load_decoder_entity_5a96e0288f/structural 1459572251 \
      FL C:/Users/Adithya/Desktop/Nand2tetriswork/Nand_2_Tetris_V12_Fun_31_3_2016/VGA_Keyboard_Computer_V4/keyboard_dino_computer_v12.vhd \
      EN work/load_decoder_entity_5a96e0288f 1459572250 \
      CP work/constant_6293007044 CP work/logic_entity_bda62ec9e3 \
      CP work/or_6_way_entity_2425b629e6 CP work/or_entity_247ef195fa \
      CP work/subsystem2_entity_ecc10a61ee CP work/x3_and_entity_1dfa6afb1a \
      CP work/x6_and_entity_97af46e064
EN work/x16_2_1_mux_entity_558af82336 1459572252 \
      FL C:/Users/Adithya/Desktop/Nand2tetriswork/Nand_2_Tetris_V12_Fun_31_3_2016/VGA_Keyboard_Computer_V4/keyboard_dino_computer_v12.vhd \
      PB ieee/std_logic_1164 1364358218 PB work/conv_pkg 1459571989
AR work/x16_2_1_mux_entity_558af82336/structural 1459572253 \
      FL C:/Users/Adithya/Desktop/Nand2tetriswork/Nand_2_Tetris_V12_Fun_31_3_2016/VGA_Keyboard_Computer_V4/keyboard_dino_computer_v12.vhd \
      EN work/x16_2_1_mux_entity_558af82336 1459572252 \
      CP work/x16_and1_entity_678c19c187 CP work/x16_and_entity_0bf56c0a02 \
      CP work/x16_not_entity_d993077086 CP work/x16_or_entity_2effd3130b
EN work/x16_4_1_mux_entity_c8fcfba311 1459572254 \
      FL C:/Users/Adithya/Desktop/Nand2tetriswork/Nand_2_Tetris_V12_Fun_31_3_2016/VGA_Keyboard_Computer_V4/keyboard_dino_computer_v12.vhd \
      PB ieee/std_logic_1164 1364358218 PB work/conv_pkg 1459571989
AR work/x16_4_1_mux_entity_c8fcfba311/structural 1459572255 \
      FL C:/Users/Adithya/Desktop/Nand2tetriswork/Nand_2_Tetris_V12_Fun_31_3_2016/VGA_Keyboard_Computer_V4/keyboard_dino_computer_v12.vhd \
      EN work/x16_4_1_mux_entity_c8fcfba311 1459572254 \
      CP work/x16_2_1_mux1_entity_8b394cc3d5 \
      CP work/x16_2_1_mux_entity_558af82336
EN work/decoder_entity_583a0717df 1459572256 \
      FL C:/Users/Adithya/Desktop/Nand2tetriswork/Nand_2_Tetris_V12_Fun_31_3_2016/VGA_Keyboard_Computer_V4/keyboard_dino_computer_v12.vhd \
      PB ieee/std_logic_1164 1364358218 PB work/conv_pkg 1459571989
AR work/decoder_entity_583a0717df/structural 1459572257 \
      FL C:/Users/Adithya/Desktop/Nand2tetriswork/Nand_2_Tetris_V12_Fun_31_3_2016/VGA_Keyboard_Computer_V4/keyboard_dino_computer_v12.vhd \
      EN work/decoder_entity_583a0717df 1459572256 CP work/and1_entity_13c07394a5 \
      CP work/not_entity_750f1f8f15 CP work/or_entity_247ef195fa
EN work/incrementer_entity_1bbcc7e63c 1459572258 \
      FL C:/Users/Adithya/Desktop/Nand2tetriswork/Nand_2_Tetris_V12_Fun_31_3_2016/VGA_Keyboard_Computer_V4/keyboard_dino_computer_v12.vhd \
      PB ieee/std_logic_1164 1364358218 PB work/conv_pkg 1459571989
AR work/incrementer_entity_1bbcc7e63c/structural 1459572259 \
      FL C:/Users/Adithya/Desktop/Nand2tetriswork/Nand_2_Tetris_V12_Fun_31_3_2016/VGA_Keyboard_Computer_V4/keyboard_dino_computer_v12.vhd \
      EN work/incrementer_entity_1bbcc7e63c 1459572258 \
      CP work/constant_6293007044 CP work/full_adder_entity_2dcec756db \
      CP work/full_adder14_entity_cb5f3fd809 CP work/half_adder_entity_ecad446fd2 \
      CP work/not_entity_750f1f8f15
EN work/pc1_entity_dbbd322016 1459572260 \
      FL C:/Users/Adithya/Desktop/Nand2tetriswork/Nand_2_Tetris_V12_Fun_31_3_2016/VGA_Keyboard_Computer_V4/keyboard_dino_computer_v12.vhd \
      PB ieee/std_logic_1164 1364358218 PB work/conv_pkg 1459571989
AR work/pc1_entity_dbbd322016/structural 1459572261 \
      FL C:/Users/Adithya/Desktop/Nand2tetriswork/Nand_2_Tetris_V12_Fun_31_3_2016/VGA_Keyboard_Computer_V4/keyboard_dino_computer_v12.vhd \
      EN work/pc1_entity_dbbd322016 1459572260 CP work/constant_6293007044 \
      CP work/constant_963ed6358a CP work/decoder_entity_583a0717df \
      CP work/xldelay CP work/incrementer_entity_1bbcc7e63c \
      CP work/x16_4_1_mux_entity_c8fcfba311 \
      CP work/x16_register1_entity_785fb9ec27
EN work/cpu_entity_010c49f8f4 1459572262 \
      FL C:/Users/Adithya/Desktop/Nand2tetriswork/Nand_2_Tetris_V12_Fun_31_3_2016/VGA_Keyboard_Computer_V4/keyboard_dino_computer_v12.vhd \
      PB ieee/std_logic_1164 1364358218 PB work/conv_pkg 1459571989
AR work/cpu_entity_010c49f8f4/structural 1459572263 \
      FL C:/Users/Adithya/Desktop/Nand2tetriswork/Nand_2_Tetris_V12_Fun_31_3_2016/VGA_Keyboard_Computer_V4/keyboard_dino_computer_v12.vhd \
      EN work/cpu_entity_010c49f8f4 1459572262 CP work/alu1_entity_24dcba9862 \
      CP work/and1_entity_13c07394a5 CP work/concat_3425f785d1 \
      CP work/delay_f15aea770d CP work/delay_4246ea65a9 \
      CP work/in_feeder10_entity_ab0b42bce4 CP work/in_feeder1_entity_d766244da4 \
      CP work/load_decoder_entity_5a96e0288f CP work/not_entity_750f1f8f15 \
      CP work/or_entity_247ef195fa CP work/pc1_entity_dbbd322016 \
      CP work/x16_2_1_mux1_entity_8b394cc3d5 \
      CP work/x16_register1_entity_785fb9ec27
EN work/computer_entity_423aa40c4b 1459572264 \
      FL C:/Users/Adithya/Desktop/Nand2tetriswork/Nand_2_Tetris_V12_Fun_31_3_2016/VGA_Keyboard_Computer_V4/keyboard_dino_computer_v12.vhd \
      PB ieee/std_logic_1164 1364358218 PB work/conv_pkg 1459571989
AR work/computer_entity_423aa40c4b/structural 1459572265 \
      FL C:/Users/Adithya/Desktop/Nand2tetriswork/Nand_2_Tetris_V12_Fun_31_3_2016/VGA_Keyboard_Computer_V4/keyboard_dino_computer_v12.vhd \
      EN work/computer_entity_423aa40c4b 1459572264 \
      CP work/xladdsub_Keyboard_dino_Computer_V12 CP work/constant_498bc68c14 \
      CP work/constant_9f5572ba51 CP work/constant_3524c8234f \
      CP work/constant_5f7a25b1ee CP work/constant_c462ec0feb \
      CP work/constant_963ed6358a CP work/xlconvert CP work/cpu_entity_010c49f8f4 \
      CP work/xldpram_Keyboard_dino_Computer_V12 \
      CP work/xldpram_dist_Keyboard_dino_Computer_V12 CP work/logical_80f90b97d0 \
      CP work/relational_5584813830 CP work/relational_96bdb515d9 \
      CP work/relational_7a7af7b80d
EN work/neg_edge_detector_entity_dd90f67520 1459572266 \
      FL C:/Users/Adithya/Desktop/Nand2tetriswork/Nand_2_Tetris_V12_Fun_31_3_2016/VGA_Keyboard_Computer_V4/keyboard_dino_computer_v12.vhd \
      PB ieee/std_logic_1164 1364358218 PB work/conv_pkg 1459571989
AR work/neg_edge_detector_entity_dd90f67520/structural 1459572267 \
      FL C:/Users/Adithya/Desktop/Nand2tetriswork/Nand_2_Tetris_V12_Fun_31_3_2016/VGA_Keyboard_Computer_V4/keyboard_dino_computer_v12.vhd \
      EN work/neg_edge_detector_entity_dd90f67520 1459572266 \
      CP work/inverter_e5b38cca3b CP work/logical_dfe2dded7f CP work/xlregister
EN work/\pos_edge_detector__key_write_enable_entity_a733324730\ 1459572268 \
      FL C:/Users/Adithya/Desktop/Nand2tetriswork/Nand_2_Tetris_V12_Fun_31_3_2016/VGA_Keyboard_Computer_V4/keyboard_dino_computer_v12.vhd \
      PB ieee/std_logic_1164 1364358218 PB work/conv_pkg 1459571989
AR work/\pos_edge_detector__key_write_enable_entity_a733324730\/structural 1459572269 \
      FL C:/Users/Adithya/Desktop/Nand2tetriswork/Nand_2_Tetris_V12_Fun_31_3_2016/VGA_Keyboard_Computer_V4/keyboard_dino_computer_v12.vhd \
      EN work/\pos_edge_detector__key_write_enable_entity_a733324730\ 1459572268 \
      CP work/inverter_e5b38cca3b CP work/logical_80f90b97d0 CP work/xlregister
EN work/key_write_send_entity_224cdad073 1459572270 \
      FL C:/Users/Adithya/Desktop/Nand2tetriswork/Nand_2_Tetris_V12_Fun_31_3_2016/VGA_Keyboard_Computer_V4/keyboard_dino_computer_v12.vhd \
      PB ieee/std_logic_1164 1364358218 PB work/conv_pkg 1459571989
AR work/key_write_send_entity_224cdad073/structural 1459572271 \
      FL C:/Users/Adithya/Desktop/Nand2tetriswork/Nand_2_Tetris_V12_Fun_31_3_2016/VGA_Keyboard_Computer_V4/keyboard_dino_computer_v12.vhd \
      EN work/key_write_send_entity_224cdad073 1459572270 \
      CP work/constant_566137e191 CP work/xldelay CP work/logical_aacf6e1b0e \
      CP work/neg_edge_detector_entity_dd90f67520 \
      CP work/\pos_edge_detector__key_write_enable_entity_a733324730\ \
      CP work/xlregister CP work/relational_54048c8b02 \
      CP work/relational_16235eb2bf CP work/constant_91ef1678ca
EN work/\pos_edge_detector__en_entity_24d070df10\ 1459572272 \
      FL C:/Users/Adithya/Desktop/Nand2tetriswork/Nand_2_Tetris_V12_Fun_31_3_2016/VGA_Keyboard_Computer_V4/keyboard_dino_computer_v12.vhd \
      PB ieee/std_logic_1164 1364358218 PB work/conv_pkg 1459571989
AR work/\pos_edge_detector__en_entity_24d070df10\/structural 1459572273 \
      FL C:/Users/Adithya/Desktop/Nand2tetriswork/Nand_2_Tetris_V12_Fun_31_3_2016/VGA_Keyboard_Computer_V4/keyboard_dino_computer_v12.vhd \
      EN work/\pos_edge_detector__en_entity_24d070df10\ 1459572272 \
      CP work/inverter_e5b38cca3b CP work/logical_80f90b97d0 CP work/xlregister
EN work/\serial_parallel__11_bit_entity_06b1e3f5f6\ 1459572274 \
      FL C:/Users/Adithya/Desktop/Nand2tetriswork/Nand_2_Tetris_V12_Fun_31_3_2016/VGA_Keyboard_Computer_V4/keyboard_dino_computer_v12.vhd \
      PB ieee/std_logic_1164 1364358218 PB work/conv_pkg 1459571989
AR work/\serial_parallel__11_bit_entity_06b1e3f5f6\/structural 1459572275 \
      FL C:/Users/Adithya/Desktop/Nand2tetriswork/Nand_2_Tetris_V12_Fun_31_3_2016/VGA_Keyboard_Computer_V4/keyboard_dino_computer_v12.vhd \
      EN work/\serial_parallel__11_bit_entity_06b1e3f5f6\ 1459572274 \
      CP work/D_FlipFlop CP work/concat_a0fa71d0d3 CP work/constant_6293007044 \
      CP work/xlconvert
EN work/\data_sampler__ps2_d_entity_39e06fa12d\ 1459572276 \
      FL C:/Users/Adithya/Desktop/Nand2tetriswork/Nand_2_Tetris_V12_Fun_31_3_2016/VGA_Keyboard_Computer_V4/keyboard_dino_computer_v12.vhd \
      PB ieee/std_logic_1164 1364358218 PB work/conv_pkg 1459571989
AR work/\data_sampler__ps2_d_entity_39e06fa12d\/structural 1459572277 \
      FL C:/Users/Adithya/Desktop/Nand2tetriswork/Nand_2_Tetris_V12_Fun_31_3_2016/VGA_Keyboard_Computer_V4/keyboard_dino_computer_v12.vhd \
      EN work/\data_sampler__ps2_d_entity_39e06fa12d\ 1459572276 \
      CP work/xlconvert CP work/constant_67ad97ca70 CP work/counter_fe1dd878cf \
      CP work/key_write_send_entity_224cdad073 CP work/constant_c0ce4ae10c \
      CP work/neg_edge_detector_entity_dd90f67520 \
      CP work/\pos_edge_detector__en_entity_24d070df10\ \
      CP work/relational_4d3cfceaf4 \
      CP work/\serial_parallel__11_bit_entity_06b1e3f5f6\ CP work/xlslice
EN work/\digital_filter__ps2_c_entity_fec93e82de\ 1459572278 \
      FL C:/Users/Adithya/Desktop/Nand2tetriswork/Nand_2_Tetris_V12_Fun_31_3_2016/VGA_Keyboard_Computer_V4/keyboard_dino_computer_v12.vhd \
      PB ieee/std_logic_1164 1364358218 PB work/conv_pkg 1459571989
AR work/\digital_filter__ps2_c_entity_fec93e82de\/structural 1459572279 \
      FL C:/Users/Adithya/Desktop/Nand2tetriswork/Nand_2_Tetris_V12_Fun_31_3_2016/VGA_Keyboard_Computer_V4/keyboard_dino_computer_v12.vhd \
      EN work/\digital_filter__ps2_c_entity_fec93e82de\ 1459572278 \
      CP work/concat_32afb77cd2 CP work/constant_963ed6358a \
      CP work/constant_6293007044 CP work/constant_19562ab42f CP work/xlconvert \
      CP work/xldelay CP work/mux_897e616d40 CP work/relational_54048c8b02 \
      CP work/relational_6dad3a03fc CP work/xls2p
EN work/keyboard_driver_entity_219ad70251 1459572280 \
      FL C:/Users/Adithya/Desktop/Nand2tetriswork/Nand_2_Tetris_V12_Fun_31_3_2016/VGA_Keyboard_Computer_V4/keyboard_dino_computer_v12.vhd \
      PB ieee/std_logic_1164 1364358218 PB work/conv_pkg 1459571989
AR work/keyboard_driver_entity_219ad70251/structural 1459572281 \
      FL C:/Users/Adithya/Desktop/Nand2tetriswork/Nand_2_Tetris_V12_Fun_31_3_2016/VGA_Keyboard_Computer_V4/keyboard_dino_computer_v12.vhd \
      EN work/keyboard_driver_entity_219ad70251 1459572280 \
      CP work/\data_sampler__ps2_d_entity_39e06fa12d\ \
      CP work/\digital_filter__ps2_c_entity_fec93e82de\
EN work/x8_and_entity_f888b1471d 1459572282 \
      FL C:/Users/Adithya/Desktop/Nand2tetriswork/Nand_2_Tetris_V12_Fun_31_3_2016/VGA_Keyboard_Computer_V4/keyboard_dino_computer_v12.vhd \
      PB ieee/std_logic_1164 1364358218 PB work/conv_pkg 1459571989
AR work/x8_and_entity_f888b1471d/structural 1459572283 \
      FL C:/Users/Adithya/Desktop/Nand2tetriswork/Nand_2_Tetris_V12_Fun_31_3_2016/VGA_Keyboard_Computer_V4/keyboard_dino_computer_v12.vhd \
      EN work/x8_and_entity_f888b1471d 1459572282 CP work/and1_entity_13c07394a5
EN work/in_feeder1_entity_0e86ed550a 1459572284 \
      FL C:/Users/Adithya/Desktop/Nand2tetriswork/Nand_2_Tetris_V12_Fun_31_3_2016/VGA_Keyboard_Computer_V4/keyboard_dino_computer_v12.vhd \
      PB ieee/std_logic_1164 1364358218 PB work/conv_pkg 1459571989
AR work/in_feeder1_entity_0e86ed550a/structural 1459572285 \
      FL C:/Users/Adithya/Desktop/Nand2tetriswork/Nand_2_Tetris_V12_Fun_31_3_2016/VGA_Keyboard_Computer_V4/keyboard_dino_computer_v12.vhd \
      EN work/in_feeder1_entity_0e86ed550a 1459572284 CP work/xlslice
EN work/subsystem2_entity_e91ba37901 1459572286 \
      FL C:/Users/Adithya/Desktop/Nand2tetriswork/Nand_2_Tetris_V12_Fun_31_3_2016/VGA_Keyboard_Computer_V4/keyboard_dino_computer_v12.vhd \
      PB ieee/std_logic_1164 1364358218 PB work/conv_pkg 1459571989
AR work/subsystem2_entity_e91ba37901/structural 1459572287 \
      FL C:/Users/Adithya/Desktop/Nand2tetriswork/Nand_2_Tetris_V12_Fun_31_3_2016/VGA_Keyboard_Computer_V4/keyboard_dino_computer_v12.vhd \
      EN work/subsystem2_entity_e91ba37901 1459572286 CP work/constant_145086465d \
      CP work/constant_a629aefb53 CP work/constant_5c1626e05e \
      CP work/constant_c0ce4ae10c CP work/constant_c3074fb6dc \
      CP work/constant_3af61a22d9 CP work/constant_fac28d1ec7 \
      CP work/constant_06590e4008 CP work/constant_963ed6358a \
      CP work/constant_6293007044 CP work/constant_e8ddc079e9 \
      CP work/constant_3a9a3daeb9 CP work/constant_469094441c \
      CP work/constant_4e64dfaf34 CP work/constant_263f209841 \
      CP work/constant_1d6ad1c713 CP work/relational_c7182f92c9 \
      CP work/relational_4d3cfceaf4 CP work/relational_d87b4c3e83 \
      CP work/relational_5590718669
EN work/vga_driver_entity_731d9bfbd4 1459572288 \
      FL C:/Users/Adithya/Desktop/Nand2tetriswork/Nand_2_Tetris_V12_Fun_31_3_2016/VGA_Keyboard_Computer_V4/keyboard_dino_computer_v12.vhd \
      PB ieee/std_logic_1164 1364358218 PB work/conv_pkg 1459571989
AR work/vga_driver_entity_731d9bfbd4/structural 1459572289 \
      FL C:/Users/Adithya/Desktop/Nand2tetriswork/Nand_2_Tetris_V12_Fun_31_3_2016/VGA_Keyboard_Computer_V4/keyboard_dino_computer_v12.vhd \
      EN work/vga_driver_entity_731d9bfbd4 1459572288 \
      CP work/xladdsub_Keyboard_dino_Computer_V12 \
      CP work/xlcmult_Keyboard_dino_Computer_V12 CP work/concat_09e13b86e0 \
      CP work/concat_32afb77cd2 CP work/xldelay CP work/constant_b9c7b532a5 \
      CP work/constant_06590e4008 CP work/constant_9f5572ba51 \
      CP work/xldpram_Keyboard_dino_Computer_V12 CP work/constant_f6f157f01e \
      CP work/constant_b8111c12bb CP work/counter_405872354b \
      CP work/constant_e25c15316f CP work/constant_36270b4c8f \
      CP work/constant_c9d627f634 CP work/constant_f488b54643 \
      CP work/in_feeder1_entity_0e86ed550a CP work/in_feeder1_entity_d766244da4 \
      CP work/inverter_e5b38cca3b CP work/logical_80f90b97d0 \
      CP work/logical_954ee29728 CP work/mux_c146d55ebf CP work/mux_f9c0f11a18 \
      CP work/or_entity_247ef195fa CP work/or_8_way_entity_bcf741cbd1 \
      CP work/relational_2147430058 CP work/relational_6dfa374756 \
      CP work/relational_469cc61240 CP work/relational_65e1e2b39e \
      CP work/relational_023fa67b0f CP work/relational_dbe111ba13 \
      CP work/subsystem2_entity_e91ba37901 CP work/constant_5ca7b209b4 \
      CP work/constant_2c80e0cf34 CP work/counter_e54d511037 \
      CP work/constant_4b543782ed CP work/constant_acc9e2a12f \
      CP work/constant_202f0899af CP work/constant_3b201e2f77 \
      CP work/constant_963ed6358a CP work/constant_6293007044 \
      CP work/x16_and_entity_7d8d1ce640 CP work/x8_and_entity_f888b1471d
EN work/keyboard_dino_computer_v12 1459572290 \
      FL C:/Users/Adithya/Desktop/Nand2tetriswork/Nand_2_Tetris_V12_Fun_31_3_2016/VGA_Keyboard_Computer_V4/keyboard_dino_computer_v12.vhd \
      PB ieee/std_logic_1164 1364358218 PB work/conv_pkg 1459571989
AR work/keyboard_dino_computer_v12/structural 1459572291 \
      FL C:/Users/Adithya/Desktop/Nand2tetriswork/Nand_2_Tetris_V12_Fun_31_3_2016/VGA_Keyboard_Computer_V4/keyboard_dino_computer_v12.vhd \
      EN work/keyboard_dino_computer_v12 1459572290 \
      CP work/clk_sel_entity_c42c01b52e CP work/computer_entity_423aa40c4b \
      CP work/xlconvert CP work/xlcounter_free_Keyboard_dino_Computer_V12 \
      CP work/keyboard_driver_entity_219ad70251 \
      CP work/vga_driver_entity_731d9bfbd4
FL C:/Users/Adithya/Desktop/Nand2tetriswork/Nand_2_Tetris_V12_Fun_31_3_2016/VGA_Keyboard_Computer_V4/keyboard_dino_computer_v12_cw.vhd 2016/04/02.10:07:57 P.58f
EN work/xlclockdriver 1459572292 \
      FL C:/Users/Adithya/Desktop/Nand2tetriswork/Nand_2_Tetris_V12_Fun_31_3_2016/VGA_Keyboard_Computer_V4/keyboard_dino_computer_v12_cw.vhd \
      PB ieee/std_logic_1164 1364358218 PB ieee/NUMERIC_STD 1364358223 \
      PB work/conv_pkg 1459571989
AR work/xlclockdriver/behavior 1459572293 \
      FL C:/Users/Adithya/Desktop/Nand2tetriswork/Nand_2_Tetris_V12_Fun_31_3_2016/VGA_Keyboard_Computer_V4/keyboard_dino_computer_v12_cw.vhd \
      EN work/xlclockdriver 1459572292 CP synth_reg_w_init CP bufg
EN work/default_clock_driver_Keyboard_dino_Computer_V12 1459572294 \
      FL C:/Users/Adithya/Desktop/Nand2tetriswork/Nand_2_Tetris_V12_Fun_31_3_2016/VGA_Keyboard_Computer_V4/keyboard_dino_computer_v12_cw.vhd \
      PB ieee/std_logic_1164 1364358218 PB work/conv_pkg 1459571989
AR work/default_clock_driver_Keyboard_dino_Computer_V12/structural 1459572295 \
      FL C:/Users/Adithya/Desktop/Nand2tetriswork/Nand_2_Tetris_V12_Fun_31_3_2016/VGA_Keyboard_Computer_V4/keyboard_dino_computer_v12_cw.vhd \
      EN work/default_clock_driver_Keyboard_dino_Computer_V12 1459572294 \
      CP work/xlclockdriver
EN work/keyboard_dino_computer_v12_cw 1459572296 \
      FL C:/Users/Adithya/Desktop/Nand2tetriswork/Nand_2_Tetris_V12_Fun_31_3_2016/VGA_Keyboard_Computer_V4/keyboard_dino_computer_v12_cw.vhd \
      PB ieee/std_logic_1164 1364358218 PB work/conv_pkg 1459571989
AR work/keyboard_dino_computer_v12_cw/structural 1459572297 \
      FL C:/Users/Adithya/Desktop/Nand2tetriswork/Nand_2_Tetris_V12_Fun_31_3_2016/VGA_Keyboard_Computer_V4/keyboard_dino_computer_v12_cw.vhd \
      EN work/keyboard_dino_computer_v12_cw 1459572296 \
      CP work/default_clock_driver_Keyboard_dino_Computer_V12 \
      CP work/keyboard_dino_computer_v12 CP xlpersistentdff
