AR addsb_11_0_ba8da5a9ceeb6963 addsb_11_0_ba8da5a9ceeb6963_a C:/Users/Adithya/Desktop/Nand2tetriswork/Nand_2_Tetris_V12_Fun_31_3_2016/Dino_animate_jump/keyboard_dino_computer_v12.vhd sub00/vhpl01 1459575149
AR relational_65e1e2b39e behavior C:/Users/Adithya/Desktop/Nand2tetriswork/Nand_2_Tetris_V12_Fun_31_3_2016/Dino_animate_jump/keyboard_dino_computer_v12.vhd sub01/vhpl181 1459575329
EN cmlt_11_2_a41d4032b042da44 NULL C:/Users/Adithya/Desktop/Nand2tetriswork/Nand_2_Tetris_V12_Fun_31_3_2016/Dino_animate_jump/keyboard_dino_computer_v12.vhd sub00/vhpl10 1459575158
EN constant_469094441c NULL C:/Users/Adithya/Desktop/Nand2tetriswork/Nand_2_Tetris_V12_Fun_31_3_2016/Dino_animate_jump/keyboard_dino_computer_v12.vhd sub01/vhpl136 1459575284
AR cmlt_11_2_f2e902bf2e24e565 cmlt_11_2_f2e902bf2e24e565_a C:/Users/Adithya/Desktop/Nand2tetriswork/Nand_2_Tetris_V12_Fun_31_3_2016/Dino_animate_jump/keyboard_dino_computer_v12.vhd sub00/vhpl15 1459575163
AR constant_202f0899af behavior C:/Users/Adithya/Desktop/Nand2tetriswork/Nand_2_Tetris_V12_Fun_31_3_2016/Dino_animate_jump/keyboard_dino_computer_v12.vhd sub01/vhpl191 1459575339
EN constant_145086465d NULL C:/Users/Adithya/Desktop/Nand2tetriswork/Nand_2_Tetris_V12_Fun_31_3_2016/Dino_animate_jump/keyboard_dino_computer_v12.vhd sub01/vhpl118 1459575266
EN nand1_entity_8527edca66 NULL C:/Users/Adithya/Desktop/Nand2tetriswork/Nand_2_Tetris_V12_Fun_31_3_2016/Dino_animate_jump/keyboard_dino_computer_v12.vhd sub02/vhpl212 1459575360
AR srl17e structural C:/Users/Adithya/Desktop/Nand2tetriswork/Nand_2_Tetris_V12_Fun_31_3_2016/Dino_animate_jump/keyboard_dino_computer_v12.vhd sub00/vhpl21 1459575169
EN x16_adder_entity_8faba9948c NULL C:/Users/Adithya/Desktop/Nand2tetriswork/Nand_2_Tetris_V12_Fun_31_3_2016/Dino_animate_jump/keyboard_dino_computer_v12.vhd sub02/vhpl250 1459575398
EN constant_202f0899af NULL C:/Users/Adithya/Desktop/Nand2tetriswork/Nand_2_Tetris_V12_Fun_31_3_2016/Dino_animate_jump/keyboard_dino_computer_v12.vhd sub01/vhpl190 1459575338
EN x16_and_entity_7d8d1ce640 NULL C:/Users/Adithya/Desktop/Nand2tetriswork/Nand_2_Tetris_V12_Fun_31_3_2016/Dino_animate_jump/keyboard_dino_computer_v12.vhd sub02/vhpl216 1459575364
AR logical_80f90b97d0 behavior C:/Users/Adithya/Desktop/Nand2tetriswork/Nand_2_Tetris_V12_Fun_31_3_2016/Dino_animate_jump/keyboard_dino_computer_v12.vhd sub00/vhpl75 1459575223
EN relational_16235eb2bf NULL C:/Users/Adithya/Desktop/Nand2tetriswork/Nand_2_Tetris_V12_Fun_31_3_2016/Dino_animate_jump/keyboard_dino_computer_v12.vhd sub00/vhpl94 1459575242
EN bmg_72_9feca0d304d5757b NULL C:/Users/Adithya/Desktop/Nand2tetriswork/Nand_2_Tetris_V12_Fun_31_3_2016/Dino_animate_jump/keyboard_dino_computer_v12.vhd sub00/vhpl06 1459575154
AR synth_reg_reg behav C:/Users/Adithya/Desktop/Nand2tetriswork/Nand_2_Tetris_V12_Fun_31_3_2016/Dino_animate_jump/keyboard_dino_computer_v12.vhd sub00/vhpl25 1459575173
EN relational_4d3cfceaf4 NULL C:/Users/Adithya/Desktop/Nand2tetriswork/Nand_2_Tetris_V12_Fun_31_3_2016/Dino_animate_jump/keyboard_dino_computer_v12.vhd sub01/vhpl106 1459575254
EN constant_acc9e2a12f NULL C:/Users/Adithya/Desktop/Nand2tetriswork/Nand_2_Tetris_V12_Fun_31_3_2016/Dino_animate_jump/keyboard_dino_computer_v12.vhd sub01/vhpl188 1459575336
EN addsb_11_0_dc180f3097483231 NULL C:/Users/Adithya/Desktop/Nand2tetriswork/Nand_2_Tetris_V12_Fun_31_3_2016/Dino_animate_jump/keyboard_dino_computer_v12.vhd sub00/vhpl02 1459575150
AR counter_8ec3f4ab23 behavior C:/Users/Adithya/Desktop/Nand2tetriswork/Nand_2_Tetris_V12_Fun_31_3_2016/Dino_animate_jump/keyboard_dino_computer_v12.vhd sub00/vhpl35 1459575183
EN logical_dfe2dded7f NULL C:/Users/Adithya/Desktop/Nand2tetriswork/Nand_2_Tetris_V12_Fun_31_3_2016/Dino_animate_jump/keyboard_dino_computer_v12.vhd sub00/vhpl84 1459575232
AR mux_897e616d40 behavior C:/Users/Adithya/Desktop/Nand2tetriswork/Nand_2_Tetris_V12_Fun_31_3_2016/Dino_animate_jump/keyboard_dino_computer_v12.vhd sub01/vhpl113 1459575261
AR constant_19562ab42f behavior C:/Users/Adithya/Desktop/Nand2tetriswork/Nand_2_Tetris_V12_Fun_31_3_2016/Dino_animate_jump/keyboard_dino_computer_v12.vhd sub01/vhpl111 1459575259
AR constant_1d6ad1c713 behavior C:/Users/Adithya/Desktop/Nand2tetriswork/Nand_2_Tetris_V12_Fun_31_3_2016/Dino_animate_jump/keyboard_dino_computer_v12.vhd sub01/vhpl143 1459575291
AR relational_54048c8b02 behavior C:/Users/Adithya/Desktop/Nand2tetriswork/Nand_2_Tetris_V12_Fun_31_3_2016/Dino_animate_jump/keyboard_dino_computer_v12.vhd sub00/vhpl93 1459575241
AR counter_fe1dd878cf behavior C:/Users/Adithya/Desktop/Nand2tetriswork/Nand_2_Tetris_V12_Fun_31_3_2016/Dino_animate_jump/keyboard_dino_computer_v12.vhd sub01/vhpl101 1459575249
AR keyboard_driver_entity_219ad70251 structural C:/Users/Adithya/Desktop/Nand2tetriswork/Nand_2_Tetris_V12_Fun_31_3_2016/Dino_animate_jump/keyboard_dino_computer_v12.vhd sub03/vhpl311 1459575459
AR in_feeder10_entity_ab0b42bce4 structural C:/Users/Adithya/Desktop/Nand2tetriswork/Nand_2_Tetris_V12_Fun_31_3_2016/Dino_animate_jump/keyboard_dino_computer_v12.vhd sub02/vhpl261 1459575409
EN xlcmult_keyboard_dino_computer_v12 NULL C:/Users/Adithya/Desktop/Nand2tetriswork/Nand_2_Tetris_V12_Fun_31_3_2016/Dino_animate_jump/keyboard_dino_computer_v12.vhd sub01/vhpl150 1459575298
AR mux_cde5f13da6 behavior C:/Users/Adithya/Desktop/Nand2tetriswork/Nand_2_Tetris_V12_Fun_31_3_2016/Dino_animate_jump/keyboard_dino_computer_v12.vhd sub00/vhpl39 1459575187
EN concat_a0fa71d0d3 NULL C:/Users/Adithya/Desktop/Nand2tetriswork/Nand_2_Tetris_V12_Fun_31_3_2016/Dino_animate_jump/keyboard_dino_computer_v12.vhd sub00/vhpl98 1459575246
AR xladdsub_keyboard_dino_computer_v12 behavior C:/Users/Adithya/Desktop/Nand2tetriswork/Nand_2_Tetris_V12_Fun_31_3_2016/Dino_animate_jump/keyboard_dino_computer_v12.vhd sub00/vhpl59 1459575207
EN constant_3b201e2f77 NULL C:/Users/Adithya/Desktop/Nand2tetriswork/Nand_2_Tetris_V12_Fun_31_3_2016/Dino_animate_jump/keyboard_dino_computer_v12.vhd sub01/vhpl192 1459575340
EN convert_func_call NULL C:/Users/Adithya/Desktop/Nand2tetriswork/Nand_2_Tetris_V12_Fun_31_3_2016/Dino_animate_jump/keyboard_dino_computer_v12.vhd sub00/vhpl30 1459575178
AR relational_023fa67b0f behavior C:/Users/Adithya/Desktop/Nand2tetriswork/Nand_2_Tetris_V12_Fun_31_3_2016/Dino_animate_jump/keyboard_dino_computer_v12.vhd sub01/vhpl183 1459575331
EN \digital_filter__ps2_c_entity_fec93e82de\ NULL C:/Users/Adithya/Desktop/Nand2tetriswork/Nand_2_Tetris_V12_Fun_31_3_2016/Dino_animate_jump/keyboard_dino_computer_v12.vhd sub03/vhpl308 1459575456
AR mux_c146d55ebf behavior C:/Users/Adithya/Desktop/Nand2tetriswork/Nand_2_Tetris_V12_Fun_31_3_2016/Dino_animate_jump/keyboard_dino_computer_v12.vhd sub01/vhpl171 1459575319
EN dmg_72_54dd9a817ac88f47 NULL C:/Users/Adithya/Desktop/Nand2tetriswork/Nand_2_Tetris_V12_Fun_31_3_2016/Dino_animate_jump/keyboard_dino_computer_v12.vhd sub00/vhpl16 1459573536
AR relational_c7182f92c9 behavior C:/Users/Adithya/Desktop/Nand2tetriswork/Nand_2_Tetris_V12_Fun_31_3_2016/Dino_animate_jump/keyboard_dino_computer_v12.vhd sub01/vhpl145 1459575293
EN clk_80_ns_entity_35b48227f5 NULL C:/Users/Adithya/Desktop/Nand2tetriswork/Nand_2_Tetris_V12_Fun_31_3_2016/Dino_animate_jump/keyboard_dino_computer_v12.vhd sub02/vhpl206 1459575354
EN relational_469cc61240 NULL C:/Users/Adithya/Desktop/Nand2tetriswork/Nand_2_Tetris_V12_Fun_31_3_2016/Dino_animate_jump/keyboard_dino_computer_v12.vhd sub01/vhpl178 1459575326
EN subsystem1_entity_a1cba87a2f NULL C:/Users/Adithya/Desktop/Nand2tetriswork/Nand_2_Tetris_V12_Fun_31_3_2016/Dino_animate_jump/keyboard_dino_computer_v12.vhd sub02/vhpl276 1459575424
EN relational_2147430058 NULL C:/Users/Adithya/Desktop/Nand2tetriswork/Nand_2_Tetris_V12_Fun_31_3_2016/Dino_animate_jump/keyboard_dino_computer_v12.vhd sub01/vhpl174 1459575322
AR logical_aacf6e1b0e behavior C:/Users/Adithya/Desktop/Nand2tetriswork/Nand_2_Tetris_V12_Fun_31_3_2016/Dino_animate_jump/keyboard_dino_computer_v12.vhd sub00/vhpl91 1459575239
AR x1_1_2_demux_entity_a9aa2ad98c structural C:/Users/Adithya/Desktop/Nand2tetriswork/Nand_2_Tetris_V12_Fun_31_3_2016/Dino_animate_jump/keyboard_dino_computer_v12.vhd sub02/vhpl273 1459575421
AR computer_entity_423aa40c4b structural C:/Users/Adithya/Desktop/Nand2tetriswork/Nand_2_Tetris_V12_Fun_31_3_2016/Dino_animate_jump/keyboard_dino_computer_v12.vhd sub02/vhpl295 1459575443
EN x16_not_entity_d993077086 NULL C:/Users/Adithya/Desktop/Nand2tetriswork/Nand_2_Tetris_V12_Fun_31_3_2016/Dino_animate_jump/keyboard_dino_computer_v12.vhd sub02/vhpl222 1459575370
AR synth_reg structural C:/Users/Adithya/Desktop/Nand2tetriswork/Nand_2_Tetris_V12_Fun_31_3_2016/Dino_animate_jump/keyboard_dino_computer_v12.vhd sub00/vhpl23 1459575171
EN subsystem_entity_fbfb18b3d7 NULL C:/Users/Adithya/Desktop/Nand2tetriswork/Nand_2_Tetris_V12_Fun_31_3_2016/Dino_animate_jump/keyboard_dino_computer_v12.vhd sub02/vhpl274 1459575422
AR relational_16235eb2bf behavior C:/Users/Adithya/Desktop/Nand2tetriswork/Nand_2_Tetris_V12_Fun_31_3_2016/Dino_animate_jump/keyboard_dino_computer_v12.vhd sub00/vhpl95 1459575243
AR constant_a629aefb53 behavior C:/Users/Adithya/Desktop/Nand2tetriswork/Nand_2_Tetris_V12_Fun_31_3_2016/Dino_animate_jump/keyboard_dino_computer_v12.vhd sub01/vhpl121 1459575269
AR constant_3af61a22d9 behavior C:/Users/Adithya/Desktop/Nand2tetriswork/Nand_2_Tetris_V12_Fun_31_3_2016/Dino_animate_jump/keyboard_dino_computer_v12.vhd sub01/vhpl127 1459575275
AR x16_2_1_mux_entity_558af82336 structural C:/Users/Adithya/Desktop/Nand2tetriswork/Nand_2_Tetris_V12_Fun_31_3_2016/Dino_animate_jump/keyboard_dino_computer_v12.vhd sub02/vhpl283 1459575431
AR constant_498bc68c14 behavior C:/Users/Adithya/Desktop/Nand2tetriswork/Nand_2_Tetris_V12_Fun_31_3_2016/Dino_animate_jump/keyboard_dino_computer_v12.vhd sub00/vhpl61 1459575209
EN constant_8da2a4ce8a NULL C:/Users/Adithya/Desktop/Nand2tetriswork/Nand_2_Tetris_V12_Fun_31_3_2016/Dino_animate_jump/keyboard_dino_computer_v12.vhd sub02/vhpl202 1459575350
EN constant_91ef1678ca NULL C:/Users/Adithya/Desktop/Nand2tetriswork/Nand_2_Tetris_V12_Fun_31_3_2016/Dino_animate_jump/keyboard_dino_computer_v12.vhd sub00/vhpl96 1459575244
AR x16_and1_entity_678c19c187 structural C:/Users/Adithya/Desktop/Nand2tetriswork/Nand_2_Tetris_V12_Fun_31_3_2016/Dino_animate_jump/keyboard_dino_computer_v12.vhd sub02/vhpl219 1459575367
EN x8_register_entity_c6b1802f67 NULL C:/Users/Adithya/Desktop/Nand2tetriswork/Nand_2_Tetris_V12_Fun_31_3_2016/Dino_animate_jump/keyboard_dino_computer_v12.vhd sub02/vhpl230 1459575378
AR concat_a0fa71d0d3 behavior C:/Users/Adithya/Desktop/Nand2tetriswork/Nand_2_Tetris_V12_Fun_31_3_2016/Dino_animate_jump/keyboard_dino_computer_v12.vhd sub00/vhpl99 1459575247
AR constant_566137e191 behavior C:/Users/Adithya/Desktop/Nand2tetriswork/Nand_2_Tetris_V12_Fun_31_3_2016/Dino_animate_jump/keyboard_dino_computer_v12.vhd sub00/vhpl89 1459575237
AR convert_func_call behavior C:/Users/Adithya/Desktop/Nand2tetriswork/Nand_2_Tetris_V12_Fun_31_3_2016/Dino_animate_jump/keyboard_dino_computer_v12.vhd sub00/vhpl31 1459575179
AR constant_c9d627f634 behavior C:/Users/Adithya/Desktop/Nand2tetriswork/Nand_2_Tetris_V12_Fun_31_3_2016/Dino_animate_jump/keyboard_dino_computer_v12.vhd sub01/vhpl159 1459575307
EN relational_96bdb515d9 NULL C:/Users/Adithya/Desktop/Nand2tetriswork/Nand_2_Tetris_V12_Fun_31_3_2016/Dino_animate_jump/keyboard_dino_computer_v12.vhd sub00/vhpl78 1459575226
EN constant_3af61a22d9 NULL C:/Users/Adithya/Desktop/Nand2tetriswork/Nand_2_Tetris_V12_Fun_31_3_2016/Dino_animate_jump/keyboard_dino_computer_v12.vhd sub01/vhpl126 1459575274
EN mux_cde5f13da6 NULL C:/Users/Adithya/Desktop/Nand2tetriswork/Nand_2_Tetris_V12_Fun_31_3_2016/Dino_animate_jump/keyboard_dino_computer_v12.vhd sub00/vhpl38 1459575186
AR constant_c3074fb6dc behavior C:/Users/Adithya/Desktop/Nand2tetriswork/Nand_2_Tetris_V12_Fun_31_3_2016/Dino_animate_jump/keyboard_dino_computer_v12.vhd sub01/vhpl125 1459575273
EN constant_5ca7b209b4 NULL C:/Users/Adithya/Desktop/Nand2tetriswork/Nand_2_Tetris_V12_Fun_31_3_2016/Dino_animate_jump/keyboard_dino_computer_v12.vhd sub01/vhpl194 1459575342
EN constant_36270b4c8f NULL C:/Users/Adithya/Desktop/Nand2tetriswork/Nand_2_Tetris_V12_Fun_31_3_2016/Dino_animate_jump/keyboard_dino_computer_v12.vhd sub01/vhpl156 1459575304
AR constant_c0ce4ae10c behavior C:/Users/Adithya/Desktop/Nand2tetriswork/Nand_2_Tetris_V12_Fun_31_3_2016/Dino_animate_jump/keyboard_dino_computer_v12.vhd sub01/vhpl105 1459575253
EN x16_and1_entity_464f128a6a NULL C:/Users/Adithya/Desktop/Nand2tetriswork/Nand_2_Tetris_V12_Fun_31_3_2016/Dino_animate_jump/keyboard_dino_computer_v12.vhd sub02/vhpl236 1459575384
EN concat_32afb77cd2 NULL C:/Users/Adithya/Desktop/Nand2tetriswork/Nand_2_Tetris_V12_Fun_31_3_2016/Dino_animate_jump/keyboard_dino_computer_v12.vhd sub01/vhpl108 1459575256
AR constant_f488b54643 behavior C:/Users/Adithya/Desktop/Nand2tetriswork/Nand_2_Tetris_V12_Fun_31_3_2016/Dino_animate_jump/keyboard_dino_computer_v12.vhd sub01/vhpl161 1459575309
AR full_adder_entity_2dcec756db structural C:/Users/Adithya/Desktop/Nand2tetriswork/Nand_2_Tetris_V12_Fun_31_3_2016/Dino_animate_jump/keyboard_dino_computer_v12.vhd sub02/vhpl245 1459575393
EN default_clock_driver_keyboard_dino_computer_v12 NULL C:/Users/Adithya/Desktop/Nand2tetriswork/Nand_2_Tetris_V12_Fun_31_3_2016/Dino_animate_jump/keyboard_dino_computer_v12_cw.vhd sub03/vhpl324 1459575472
AR x16_not_entity_ea96ce0060 structural C:/Users/Adithya/Desktop/Nand2tetriswork/Nand_2_Tetris_V12_Fun_31_3_2016/Dino_animate_jump/keyboard_dino_computer_v12.vhd sub02/vhpl253 1459575401
EN concat_09e13b86e0 NULL C:/Users/Adithya/Desktop/Nand2tetriswork/Nand_2_Tetris_V12_Fun_31_3_2016/Dino_animate_jump/keyboard_dino_computer_v12.vhd sub01/vhpl152 1459575300
EN constant_fac28d1ec7 NULL C:/Users/Adithya/Desktop/Nand2tetriswork/Nand_2_Tetris_V12_Fun_31_3_2016/Dino_animate_jump/keyboard_dino_computer_v12.vhd sub01/vhpl128 1459575276
EN xor_entity_e86b1d8e23 NULL C:/Users/Adithya/Desktop/Nand2tetriswork/Nand_2_Tetris_V12_Fun_31_3_2016/Dino_animate_jump/keyboard_dino_computer_v12.vhd sub02/vhpl242 1459575390
AR load_decoder_entity_5a96e0288f structural C:/Users/Adithya/Desktop/Nand2tetriswork/Nand_2_Tetris_V12_Fun_31_3_2016/Dino_animate_jump/keyboard_dino_computer_v12.vhd sub02/vhpl281 1459575429
AR relational_5590718669 behavior C:/Users/Adithya/Desktop/Nand2tetriswork/Nand_2_Tetris_V12_Fun_31_3_2016/Dino_animate_jump/keyboard_dino_computer_v12.vhd sub01/vhpl149 1459575297
EN xldpram_dist_keyboard_dino_computer_v12 NULL C:/Users/Adithya/Desktop/Nand2tetriswork/Nand_2_Tetris_V12_Fun_31_3_2016/Dino_animate_jump/keyboard_dino_computer_v12.vhd sub00/vhpl70 1459575218
AR relational_6dfa374756 behavior C:/Users/Adithya/Desktop/Nand2tetriswork/Nand_2_Tetris_V12_Fun_31_3_2016/Dino_animate_jump/keyboard_dino_computer_v12.vhd sub01/vhpl177 1459575325
EN load_decoder_entity_5a96e0288f NULL C:/Users/Adithya/Desktop/Nand2tetriswork/Nand_2_Tetris_V12_Fun_31_3_2016/Dino_animate_jump/keyboard_dino_computer_v12.vhd sub02/vhpl280 1459575428
AR subsystem_entity_fbfb18b3d7 structural C:/Users/Adithya/Desktop/Nand2tetriswork/Nand_2_Tetris_V12_Fun_31_3_2016/Dino_animate_jump/keyboard_dino_computer_v12.vhd sub02/vhpl275 1459575423
AR or_8_way_entity_bcf741cbd1 structural C:/Users/Adithya/Desktop/Nand2tetriswork/Nand_2_Tetris_V12_Fun_31_3_2016/Dino_animate_jump/keyboard_dino_computer_v12.vhd sub02/vhpl255 1459575403
EN incrementer_entity_1bbcc7e63c NULL C:/Users/Adithya/Desktop/Nand2tetriswork/Nand_2_Tetris_V12_Fun_31_3_2016/Dino_animate_jump/keyboard_dino_computer_v12.vhd sub02/vhpl288 1459575436
AR bmg_72_9feca0d304d5757b bmg_72_9feca0d304d5757b_a C:/Users/Adithya/Desktop/Nand2tetriswork/Nand_2_Tetris_V12_Fun_31_3_2016/Dino_animate_jump/keyboard_dino_computer_v12.vhd sub00/vhpl07 1459575155
EN x1_1_2_demux2_entity_3ab8e156cd NULL C:/Users/Adithya/Desktop/Nand2tetriswork/Nand_2_Tetris_V12_Fun_31_3_2016/Dino_animate_jump/keyboard_dino_computer_v12.vhd sub02/vhpl270 1459575418
AR constant_4b543782ed behavior C:/Users/Adithya/Desktop/Nand2tetriswork/Nand_2_Tetris_V12_Fun_31_3_2016/Dino_animate_jump/keyboard_dino_computer_v12.vhd sub01/vhpl187 1459575335
EN mux_f9c0f11a18 NULL C:/Users/Adithya/Desktop/Nand2tetriswork/Nand_2_Tetris_V12_Fun_31_3_2016/Dino_animate_jump/keyboard_dino_computer_v12.vhd sub01/vhpl172 1459575320
EN constant_c0ce4ae10c NULL C:/Users/Adithya/Desktop/Nand2tetriswork/Nand_2_Tetris_V12_Fun_31_3_2016/Dino_animate_jump/keyboard_dino_computer_v12.vhd sub01/vhpl104 1459575252
AR cmlt_11_2_a41d4032b042da44 cmlt_11_2_a41d4032b042da44_a C:/Users/Adithya/Desktop/Nand2tetriswork/Nand_2_Tetris_V12_Fun_31_3_2016/Dino_animate_jump/keyboard_dino_computer_v12.vhd sub00/vhpl11 1459575159
EN constant_e8ddc079e9 NULL C:/Users/Adithya/Desktop/Nand2tetriswork/Nand_2_Tetris_V12_Fun_31_3_2016/Dino_animate_jump/keyboard_dino_computer_v12.vhd sub01/vhpl132 1459575280
EN synth_reg NULL C:/Users/Adithya/Desktop/Nand2tetriswork/Nand_2_Tetris_V12_Fun_31_3_2016/Dino_animate_jump/keyboard_dino_computer_v12.vhd sub00/vhpl22 1459575170
AR x16_and_entity_7d8d1ce640 structural C:/Users/Adithya/Desktop/Nand2tetriswork/Nand_2_Tetris_V12_Fun_31_3_2016/Dino_animate_jump/keyboard_dino_computer_v12.vhd sub02/vhpl217 1459575365
AR x16_4_1_mux_entity_c8fcfba311 structural C:/Users/Adithya/Desktop/Nand2tetriswork/Nand_2_Tetris_V12_Fun_31_3_2016/Dino_animate_jump/keyboard_dino_computer_v12.vhd sub02/vhpl285 1459575433
AR \serial_parallel__11_bit_entity_06b1e3f5f6\ structural C:/Users/Adithya/Desktop/Nand2tetriswork/Nand_2_Tetris_V12_Fun_31_3_2016/Dino_animate_jump/keyboard_dino_computer_v12.vhd sub03/vhpl305 1459575453
AR nand1_entity_8527edca66 structural C:/Users/Adithya/Desktop/Nand2tetriswork/Nand_2_Tetris_V12_Fun_31_3_2016/Dino_animate_jump/keyboard_dino_computer_v12.vhd sub02/vhpl213 1459575361
AR neg_edge_detector_entity_dd90f67520 structural C:/Users/Adithya/Desktop/Nand2tetriswork/Nand_2_Tetris_V12_Fun_31_3_2016/Dino_animate_jump/keyboard_dino_computer_v12.vhd sub02/vhpl297 1459575445
EN x1_1_2_demux_entity_a9aa2ad98c NULL C:/Users/Adithya/Desktop/Nand2tetriswork/Nand_2_Tetris_V12_Fun_31_3_2016/Dino_animate_jump/keyboard_dino_computer_v12.vhd sub02/vhpl272 1459575420
EN logical_954ee29728 NULL C:/Users/Adithya/Desktop/Nand2tetriswork/Nand_2_Tetris_V12_Fun_31_3_2016/Dino_animate_jump/keyboard_dino_computer_v12.vhd sub01/vhpl168 1459575316
AR x16_not_entity_d993077086 structural C:/Users/Adithya/Desktop/Nand2tetriswork/Nand_2_Tetris_V12_Fun_31_3_2016/Dino_animate_jump/keyboard_dino_computer_v12.vhd sub02/vhpl223 1459575371
EN xldelay NULL C:/Users/Adithya/Desktop/Nand2tetriswork/Nand_2_Tetris_V12_Fun_31_3_2016/Dino_animate_jump/keyboard_dino_computer_v12.vhd sub00/vhpl50 1459575198
AR logical_954ee29728 behavior C:/Users/Adithya/Desktop/Nand2tetriswork/Nand_2_Tetris_V12_Fun_31_3_2016/Dino_animate_jump/keyboard_dino_computer_v12.vhd sub01/vhpl169 1459575317
AR counter_e54d511037 behavior C:/Users/Adithya/Desktop/Nand2tetriswork/Nand_2_Tetris_V12_Fun_31_3_2016/Dino_animate_jump/keyboard_dino_computer_v12.vhd sub01/vhpl199 1459575347
EN full_adder_entity_2dcec756db NULL C:/Users/Adithya/Desktop/Nand2tetriswork/Nand_2_Tetris_V12_Fun_31_3_2016/Dino_animate_jump/keyboard_dino_computer_v12.vhd sub02/vhpl244 1459575392
AR constant_263f209841 behavior C:/Users/Adithya/Desktop/Nand2tetriswork/Nand_2_Tetris_V12_Fun_31_3_2016/Dino_animate_jump/keyboard_dino_computer_v12.vhd sub01/vhpl141 1459575289
EN relational_7a7af7b80d NULL C:/Users/Adithya/Desktop/Nand2tetriswork/Nand_2_Tetris_V12_Fun_31_3_2016/Dino_animate_jump/keyboard_dino_computer_v12.vhd sub00/vhpl80 1459575228
EN x3_and_entity_1dfa6afb1a NULL C:/Users/Adithya/Desktop/Nand2tetriswork/Nand_2_Tetris_V12_Fun_31_3_2016/Dino_animate_jump/keyboard_dino_computer_v12.vhd sub02/vhpl262 1459575410
EN counter_8ec3f4ab23 NULL C:/Users/Adithya/Desktop/Nand2tetriswork/Nand_2_Tetris_V12_Fun_31_3_2016/Dino_animate_jump/keyboard_dino_computer_v12.vhd sub00/vhpl34 1459575182
EN logical_bde51e424d NULL C:/Users/Adithya/Desktop/Nand2tetriswork/Nand_2_Tetris_V12_Fun_31_3_2016/Dino_animate_jump/keyboard_dino_computer_v12.vhd sub00/vhpl40 1459575188
AR x3_and_entity_1dfa6afb1a structural C:/Users/Adithya/Desktop/Nand2tetriswork/Nand_2_Tetris_V12_Fun_31_3_2016/Dino_animate_jump/keyboard_dino_computer_v12.vhd sub02/vhpl263 1459575411
AR constant_9f5572ba51 behavior C:/Users/Adithya/Desktop/Nand2tetriswork/Nand_2_Tetris_V12_Fun_31_3_2016/Dino_animate_jump/keyboard_dino_computer_v12.vhd sub00/vhpl63 1459575211
AR xlconvert behavior C:/Users/Adithya/Desktop/Nand2tetriswork/Nand_2_Tetris_V12_Fun_31_3_2016/Dino_animate_jump/keyboard_dino_computer_v12.vhd sub00/vhpl33 1459575181
EN synth_reg_w_init NULL C:/Users/Adithya/Desktop/Nand2tetriswork/Nand_2_Tetris_V12_Fun_31_3_2016/Dino_animate_jump/keyboard_dino_computer_v12.vhd sub00/vhpl28 1459575176
AR constant_6293007044 behavior C:/Users/Adithya/Desktop/Nand2tetriswork/Nand_2_Tetris_V12_Fun_31_3_2016/Dino_animate_jump/keyboard_dino_computer_v12.vhd sub00/vhpl49 1459575197
AR alu1_entity_24dcba9862 structural C:/Users/Adithya/Desktop/Nand2tetriswork/Nand_2_Tetris_V12_Fun_31_3_2016/Dino_animate_jump/keyboard_dino_computer_v12.vhd sub02/vhpl257 1459575405
AR constant_acc9e2a12f behavior C:/Users/Adithya/Desktop/Nand2tetriswork/Nand_2_Tetris_V12_Fun_31_3_2016/Dino_animate_jump/keyboard_dino_computer_v12.vhd sub01/vhpl189 1459575337
AR constant_c462ec0feb behavior C:/Users/Adithya/Desktop/Nand2tetriswork/Nand_2_Tetris_V12_Fun_31_3_2016/Dino_animate_jump/keyboard_dino_computer_v12.vhd sub00/vhpl69 1459575217
AR \data_sampler__ps2_d_entity_39e06fa12d\ structural C:/Users/Adithya/Desktop/Nand2tetriswork/Nand_2_Tetris_V12_Fun_31_3_2016/Dino_animate_jump/keyboard_dino_computer_v12.vhd sub03/vhpl307 1459575455
EN relational_5590718669 NULL C:/Users/Adithya/Desktop/Nand2tetriswork/Nand_2_Tetris_V12_Fun_31_3_2016/Dino_animate_jump/keyboard_dino_computer_v12.vhd sub01/vhpl148 1459575296
AR xls2p synth_behavioral C:/Users/Adithya/Desktop/Nand2tetriswork/Nand_2_Tetris_V12_Fun_31_3_2016/Dino_animate_jump/keyboard_dino_computer_v12.vhd sub01/vhpl117 1459575265
AR xlcmult_keyboard_dino_computer_v12 behavior C:/Users/Adithya/Desktop/Nand2tetriswork/Nand_2_Tetris_V12_Fun_31_3_2016/Dino_animate_jump/keyboard_dino_computer_v12.vhd sub01/vhpl151 1459575299
EN constant_263f209841 NULL C:/Users/Adithya/Desktop/Nand2tetriswork/Nand_2_Tetris_V12_Fun_31_3_2016/Dino_animate_jump/keyboard_dino_computer_v12.vhd sub01/vhpl140 1459575288
AR constant_5c1626e05e behavior C:/Users/Adithya/Desktop/Nand2tetriswork/Nand_2_Tetris_V12_Fun_31_3_2016/Dino_animate_jump/keyboard_dino_computer_v12.vhd sub01/vhpl123 1459575271
AR constant_4e64dfaf34 behavior C:/Users/Adithya/Desktop/Nand2tetriswork/Nand_2_Tetris_V12_Fun_31_3_2016/Dino_animate_jump/keyboard_dino_computer_v12.vhd sub01/vhpl139 1459575287
PB conv_pkg conv_pkg C:/Users/Adithya/Desktop/Nand2tetriswork/Nand_2_Tetris_V12_Fun_31_3_2016/Dino_animate_jump/keyboard_dino_computer_v12.vhd sub00/vhpl19 1459575167
AR constant_b8111c12bb behavior C:/Users/Adithya/Desktop/Nand2tetriswork/Nand_2_Tetris_V12_Fun_31_3_2016/Dino_animate_jump/keyboard_dino_computer_v12.vhd sub01/vhpl165 1459575313
AR constant_5f7a25b1ee behavior C:/Users/Adithya/Desktop/Nand2tetriswork/Nand_2_Tetris_V12_Fun_31_3_2016/Dino_animate_jump/keyboard_dino_computer_v12.vhd sub00/vhpl67 1459575215
EN logic_entity_bda62ec9e3 NULL C:/Users/Adithya/Desktop/Nand2tetriswork/Nand_2_Tetris_V12_Fun_31_3_2016/Dino_animate_jump/keyboard_dino_computer_v12.vhd sub02/vhpl266 1459575414
AR delay_f15aea770d behavior C:/Users/Adithya/Desktop/Nand2tetriswork/Nand_2_Tetris_V12_Fun_31_3_2016/Dino_animate_jump/keyboard_dino_computer_v12.vhd sub00/vhpl55 1459575203
AR x1_1_2_demux2_entity_3ab8e156cd structural C:/Users/Adithya/Desktop/Nand2tetriswork/Nand_2_Tetris_V12_Fun_31_3_2016/Dino_animate_jump/keyboard_dino_computer_v12.vhd sub02/vhpl271 1459575419
EN relational_023fa67b0f NULL C:/Users/Adithya/Desktop/Nand2tetriswork/Nand_2_Tetris_V12_Fun_31_3_2016/Dino_animate_jump/keyboard_dino_computer_v12.vhd sub01/vhpl182 1459575330
EN x16_4_1_mux_entity_c8fcfba311 NULL C:/Users/Adithya/Desktop/Nand2tetriswork/Nand_2_Tetris_V12_Fun_31_3_2016/Dino_animate_jump/keyboard_dino_computer_v12.vhd sub02/vhpl284 1459575432
AR constant_e25c15316f behavior C:/Users/Adithya/Desktop/Nand2tetriswork/Nand_2_Tetris_V12_Fun_31_3_2016/Dino_animate_jump/keyboard_dino_computer_v12.vhd sub01/vhpl155 1459575303
EN alu1_entity_24dcba9862 NULL C:/Users/Adithya/Desktop/Nand2tetriswork/Nand_2_Tetris_V12_Fun_31_3_2016/Dino_animate_jump/keyboard_dino_computer_v12.vhd sub02/vhpl256 1459575404
AR keyboard_dino_computer_v12 structural C:/Users/Adithya/Desktop/Nand2tetriswork/Nand_2_Tetris_V12_Fun_31_3_2016/Dino_animate_jump/keyboard_dino_computer_v12.vhd sub03/vhpl321 1459575469
AR addsb_11_0_dc180f3097483231 addsb_11_0_dc180f3097483231_a C:/Users/Adithya/Desktop/Nand2tetriswork/Nand_2_Tetris_V12_Fun_31_3_2016/Dino_animate_jump/keyboard_dino_computer_v12.vhd sub00/vhpl03 1459575151
EN full_adder14_entity_cb5f3fd809 NULL C:/Users/Adithya/Desktop/Nand2tetriswork/Nand_2_Tetris_V12_Fun_31_3_2016/Dino_animate_jump/keyboard_dino_computer_v12.vhd sub02/vhpl246 1459575394
AR x16_4_1_mux1_entity_4bdea7359e structural C:/Users/Adithya/Desktop/Nand2tetriswork/Nand_2_Tetris_V12_Fun_31_3_2016/Dino_animate_jump/keyboard_dino_computer_v12.vhd sub02/vhpl241 1459575389
AR concat_32afb77cd2 behavior C:/Users/Adithya/Desktop/Nand2tetriswork/Nand_2_Tetris_V12_Fun_31_3_2016/Dino_animate_jump/keyboard_dino_computer_v12.vhd sub01/vhpl109 1459575257
EN xldpram_keyboard_dino_computer_v12 NULL C:/Users/Adithya/Desktop/Nand2tetriswork/Nand_2_Tetris_V12_Fun_31_3_2016/Dino_animate_jump/keyboard_dino_computer_v12.vhd sub00/vhpl72 1459575220
AR cpu_entity_010c49f8f4 structural C:/Users/Adithya/Desktop/Nand2tetriswork/Nand_2_Tetris_V12_Fun_31_3_2016/Dino_animate_jump/keyboard_dino_computer_v12.vhd sub02/vhpl293 1459575441
EN constant_19562ab42f NULL C:/Users/Adithya/Desktop/Nand2tetriswork/Nand_2_Tetris_V12_Fun_31_3_2016/Dino_animate_jump/keyboard_dino_computer_v12.vhd sub01/vhpl110 1459575258
EN nand_entity_00c8ebf63f NULL C:/Users/Adithya/Desktop/Nand2tetriswork/Nand_2_Tetris_V12_Fun_31_3_2016/Dino_animate_jump/keyboard_dino_computer_v12.vhd sub02/vhpl210 1459575358
AR in_feeder1_entity_0e86ed550a structural C:/Users/Adithya/Desktop/Nand2tetriswork/Nand_2_Tetris_V12_Fun_31_3_2016/Dino_animate_jump/keyboard_dino_computer_v12.vhd sub03/vhpl315 1459575463
AR xlusamp struct C:/Users/Adithya/Desktop/Nand2tetriswork/Nand_2_Tetris_V12_Fun_31_3_2016/Dino_animate_jump/keyboard_dino_computer_v12.vhd sub00/vhpl37 1459575185
EN xlslice NULL C:/Users/Adithya/Desktop/Nand2tetriswork/Nand_2_Tetris_V12_Fun_31_3_2016/Dino_animate_jump/keyboard_dino_computer_v12.vhd sub00/vhpl46 1459575194
EN relational_54048c8b02 NULL C:/Users/Adithya/Desktop/Nand2tetriswork/Nand_2_Tetris_V12_Fun_31_3_2016/Dino_animate_jump/keyboard_dino_computer_v12.vhd sub00/vhpl92 1459575240
EN \data_sampler__ps2_d_entity_39e06fa12d\ NULL C:/Users/Adithya/Desktop/Nand2tetriswork/Nand_2_Tetris_V12_Fun_31_3_2016/Dino_animate_jump/keyboard_dino_computer_v12.vhd sub03/vhpl306 1459575454
EN constant_b8111c12bb NULL C:/Users/Adithya/Desktop/Nand2tetriswork/Nand_2_Tetris_V12_Fun_31_3_2016/Dino_animate_jump/keyboard_dino_computer_v12.vhd sub01/vhpl164 1459575312
EN keyboard_dino_computer_v12 NULL C:/Users/Adithya/Desktop/Nand2tetriswork/Nand_2_Tetris_V12_Fun_31_3_2016/Dino_animate_jump/keyboard_dino_computer_v12.vhd sub03/vhpl320 1459575468
EN \serial_parallel__11_bit_entity_06b1e3f5f6\ NULL C:/Users/Adithya/Desktop/Nand2tetriswork/Nand_2_Tetris_V12_Fun_31_3_2016/Dino_animate_jump/keyboard_dino_computer_v12.vhd sub03/vhpl304 1459575452
AR constant_963ed6358a behavior C:/Users/Adithya/Desktop/Nand2tetriswork/Nand_2_Tetris_V12_Fun_31_3_2016/Dino_animate_jump/keyboard_dino_computer_v12.vhd sub00/vhpl45 1459575193
EN xlclockdriver NULL C:/Users/Adithya/Desktop/Nand2tetriswork/Nand_2_Tetris_V12_Fun_31_3_2016/Dino_animate_jump/keyboard_dino_computer_v12_cw.vhd sub03/vhpl322 1459575470
AR decoder_entity_583a0717df structural C:/Users/Adithya/Desktop/Nand2tetriswork/Nand_2_Tetris_V12_Fun_31_3_2016/Dino_animate_jump/keyboard_dino_computer_v12.vhd sub02/vhpl287 1459575435
AR xldpram_keyboard_dino_computer_v12 behavior C:/Users/Adithya/Desktop/Nand2tetriswork/Nand_2_Tetris_V12_Fun_31_3_2016/Dino_animate_jump/keyboard_dino_computer_v12.vhd sub00/vhpl73 1459575221
EN counter_fe1dd878cf NULL C:/Users/Adithya/Desktop/Nand2tetriswork/Nand_2_Tetris_V12_Fun_31_3_2016/Dino_animate_jump/keyboard_dino_computer_v12.vhd sub01/vhpl100 1459575248
EN x8_and_entity_f888b1471d NULL C:/Users/Adithya/Desktop/Nand2tetriswork/Nand_2_Tetris_V12_Fun_31_3_2016/Dino_animate_jump/keyboard_dino_computer_v12.vhd sub03/vhpl312 1459575460
AR \pos_edge_detector__en_entity_24d070df10\ structural C:/Users/Adithya/Desktop/Nand2tetriswork/Nand_2_Tetris_V12_Fun_31_3_2016/Dino_animate_jump/keyboard_dino_computer_v12.vhd sub03/vhpl303 1459575451
EN counter_405872354b NULL C:/Users/Adithya/Desktop/Nand2tetriswork/Nand_2_Tetris_V12_Fun_31_3_2016/Dino_animate_jump/keyboard_dino_computer_v12.vhd sub01/vhpl166 1459575314
AR constant_145086465d behavior C:/Users/Adithya/Desktop/Nand2tetriswork/Nand_2_Tetris_V12_Fun_31_3_2016/Dino_animate_jump/keyboard_dino_computer_v12.vhd sub01/vhpl119 1459575267
EN constant_6293007044 NULL C:/Users/Adithya/Desktop/Nand2tetriswork/Nand_2_Tetris_V12_Fun_31_3_2016/Dino_animate_jump/keyboard_dino_computer_v12.vhd sub00/vhpl48 1459575196
AR x16_and_entity_0bf56c0a02 structural C:/Users/Adithya/Desktop/Nand2tetriswork/Nand_2_Tetris_V12_Fun_31_3_2016/Dino_animate_jump/keyboard_dino_computer_v12.vhd sub02/vhpl235 1459575383
EN cmlt_11_2_e4c46939f284af86 NULL C:/Users/Adithya/Desktop/Nand2tetriswork/Nand_2_Tetris_V12_Fun_31_3_2016/Dino_animate_jump/keyboard_dino_computer_v12.vhd sub00/vhpl12 1459575160
AR concat_09e13b86e0 behavior C:/Users/Adithya/Desktop/Nand2tetriswork/Nand_2_Tetris_V12_Fun_31_3_2016/Dino_animate_jump/keyboard_dino_computer_v12.vhd sub01/vhpl153 1459575301
AR x6_and_entity_97af46e064 structural C:/Users/Adithya/Desktop/Nand2tetriswork/Nand_2_Tetris_V12_Fun_31_3_2016/Dino_animate_jump/keyboard_dino_computer_v12.vhd sub02/vhpl265 1459575413
EN subsystem2_entity_e91ba37901 NULL C:/Users/Adithya/Desktop/Nand2tetriswork/Nand_2_Tetris_V12_Fun_31_3_2016/Dino_animate_jump/keyboard_dino_computer_v12.vhd sub03/vhpl316 1459575464
EN \pos_edge_detector__key_write_enable_entity_a733324730\ NULL C:/Users/Adithya/Desktop/Nand2tetriswork/Nand_2_Tetris_V12_Fun_31_3_2016/Dino_animate_jump/keyboard_dino_computer_v12.vhd sub02/vhpl298 1459575446
EN or_8_way_entity_bcf741cbd1 NULL C:/Users/Adithya/Desktop/Nand2tetriswork/Nand_2_Tetris_V12_Fun_31_3_2016/Dino_animate_jump/keyboard_dino_computer_v12.vhd sub02/vhpl254 1459575402
EN computer_entity_423aa40c4b NULL C:/Users/Adithya/Desktop/Nand2tetriswork/Nand_2_Tetris_V12_Fun_31_3_2016/Dino_animate_jump/keyboard_dino_computer_v12.vhd sub02/vhpl294 1459575442
EN constant_f488b54643 NULL C:/Users/Adithya/Desktop/Nand2tetriswork/Nand_2_Tetris_V12_Fun_31_3_2016/Dino_animate_jump/keyboard_dino_computer_v12.vhd sub01/vhpl160 1459575308
EN addsb_11_0_f285ddf23084f166 NULL C:/Users/Adithya/Desktop/Nand2tetriswork/Nand_2_Tetris_V12_Fun_31_3_2016/Dino_animate_jump/keyboard_dino_computer_v12.vhd sub00/vhpl04 1459575152
EN xlusamp NULL C:/Users/Adithya/Desktop/Nand2tetriswork/Nand_2_Tetris_V12_Fun_31_3_2016/Dino_animate_jump/keyboard_dino_computer_v12.vhd sub00/vhpl36 1459575184
EN keyboard_dino_computer_v12_cw NULL C:/Users/Adithya/Desktop/Nand2tetriswork/Nand_2_Tetris_V12_Fun_31_3_2016/Dino_animate_jump/keyboard_dino_computer_v12_cw.vhd sub03/vhpl326 1459575474
AR xor_entity_e86b1d8e23 structural C:/Users/Adithya/Desktop/Nand2tetriswork/Nand_2_Tetris_V12_Fun_31_3_2016/Dino_animate_jump/keyboard_dino_computer_v12.vhd sub02/vhpl243 1459575391
AR or_6_way_entity_2425b629e6 structural C:/Users/Adithya/Desktop/Nand2tetriswork/Nand_2_Tetris_V12_Fun_31_3_2016/Dino_animate_jump/keyboard_dino_computer_v12.vhd sub02/vhpl269 1459575417
EN constant_c3074fb6dc NULL C:/Users/Adithya/Desktop/Nand2tetriswork/Nand_2_Tetris_V12_Fun_31_3_2016/Dino_animate_jump/keyboard_dino_computer_v12.vhd sub01/vhpl124 1459575272
EN not_entity_750f1f8f15 NULL C:/Users/Adithya/Desktop/Nand2tetriswork/Nand_2_Tetris_V12_Fun_31_3_2016/Dino_animate_jump/keyboard_dino_computer_v12.vhd sub02/vhpl220 1459575368
EN mux_c146d55ebf NULL C:/Users/Adithya/Desktop/Nand2tetriswork/Nand_2_Tetris_V12_Fun_31_3_2016/Dino_animate_jump/keyboard_dino_computer_v12.vhd sub01/vhpl170 1459575318
AR mux_f9c0f11a18 behavior C:/Users/Adithya/Desktop/Nand2tetriswork/Nand_2_Tetris_V12_Fun_31_3_2016/Dino_animate_jump/keyboard_dino_computer_v12.vhd sub01/vhpl173 1459575321
EN counter_e54d511037 NULL C:/Users/Adithya/Desktop/Nand2tetriswork/Nand_2_Tetris_V12_Fun_31_3_2016/Dino_animate_jump/keyboard_dino_computer_v12.vhd sub01/vhpl198 1459575346
EN constant_5f7a25b1ee NULL C:/Users/Adithya/Desktop/Nand2tetriswork/Nand_2_Tetris_V12_Fun_31_3_2016/Dino_animate_jump/keyboard_dino_computer_v12.vhd sub00/vhpl66 1459575214
EN neg_edge_detector_entity_dd90f67520 NULL C:/Users/Adithya/Desktop/Nand2tetriswork/Nand_2_Tetris_V12_Fun_31_3_2016/Dino_animate_jump/keyboard_dino_computer_v12.vhd sub02/vhpl296 1459575444
AR x16_register1_entity_785fb9ec27 structural C:/Users/Adithya/Desktop/Nand2tetriswork/Nand_2_Tetris_V12_Fun_31_3_2016/Dino_animate_jump/keyboard_dino_computer_v12.vhd sub02/vhpl233 1459575381
EN cmlt_11_2_f2e902bf2e24e565 NULL C:/Users/Adithya/Desktop/Nand2tetriswork/Nand_2_Tetris_V12_Fun_31_3_2016/Dino_animate_jump/keyboard_dino_computer_v12.vhd sub00/vhpl14 1459575162
AR addsb_11_0_f285ddf23084f166 addsb_11_0_f285ddf23084f166_a C:/Users/Adithya/Desktop/Nand2tetriswork/Nand_2_Tetris_V12_Fun_31_3_2016/Dino_animate_jump/keyboard_dino_computer_v12.vhd sub00/vhpl05 1459575153
AR delay_4246ea65a9 behavior C:/Users/Adithya/Desktop/Nand2tetriswork/Nand_2_Tetris_V12_Fun_31_3_2016/Dino_animate_jump/keyboard_dino_computer_v12.vhd sub00/vhpl57 1459575205
EN concat_3425f785d1 NULL C:/Users/Adithya/Desktop/Nand2tetriswork/Nand_2_Tetris_V12_Fun_31_3_2016/Dino_animate_jump/keyboard_dino_computer_v12.vhd sub00/vhpl52 1459575200
AR subsystem2_entity_e91ba37901 structural C:/Users/Adithya/Desktop/Nand2tetriswork/Nand_2_Tetris_V12_Fun_31_3_2016/Dino_animate_jump/keyboard_dino_computer_v12.vhd sub03/vhpl317 1459575465
AR keyboard_dino_computer_v12_cw structural C:/Users/Adithya/Desktop/Nand2tetriswork/Nand_2_Tetris_V12_Fun_31_3_2016/Dino_animate_jump/keyboard_dino_computer_v12_cw.vhd sub03/vhpl327 1459575475
AR half_adder_entity_ecad446fd2 structural C:/Users/Adithya/Desktop/Nand2tetriswork/Nand_2_Tetris_V12_Fun_31_3_2016/Dino_animate_jump/keyboard_dino_computer_v12.vhd sub02/vhpl249 1459575397
AR x16_or_entity_2effd3130b structural C:/Users/Adithya/Desktop/Nand2tetriswork/Nand_2_Tetris_V12_Fun_31_3_2016/Dino_animate_jump/keyboard_dino_computer_v12.vhd sub02/vhpl227 1459575375
AR relational_96bdb515d9 behavior C:/Users/Adithya/Desktop/Nand2tetriswork/Nand_2_Tetris_V12_Fun_31_3_2016/Dino_animate_jump/keyboard_dino_computer_v12.vhd sub00/vhpl79 1459575227
EN constant_4b543782ed NULL C:/Users/Adithya/Desktop/Nand2tetriswork/Nand_2_Tetris_V12_Fun_31_3_2016/Dino_animate_jump/keyboard_dino_computer_v12.vhd sub01/vhpl186 1459575334
AR x16_2_1_mux1_entity_8b394cc3d5 structural C:/Users/Adithya/Desktop/Nand2tetriswork/Nand_2_Tetris_V12_Fun_31_3_2016/Dino_animate_jump/keyboard_dino_computer_v12.vhd sub02/vhpl229 1459575377
EN in_feeder1_entity_d766244da4 NULL C:/Users/Adithya/Desktop/Nand2tetriswork/Nand_2_Tetris_V12_Fun_31_3_2016/Dino_animate_jump/keyboard_dino_computer_v12.vhd sub02/vhpl258 1459575406
EN constant_a629aefb53 NULL C:/Users/Adithya/Desktop/Nand2tetriswork/Nand_2_Tetris_V12_Fun_31_3_2016/Dino_animate_jump/keyboard_dino_computer_v12.vhd sub01/vhpl120 1459575268
AR clk_80_ns_entity_35b48227f5 structural C:/Users/Adithya/Desktop/Nand2tetriswork/Nand_2_Tetris_V12_Fun_31_3_2016/Dino_animate_jump/keyboard_dino_computer_v12.vhd sub02/vhpl207 1459575355
EN decoder_entity_583a0717df NULL C:/Users/Adithya/Desktop/Nand2tetriswork/Nand_2_Tetris_V12_Fun_31_3_2016/Dino_animate_jump/keyboard_dino_computer_v12.vhd sub02/vhpl286 1459575434
AR constant_3a9a3daeb9 behavior C:/Users/Adithya/Desktop/Nand2tetriswork/Nand_2_Tetris_V12_Fun_31_3_2016/Dino_animate_jump/keyboard_dino_computer_v12.vhd sub01/vhpl135 1459575283
EN x16_2_1_mux2_entity_d3afe5ca28 NULL C:/Users/Adithya/Desktop/Nand2tetriswork/Nand_2_Tetris_V12_Fun_31_3_2016/Dino_animate_jump/keyboard_dino_computer_v12.vhd sub02/vhpl238 1459575386
AR key_write_send_entity_224cdad073 structural C:/Users/Adithya/Desktop/Nand2tetriswork/Nand_2_Tetris_V12_Fun_31_3_2016/Dino_animate_jump/keyboard_dino_computer_v12.vhd sub03/vhpl301 1459575449
AR constant_67ad97ca70 behavior C:/Users/Adithya/Desktop/Nand2tetriswork/Nand_2_Tetris_V12_Fun_31_3_2016/Dino_animate_jump/keyboard_dino_computer_v12.vhd sub01/vhpl103 1459575251
EN addsb_11_0_ba8da5a9ceeb6963 NULL C:/Users/Adithya/Desktop/Nand2tetriswork/Nand_2_Tetris_V12_Fun_31_3_2016/Dino_animate_jump/keyboard_dino_computer_v12.vhd sub00/vhpl00 1459575148
EN constant_f6f157f01e NULL C:/Users/Adithya/Desktop/Nand2tetriswork/Nand_2_Tetris_V12_Fun_31_3_2016/Dino_animate_jump/keyboard_dino_computer_v12.vhd sub01/vhpl162 1459575310
EN relational_6dfa374756 NULL C:/Users/Adithya/Desktop/Nand2tetriswork/Nand_2_Tetris_V12_Fun_31_3_2016/Dino_animate_jump/keyboard_dino_computer_v12.vhd sub01/vhpl176 1459575324
AR constant_06590e4008 behavior C:/Users/Adithya/Desktop/Nand2tetriswork/Nand_2_Tetris_V12_Fun_31_3_2016/Dino_animate_jump/keyboard_dino_computer_v12.vhd sub01/vhpl131 1459575279
AR relational_2147430058 behavior C:/Users/Adithya/Desktop/Nand2tetriswork/Nand_2_Tetris_V12_Fun_31_3_2016/Dino_animate_jump/keyboard_dino_computer_v12.vhd sub01/vhpl175 1459575323
EN constant_b9c7b532a5 NULL C:/Users/Adithya/Desktop/Nand2tetriswork/Nand_2_Tetris_V12_Fun_31_3_2016/Dino_animate_jump/keyboard_dino_computer_v12.vhd sub02/vhpl200 1459575348
AR pc1_entity_dbbd322016 structural C:/Users/Adithya/Desktop/Nand2tetriswork/Nand_2_Tetris_V12_Fun_31_3_2016/Dino_animate_jump/keyboard_dino_computer_v12.vhd sub02/vhpl291 1459575439
EN relational_6dad3a03fc NULL C:/Users/Adithya/Desktop/Nand2tetriswork/Nand_2_Tetris_V12_Fun_31_3_2016/Dino_animate_jump/keyboard_dino_computer_v12.vhd sub01/vhpl114 1459575262
AR xldelay behavior C:/Users/Adithya/Desktop/Nand2tetriswork/Nand_2_Tetris_V12_Fun_31_3_2016/Dino_animate_jump/keyboard_dino_computer_v12.vhd sub00/vhpl51 1459575199
AR constant_2c80e0cf34 behavior C:/Users/Adithya/Desktop/Nand2tetriswork/Nand_2_Tetris_V12_Fun_31_3_2016/Dino_animate_jump/keyboard_dino_computer_v12.vhd sub01/vhpl197 1459575345
AR x16_adder_entity_8faba9948c structural C:/Users/Adithya/Desktop/Nand2tetriswork/Nand_2_Tetris_V12_Fun_31_3_2016/Dino_animate_jump/keyboard_dino_computer_v12.vhd sub02/vhpl251 1459575399
EN constant_2c80e0cf34 NULL C:/Users/Adithya/Desktop/Nand2tetriswork/Nand_2_Tetris_V12_Fun_31_3_2016/Dino_animate_jump/keyboard_dino_computer_v12.vhd sub01/vhpl196 1459575344
EN cpu_entity_010c49f8f4 NULL C:/Users/Adithya/Desktop/Nand2tetriswork/Nand_2_Tetris_V12_Fun_31_3_2016/Dino_animate_jump/keyboard_dino_computer_v12.vhd sub02/vhpl292 1459575440
EN logical_aacf6e1b0e NULL C:/Users/Adithya/Desktop/Nand2tetriswork/Nand_2_Tetris_V12_Fun_31_3_2016/Dino_animate_jump/keyboard_dino_computer_v12.vhd sub00/vhpl90 1459575238
AR logic_entity_bda62ec9e3 structural C:/Users/Adithya/Desktop/Nand2tetriswork/Nand_2_Tetris_V12_Fun_31_3_2016/Dino_animate_jump/keyboard_dino_computer_v12.vhd sub02/vhpl267 1459575415
AR constant_b9c7b532a5 behavior C:/Users/Adithya/Desktop/Nand2tetriswork/Nand_2_Tetris_V12_Fun_31_3_2016/Dino_animate_jump/keyboard_dino_computer_v12.vhd sub02/vhpl201 1459575349
EN dmg_72_a855b3c96ef0620d NULL C:/Users/Adithya/Desktop/Nand2tetriswork/Nand_2_Tetris_V12_Fun_31_3_2016/Dino_animate_jump/keyboard_dino_computer_v12.vhd sub03/vhpl328 1459575164
AR vga_driver_entity_731d9bfbd4 structural C:/Users/Adithya/Desktop/Nand2tetriswork/Nand_2_Tetris_V12_Fun_31_3_2016/Dino_animate_jump/keyboard_dino_computer_v12.vhd sub03/vhpl319 1459575467
EN constant_06590e4008 NULL C:/Users/Adithya/Desktop/Nand2tetriswork/Nand_2_Tetris_V12_Fun_31_3_2016/Dino_animate_jump/keyboard_dino_computer_v12.vhd sub01/vhpl130 1459575278
AR relational_d87b4c3e83 behavior C:/Users/Adithya/Desktop/Nand2tetriswork/Nand_2_Tetris_V12_Fun_31_3_2016/Dino_animate_jump/keyboard_dino_computer_v12.vhd sub01/vhpl147 1459575295
EN relational_5584813830 NULL C:/Users/Adithya/Desktop/Nand2tetriswork/Nand_2_Tetris_V12_Fun_31_3_2016/Dino_animate_jump/keyboard_dino_computer_v12.vhd sub00/vhpl76 1459575224
EN xlconvert NULL C:/Users/Adithya/Desktop/Nand2tetriswork/Nand_2_Tetris_V12_Fun_31_3_2016/Dino_animate_jump/keyboard_dino_computer_v12.vhd sub00/vhpl32 1459575180
AR constant_36270b4c8f behavior C:/Users/Adithya/Desktop/Nand2tetriswork/Nand_2_Tetris_V12_Fun_31_3_2016/Dino_animate_jump/keyboard_dino_computer_v12.vhd sub01/vhpl157 1459575305
AR constant_5ca7b209b4 behavior C:/Users/Adithya/Desktop/Nand2tetriswork/Nand_2_Tetris_V12_Fun_31_3_2016/Dino_animate_jump/keyboard_dino_computer_v12.vhd sub01/vhpl195 1459575343
AR clk_sel_entity_c42c01b52e structural C:/Users/Adithya/Desktop/Nand2tetriswork/Nand_2_Tetris_V12_Fun_31_3_2016/Dino_animate_jump/keyboard_dino_computer_v12.vhd sub02/vhpl209 1459575357
AR bmg_72_e8fe9883cd15d256 bmg_72_e8fe9883cd15d256_a C:/Users/Adithya/Desktop/Nand2tetriswork/Nand_2_Tetris_V12_Fun_31_3_2016/Dino_animate_jump/keyboard_dino_computer_v12.vhd sub00/vhpl09 1459575157
EN keyboard_driver_entity_219ad70251 NULL C:/Users/Adithya/Desktop/Nand2tetriswork/Nand_2_Tetris_V12_Fun_31_3_2016/Dino_animate_jump/keyboard_dino_computer_v12.vhd sub03/vhpl310 1459575458
AR constant_469094441c behavior C:/Users/Adithya/Desktop/Nand2tetriswork/Nand_2_Tetris_V12_Fun_31_3_2016/Dino_animate_jump/keyboard_dino_computer_v12.vhd sub01/vhpl137 1459575285
EN synth_reg_reg NULL C:/Users/Adithya/Desktop/Nand2tetriswork/Nand_2_Tetris_V12_Fun_31_3_2016/Dino_animate_jump/keyboard_dino_computer_v12.vhd sub00/vhpl24 1459575172
AR dmg_72_a855b3c96ef0620d dmg_72_a855b3c96ef0620d_a C:/Users/Adithya/Desktop/Nand2tetriswork/Nand_2_Tetris_V12_Fun_31_3_2016/Dino_animate_jump/keyboard_dino_computer_v12.vhd sub03/vhpl329 1459575165
AR constant_91ef1678ca behavior C:/Users/Adithya/Desktop/Nand2tetriswork/Nand_2_Tetris_V12_Fun_31_3_2016/Dino_animate_jump/keyboard_dino_computer_v12.vhd sub00/vhpl97 1459575245
EN d_flipflop NULL C:/Users/Adithya/Desktop/Nand2tetriswork/Nand_2_Tetris_V12_Fun_31_3_2016/Dino_animate_jump/keyboard_dino_computer_v12.vhd sub00/vhpl42 1459575190
AR subsystem2_entity_ecc10a61ee structural C:/Users/Adithya/Desktop/Nand2tetriswork/Nand_2_Tetris_V12_Fun_31_3_2016/Dino_animate_jump/keyboard_dino_computer_v12.vhd sub02/vhpl279 1459575427
EN constant_566137e191 NULL C:/Users/Adithya/Desktop/Nand2tetriswork/Nand_2_Tetris_V12_Fun_31_3_2016/Dino_animate_jump/keyboard_dino_computer_v12.vhd sub00/vhpl88 1459575236
EN inverter_e5b38cca3b NULL C:/Users/Adithya/Desktop/Nand2tetriswork/Nand_2_Tetris_V12_Fun_31_3_2016/Dino_animate_jump/keyboard_dino_computer_v12.vhd sub00/vhpl82 1459575230
AR counter_405872354b behavior C:/Users/Adithya/Desktop/Nand2tetriswork/Nand_2_Tetris_V12_Fun_31_3_2016/Dino_animate_jump/keyboard_dino_computer_v12.vhd sub01/vhpl167 1459575315
AR in_feeder1_entity_d766244da4 structural C:/Users/Adithya/Desktop/Nand2tetriswork/Nand_2_Tetris_V12_Fun_31_3_2016/Dino_animate_jump/keyboard_dino_computer_v12.vhd sub02/vhpl259 1459575407
AR full_adder14_entity_cb5f3fd809 structural C:/Users/Adithya/Desktop/Nand2tetriswork/Nand_2_Tetris_V12_Fun_31_3_2016/Dino_animate_jump/keyboard_dino_computer_v12.vhd sub02/vhpl247 1459575395
AR constant_e8ddc079e9 behavior C:/Users/Adithya/Desktop/Nand2tetriswork/Nand_2_Tetris_V12_Fun_31_3_2016/Dino_animate_jump/keyboard_dino_computer_v12.vhd sub01/vhpl133 1459575281
EN constant_5c1626e05e NULL C:/Users/Adithya/Desktop/Nand2tetriswork/Nand_2_Tetris_V12_Fun_31_3_2016/Dino_animate_jump/keyboard_dino_computer_v12.vhd sub01/vhpl122 1459575270
EN x16_4_1_mux1_entity_4bdea7359e NULL C:/Users/Adithya/Desktop/Nand2tetriswork/Nand_2_Tetris_V12_Fun_31_3_2016/Dino_animate_jump/keyboard_dino_computer_v12.vhd sub02/vhpl240 1459575388
AR nand_entity_00c8ebf63f structural C:/Users/Adithya/Desktop/Nand2tetriswork/Nand_2_Tetris_V12_Fun_31_3_2016/Dino_animate_jump/keyboard_dino_computer_v12.vhd sub02/vhpl211 1459575359
EN and1_entity_13c07394a5 NULL C:/Users/Adithya/Desktop/Nand2tetriswork/Nand_2_Tetris_V12_Fun_31_3_2016/Dino_animate_jump/keyboard_dino_computer_v12.vhd sub02/vhpl214 1459575362
AR relational_469cc61240 behavior C:/Users/Adithya/Desktop/Nand2tetriswork/Nand_2_Tetris_V12_Fun_31_3_2016/Dino_animate_jump/keyboard_dino_computer_v12.vhd sub01/vhpl179 1459575327
EN constant_c462ec0feb NULL C:/Users/Adithya/Desktop/Nand2tetriswork/Nand_2_Tetris_V12_Fun_31_3_2016/Dino_animate_jump/keyboard_dino_computer_v12.vhd sub00/vhpl68 1459575216
AR xlregister behavior C:/Users/Adithya/Desktop/Nand2tetriswork/Nand_2_Tetris_V12_Fun_31_3_2016/Dino_animate_jump/keyboard_dino_computer_v12.vhd sub00/vhpl87 1459575235
EN clk_2_sec_entity_4134bbad8f NULL C:/Users/Adithya/Desktop/Nand2tetriswork/Nand_2_Tetris_V12_Fun_31_3_2016/Dino_animate_jump/keyboard_dino_computer_v12.vhd sub02/vhpl204 1459575352
EN x16_2_1_mux_entity_558af82336 NULL C:/Users/Adithya/Desktop/Nand2tetriswork/Nand_2_Tetris_V12_Fun_31_3_2016/Dino_animate_jump/keyboard_dino_computer_v12.vhd sub02/vhpl282 1459575430
EN mux_897e616d40 NULL C:/Users/Adithya/Desktop/Nand2tetriswork/Nand_2_Tetris_V12_Fun_31_3_2016/Dino_animate_jump/keyboard_dino_computer_v12.vhd sub01/vhpl112 1459575260
EN relational_65e1e2b39e NULL C:/Users/Adithya/Desktop/Nand2tetriswork/Nand_2_Tetris_V12_Fun_31_3_2016/Dino_animate_jump/keyboard_dino_computer_v12.vhd sub01/vhpl180 1459575328
EN constant_963ed6358a NULL C:/Users/Adithya/Desktop/Nand2tetriswork/Nand_2_Tetris_V12_Fun_31_3_2016/Dino_animate_jump/keyboard_dino_computer_v12.vhd sub00/vhpl44 1459575192
EN constant_9f5572ba51 NULL C:/Users/Adithya/Desktop/Nand2tetriswork/Nand_2_Tetris_V12_Fun_31_3_2016/Dino_animate_jump/keyboard_dino_computer_v12.vhd sub00/vhpl62 1459575210
AR not_entity_750f1f8f15 structural C:/Users/Adithya/Desktop/Nand2tetriswork/Nand_2_Tetris_V12_Fun_31_3_2016/Dino_animate_jump/keyboard_dino_computer_v12.vhd sub02/vhpl221 1459575369
EN pc1_entity_dbbd322016 NULL C:/Users/Adithya/Desktop/Nand2tetriswork/Nand_2_Tetris_V12_Fun_31_3_2016/Dino_animate_jump/keyboard_dino_computer_v12.vhd sub02/vhpl290 1459575438
EN vga_driver_entity_731d9bfbd4 NULL C:/Users/Adithya/Desktop/Nand2tetriswork/Nand_2_Tetris_V12_Fun_31_3_2016/Dino_animate_jump/keyboard_dino_computer_v12.vhd sub03/vhpl318 1459575466
EN relational_c7182f92c9 NULL C:/Users/Adithya/Desktop/Nand2tetriswork/Nand_2_Tetris_V12_Fun_31_3_2016/Dino_animate_jump/keyboard_dino_computer_v12.vhd sub01/vhpl144 1459575292
EN delay_4246ea65a9 NULL C:/Users/Adithya/Desktop/Nand2tetriswork/Nand_2_Tetris_V12_Fun_31_3_2016/Dino_animate_jump/keyboard_dino_computer_v12.vhd sub00/vhpl56 1459575204
AR relational_4d3cfceaf4 behavior C:/Users/Adithya/Desktop/Nand2tetriswork/Nand_2_Tetris_V12_Fun_31_3_2016/Dino_animate_jump/keyboard_dino_computer_v12.vhd sub01/vhpl107 1459575255
AR relational_7a7af7b80d behavior C:/Users/Adithya/Desktop/Nand2tetriswork/Nand_2_Tetris_V12_Fun_31_3_2016/Dino_animate_jump/keyboard_dino_computer_v12.vhd sub00/vhpl81 1459575229
EN subsystem2_entity_ecc10a61ee NULL C:/Users/Adithya/Desktop/Nand2tetriswork/Nand_2_Tetris_V12_Fun_31_3_2016/Dino_animate_jump/keyboard_dino_computer_v12.vhd sub02/vhpl278 1459575426
AR clk_2_sec_entity_4134bbad8f structural C:/Users/Adithya/Desktop/Nand2tetriswork/Nand_2_Tetris_V12_Fun_31_3_2016/Dino_animate_jump/keyboard_dino_computer_v12.vhd sub02/vhpl205 1459575353
AR constant_8da2a4ce8a behavior C:/Users/Adithya/Desktop/Nand2tetriswork/Nand_2_Tetris_V12_Fun_31_3_2016/Dino_animate_jump/keyboard_dino_computer_v12.vhd sub02/vhpl203 1459575351
EN \pos_edge_detector__en_entity_24d070df10\ NULL C:/Users/Adithya/Desktop/Nand2tetriswork/Nand_2_Tetris_V12_Fun_31_3_2016/Dino_animate_jump/keyboard_dino_computer_v12.vhd sub03/vhpl302 1459575450
AR synth_reg_w_init structural C:/Users/Adithya/Desktop/Nand2tetriswork/Nand_2_Tetris_V12_Fun_31_3_2016/Dino_animate_jump/keyboard_dino_computer_v12.vhd sub00/vhpl29 1459575177
EN bmg_72_e8fe9883cd15d256 NULL C:/Users/Adithya/Desktop/Nand2tetriswork/Nand_2_Tetris_V12_Fun_31_3_2016/Dino_animate_jump/keyboard_dino_computer_v12.vhd sub00/vhpl08 1459575156
EN srl17e NULL C:/Users/Adithya/Desktop/Nand2tetriswork/Nand_2_Tetris_V12_Fun_31_3_2016/Dino_animate_jump/keyboard_dino_computer_v12.vhd sub00/vhpl20 1459575168
EN constant_67ad97ca70 NULL C:/Users/Adithya/Desktop/Nand2tetriswork/Nand_2_Tetris_V12_Fun_31_3_2016/Dino_animate_jump/keyboard_dino_computer_v12.vhd sub01/vhpl102 1459575250
AR d_flipflop behavioral C:/Users/Adithya/Desktop/Nand2tetriswork/Nand_2_Tetris_V12_Fun_31_3_2016/Dino_animate_jump/keyboard_dino_computer_v12.vhd sub00/vhpl43 1459575191
EN xls2p NULL C:/Users/Adithya/Desktop/Nand2tetriswork/Nand_2_Tetris_V12_Fun_31_3_2016/Dino_animate_jump/keyboard_dino_computer_v12.vhd sub01/vhpl116 1459575264
EN constant_e25c15316f NULL C:/Users/Adithya/Desktop/Nand2tetriswork/Nand_2_Tetris_V12_Fun_31_3_2016/Dino_animate_jump/keyboard_dino_computer_v12.vhd sub01/vhpl154 1459575302
AR \pos_edge_detector__key_write_enable_entity_a733324730\ structural C:/Users/Adithya/Desktop/Nand2tetriswork/Nand_2_Tetris_V12_Fun_31_3_2016/Dino_animate_jump/keyboard_dino_computer_v12.vhd sub02/vhpl299 1459575447
EN constant_c9d627f634 NULL C:/Users/Adithya/Desktop/Nand2tetriswork/Nand_2_Tetris_V12_Fun_31_3_2016/Dino_animate_jump/keyboard_dino_computer_v12.vhd sub01/vhpl158 1459575306
EN half_adder_entity_ecad446fd2 NULL C:/Users/Adithya/Desktop/Nand2tetriswork/Nand_2_Tetris_V12_Fun_31_3_2016/Dino_animate_jump/keyboard_dino_computer_v12.vhd sub02/vhpl248 1459575396
AR xlclockdriver behavior C:/Users/Adithya/Desktop/Nand2tetriswork/Nand_2_Tetris_V12_Fun_31_3_2016/Dino_animate_jump/keyboard_dino_computer_v12_cw.vhd sub03/vhpl323 1459575471
EN xlregister NULL C:/Users/Adithya/Desktop/Nand2tetriswork/Nand_2_Tetris_V12_Fun_31_3_2016/Dino_animate_jump/keyboard_dino_computer_v12.vhd sub00/vhpl86 1459575234
AR relational_5584813830 behavior C:/Users/Adithya/Desktop/Nand2tetriswork/Nand_2_Tetris_V12_Fun_31_3_2016/Dino_animate_jump/keyboard_dino_computer_v12.vhd sub00/vhpl77 1459575225
AR x16_2_1_mux2_entity_d3afe5ca28 structural C:/Users/Adithya/Desktop/Nand2tetriswork/Nand_2_Tetris_V12_Fun_31_3_2016/Dino_animate_jump/keyboard_dino_computer_v12.vhd sub02/vhpl239 1459575387
AR x8_register_entity_c6b1802f67 structural C:/Users/Adithya/Desktop/Nand2tetriswork/Nand_2_Tetris_V12_Fun_31_3_2016/Dino_animate_jump/keyboard_dino_computer_v12.vhd sub02/vhpl231 1459575379
EN constant_4e64dfaf34 NULL C:/Users/Adithya/Desktop/Nand2tetriswork/Nand_2_Tetris_V12_Fun_31_3_2016/Dino_animate_jump/keyboard_dino_computer_v12.vhd sub01/vhpl138 1459575286
EN constant_498bc68c14 NULL C:/Users/Adithya/Desktop/Nand2tetriswork/Nand_2_Tetris_V12_Fun_31_3_2016/Dino_animate_jump/keyboard_dino_computer_v12.vhd sub00/vhpl60 1459575208
AR xlslice behavior C:/Users/Adithya/Desktop/Nand2tetriswork/Nand_2_Tetris_V12_Fun_31_3_2016/Dino_animate_jump/keyboard_dino_computer_v12.vhd sub00/vhpl47 1459575195
AR constant_3b201e2f77 behavior C:/Users/Adithya/Desktop/Nand2tetriswork/Nand_2_Tetris_V12_Fun_31_3_2016/Dino_animate_jump/keyboard_dino_computer_v12.vhd sub01/vhpl193 1459575341
EN x16_and1_entity_678c19c187 NULL C:/Users/Adithya/Desktop/Nand2tetriswork/Nand_2_Tetris_V12_Fun_31_3_2016/Dino_animate_jump/keyboard_dino_computer_v12.vhd sub02/vhpl218 1459575366
EN or_entity_247ef195fa NULL C:/Users/Adithya/Desktop/Nand2tetriswork/Nand_2_Tetris_V12_Fun_31_3_2016/Dino_animate_jump/keyboard_dino_computer_v12.vhd sub02/vhpl224 1459575372
AR xldpram_dist_keyboard_dino_computer_v12 behavior C:/Users/Adithya/Desktop/Nand2tetriswork/Nand_2_Tetris_V12_Fun_31_3_2016/Dino_animate_jump/keyboard_dino_computer_v12.vhd sub00/vhpl71 1459575219
AR subsystem1_entity_a1cba87a2f structural C:/Users/Adithya/Desktop/Nand2tetriswork/Nand_2_Tetris_V12_Fun_31_3_2016/Dino_animate_jump/keyboard_dino_computer_v12.vhd sub02/vhpl277 1459575425
AR constant_f6f157f01e behavior C:/Users/Adithya/Desktop/Nand2tetriswork/Nand_2_Tetris_V12_Fun_31_3_2016/Dino_animate_jump/keyboard_dino_computer_v12.vhd sub01/vhpl163 1459575311
AR relational_6dad3a03fc behavior C:/Users/Adithya/Desktop/Nand2tetriswork/Nand_2_Tetris_V12_Fun_31_3_2016/Dino_animate_jump/keyboard_dino_computer_v12.vhd sub01/vhpl115 1459575263
PH conv_pkg NULL C:/Users/Adithya/Desktop/Nand2tetriswork/Nand_2_Tetris_V12_Fun_31_3_2016/Dino_animate_jump/keyboard_dino_computer_v12.vhd sub00/vhpl18 1459575166
EN x16_and_entity_0bf56c0a02 NULL C:/Users/Adithya/Desktop/Nand2tetriswork/Nand_2_Tetris_V12_Fun_31_3_2016/Dino_animate_jump/keyboard_dino_computer_v12.vhd sub02/vhpl234 1459575382
EN xladdsub_keyboard_dino_computer_v12 NULL C:/Users/Adithya/Desktop/Nand2tetriswork/Nand_2_Tetris_V12_Fun_31_3_2016/Dino_animate_jump/keyboard_dino_computer_v12.vhd sub00/vhpl58 1459575206
AR single_reg_w_init structural C:/Users/Adithya/Desktop/Nand2tetriswork/Nand_2_Tetris_V12_Fun_31_3_2016/Dino_animate_jump/keyboard_dino_computer_v12.vhd sub00/vhpl27 1459575175
AR or_entity_247ef195fa structural C:/Users/Adithya/Desktop/Nand2tetriswork/Nand_2_Tetris_V12_Fun_31_3_2016/Dino_animate_jump/keyboard_dino_computer_v12.vhd sub02/vhpl225 1459575373
EN relational_d87b4c3e83 NULL C:/Users/Adithya/Desktop/Nand2tetriswork/Nand_2_Tetris_V12_Fun_31_3_2016/Dino_animate_jump/keyboard_dino_computer_v12.vhd sub01/vhpl146 1459575294
EN delay_f15aea770d NULL C:/Users/Adithya/Desktop/Nand2tetriswork/Nand_2_Tetris_V12_Fun_31_3_2016/Dino_animate_jump/keyboard_dino_computer_v12.vhd sub00/vhpl54 1459575202
EN logical_80f90b97d0 NULL C:/Users/Adithya/Desktop/Nand2tetriswork/Nand_2_Tetris_V12_Fun_31_3_2016/Dino_animate_jump/keyboard_dino_computer_v12.vhd sub00/vhpl74 1459575222
AR default_clock_driver_keyboard_dino_computer_v12 structural C:/Users/Adithya/Desktop/Nand2tetriswork/Nand_2_Tetris_V12_Fun_31_3_2016/Dino_animate_jump/keyboard_dino_computer_v12_cw.vhd sub03/vhpl325 1459575473
EN in_feeder1_entity_0e86ed550a NULL C:/Users/Adithya/Desktop/Nand2tetriswork/Nand_2_Tetris_V12_Fun_31_3_2016/Dino_animate_jump/keyboard_dino_computer_v12.vhd sub03/vhpl314 1459575462
AR logical_dfe2dded7f behavior C:/Users/Adithya/Desktop/Nand2tetriswork/Nand_2_Tetris_V12_Fun_31_3_2016/Dino_animate_jump/keyboard_dino_computer_v12.vhd sub00/vhpl85 1459575233
EN relational_dbe111ba13 NULL C:/Users/Adithya/Desktop/Nand2tetriswork/Nand_2_Tetris_V12_Fun_31_3_2016/Dino_animate_jump/keyboard_dino_computer_v12.vhd sub01/vhpl184 1459575332
EN in_feeder10_entity_ab0b42bce4 NULL C:/Users/Adithya/Desktop/Nand2tetriswork/Nand_2_Tetris_V12_Fun_31_3_2016/Dino_animate_jump/keyboard_dino_computer_v12.vhd sub02/vhpl260 1459575408
AR cmlt_11_2_e4c46939f284af86 cmlt_11_2_e4c46939f284af86_a C:/Users/Adithya/Desktop/Nand2tetriswork/Nand_2_Tetris_V12_Fun_31_3_2016/Dino_animate_jump/keyboard_dino_computer_v12.vhd sub00/vhpl13 1459575161
EN x16_not_entity_ea96ce0060 NULL C:/Users/Adithya/Desktop/Nand2tetriswork/Nand_2_Tetris_V12_Fun_31_3_2016/Dino_animate_jump/keyboard_dino_computer_v12.vhd sub02/vhpl252 1459575400
AR incrementer_entity_1bbcc7e63c structural C:/Users/Adithya/Desktop/Nand2tetriswork/Nand_2_Tetris_V12_Fun_31_3_2016/Dino_animate_jump/keyboard_dino_computer_v12.vhd sub02/vhpl289 1459575437
AR logical_bde51e424d behavior C:/Users/Adithya/Desktop/Nand2tetriswork/Nand_2_Tetris_V12_Fun_31_3_2016/Dino_animate_jump/keyboard_dino_computer_v12.vhd sub00/vhpl41 1459575189
EN constant_3524c8234f NULL C:/Users/Adithya/Desktop/Nand2tetriswork/Nand_2_Tetris_V12_Fun_31_3_2016/Dino_animate_jump/keyboard_dino_computer_v12.vhd sub00/vhpl64 1459575212
EN x16_2_1_mux1_entity_8b394cc3d5 NULL C:/Users/Adithya/Desktop/Nand2tetriswork/Nand_2_Tetris_V12_Fun_31_3_2016/Dino_animate_jump/keyboard_dino_computer_v12.vhd sub02/vhpl228 1459575376
EN x16_register1_entity_785fb9ec27 NULL C:/Users/Adithya/Desktop/Nand2tetriswork/Nand_2_Tetris_V12_Fun_31_3_2016/Dino_animate_jump/keyboard_dino_computer_v12.vhd sub02/vhpl232 1459575380
AR inverter_e5b38cca3b behavior C:/Users/Adithya/Desktop/Nand2tetriswork/Nand_2_Tetris_V12_Fun_31_3_2016/Dino_animate_jump/keyboard_dino_computer_v12.vhd sub00/vhpl83 1459575231
AR and1_entity_13c07394a5 structural C:/Users/Adithya/Desktop/Nand2tetriswork/Nand_2_Tetris_V12_Fun_31_3_2016/Dino_animate_jump/keyboard_dino_computer_v12.vhd sub02/vhpl215 1459575363
EN clk_sel_entity_c42c01b52e NULL C:/Users/Adithya/Desktop/Nand2tetriswork/Nand_2_Tetris_V12_Fun_31_3_2016/Dino_animate_jump/keyboard_dino_computer_v12.vhd sub02/vhpl208 1459575356
EN x6_and_entity_97af46e064 NULL C:/Users/Adithya/Desktop/Nand2tetriswork/Nand_2_Tetris_V12_Fun_31_3_2016/Dino_animate_jump/keyboard_dino_computer_v12.vhd sub02/vhpl264 1459575412
AR dmg_72_54dd9a817ac88f47 dmg_72_54dd9a817ac88f47_a C:/Users/Adithya/Desktop/Nand2tetriswork/Nand_2_Tetris_V12_Fun_31_3_2016/Dino_animate_jump/keyboard_dino_computer_v12.vhd sub00/vhpl17 1459573537
EN or_6_way_entity_2425b629e6 NULL C:/Users/Adithya/Desktop/Nand2tetriswork/Nand_2_Tetris_V12_Fun_31_3_2016/Dino_animate_jump/keyboard_dino_computer_v12.vhd sub02/vhpl268 1459575416
AR constant_3524c8234f behavior C:/Users/Adithya/Desktop/Nand2tetriswork/Nand_2_Tetris_V12_Fun_31_3_2016/Dino_animate_jump/keyboard_dino_computer_v12.vhd sub00/vhpl65 1459575213
EN single_reg_w_init NULL C:/Users/Adithya/Desktop/Nand2tetriswork/Nand_2_Tetris_V12_Fun_31_3_2016/Dino_animate_jump/keyboard_dino_computer_v12.vhd sub00/vhpl26 1459575174
EN constant_1d6ad1c713 NULL C:/Users/Adithya/Desktop/Nand2tetriswork/Nand_2_Tetris_V12_Fun_31_3_2016/Dino_animate_jump/keyboard_dino_computer_v12.vhd sub01/vhpl142 1459575290
AR constant_fac28d1ec7 behavior C:/Users/Adithya/Desktop/Nand2tetriswork/Nand_2_Tetris_V12_Fun_31_3_2016/Dino_animate_jump/keyboard_dino_computer_v12.vhd sub01/vhpl129 1459575277
AR concat_3425f785d1 behavior C:/Users/Adithya/Desktop/Nand2tetriswork/Nand_2_Tetris_V12_Fun_31_3_2016/Dino_animate_jump/keyboard_dino_computer_v12.vhd sub00/vhpl53 1459575201
AR x8_and_entity_f888b1471d structural C:/Users/Adithya/Desktop/Nand2tetriswork/Nand_2_Tetris_V12_Fun_31_3_2016/Dino_animate_jump/keyboard_dino_computer_v12.vhd sub03/vhpl313 1459575461
EN constant_3a9a3daeb9 NULL C:/Users/Adithya/Desktop/Nand2tetriswork/Nand_2_Tetris_V12_Fun_31_3_2016/Dino_animate_jump/keyboard_dino_computer_v12.vhd sub01/vhpl134 1459575282
AR x16_and1_entity_464f128a6a structural C:/Users/Adithya/Desktop/Nand2tetriswork/Nand_2_Tetris_V12_Fun_31_3_2016/Dino_animate_jump/keyboard_dino_computer_v12.vhd sub02/vhpl237 1459575385
EN key_write_send_entity_224cdad073 NULL C:/Users/Adithya/Desktop/Nand2tetriswork/Nand_2_Tetris_V12_Fun_31_3_2016/Dino_animate_jump/keyboard_dino_computer_v12.vhd sub03/vhpl300 1459575448
EN x16_or_entity_2effd3130b NULL C:/Users/Adithya/Desktop/Nand2tetriswork/Nand_2_Tetris_V12_Fun_31_3_2016/Dino_animate_jump/keyboard_dino_computer_v12.vhd sub02/vhpl226 1459575374
AR \digital_filter__ps2_c_entity_fec93e82de\ structural C:/Users/Adithya/Desktop/Nand2tetriswork/Nand_2_Tetris_V12_Fun_31_3_2016/Dino_animate_jump/keyboard_dino_computer_v12.vhd sub03/vhpl309 1459575457
AR relational_dbe111ba13 behavior C:/Users/Adithya/Desktop/Nand2tetriswork/Nand_2_Tetris_V12_Fun_31_3_2016/Dino_animate_jump/keyboard_dino_computer_v12.vhd sub01/vhpl185 1459575333
