C:\Users\Adithya\Desktop\Nand2tetriswork\Nand_2_Tetris_V12_Fun_31_3_2016\Dino_animate_jump\keyboard_dino_computer_v12_cw.ngc 1459575189
C:\Users\Adithya\Desktop\Nand2tetriswork\Nand_2_Tetris_V12_Fun_31_3_2016\Dino_animate_jump/xlpersistentdff.ngc 1459574522
C:\Users\Adithya\Desktop\Nand2tetriswork\Nand_2_Tetris_V12_Fun_31_3_2016\Dino_animate_jump/cmlt_11_2_f2e902bf2e24e565.ngc 1459130148
C:\Users\Adithya\Desktop\Nand2tetriswork\Nand_2_Tetris_V12_Fun_31_3_2016\Dino_animate_jump/bmg_72_e8fe9883cd15d256.ngc 1459129959
C:\Users\Adithya\Desktop\Nand2tetriswork\Nand_2_Tetris_V12_Fun_31_3_2016\Dino_animate_jump/cmlt_11_2_e4c46939f284af86.ngc 1459130081
C:\Users\Adithya\Desktop\Nand2tetriswork\Nand_2_Tetris_V12_Fun_31_3_2016\Dino_animate_jump/cmlt_11_2_a41d4032b042da44.ngc 1459130021
C:\Users\Adithya\Desktop\Nand2tetriswork\Nand_2_Tetris_V12_Fun_31_3_2016\Dino_animate_jump/addsb_11_0_dc180f3097483231.ngc 1459129746
C:\Users\Adithya\Desktop\Nand2tetriswork\Nand_2_Tetris_V12_Fun_31_3_2016\Dino_animate_jump/addsb_11_0_ba8da5a9ceeb6963.ngc 1459129684
C:\Users\Adithya\Desktop\Nand2tetriswork\Nand_2_Tetris_V12_Fun_31_3_2016\Dino_animate_jump/dmg_72_a855b3c96ef0620d.ngc 1459574990
C:\Users\Adithya\Desktop\Nand2tetriswork\Nand_2_Tetris_V12_Fun_31_3_2016\Dino_animate_jump/bmg_72_9feca0d304d5757b.ngc 1459129879
C:\Users\Adithya\Desktop\Nand2tetriswork\Nand_2_Tetris_V12_Fun_31_3_2016\Dino_animate_jump/addsb_11_0_f285ddf23084f166.ngc 1459129802
OK
